<?xml version="1.0" encoding="ISO-8859-1" ?>
<link_info>
   <banner>TI ARM Linker PC v20.2.5.LTS</banner>
   <copyright>Copyright (c) 1996-2018 Texas Instruments Incorporated</copyright>
   <link_time>0x64e8f3dc</link_time>
   <link_errors>0x0</link_errors>
   <output_file>Andrew_neural_recorder_PC_interface_v1.out</output_file>
   <entry_point>
      <name>_c_int00_noargs</name>
      <address>0x2815</address>
   </entry_point>
   <input_file_list>
      <input_file id="fl-2">
         <path>.\</path>
         <kind>object</kind>
         <file>main.obj</file>
         <name>main.obj</name>
      </input_file>
      <input_file id="fl-3">
         <path>.\</path>
         <kind>object</kind>
         <file>nrf24l01.obj</file>
         <name>nrf24l01.obj</name>
      </input_file>
      <input_file id="fl-4">
         <path>.\</path>
         <kind>object</kind>
         <file>spi.obj</file>
         <name>spi.obj</name>
      </input_file>
      <input_file id="fl-5">
         <path>.\</path>
         <kind>object</kind>
         <file>startup_ccs.obj</file>
         <name>startup_ccs.obj</name>
      </input_file>
      <input_file id="fl-6">
         <path>.\</path>
         <kind>object</kind>
         <file>usb_structs.obj</file>
         <name>usb_structs.obj</name>
      </input_file>
      <input_file id="fl-7">
         <path>.\</path>
         <kind>object</kind>
         <file>usbconfig.obj</file>
         <name>usbconfig.obj</name>
      </input_file>
      <input_file id="fl-8">
         <path>.\utils\</path>
         <kind>object</kind>
         <file>uartstdio.obj</file>
         <name>uartstdio.obj</name>
      </input_file>
      <input_file id="fl-9">
         <path>.\utils\</path>
         <kind>object</kind>
         <file>ustdlib.obj</file>
         <name>ustdlib.obj</name>
      </input_file>
      <input_file id="fl-f">
         <kind>object</kind>
         <file>&lt;internal&gt;</file>
         <name>&lt;internal&gt;</name>
      </input_file>
      <input_file id="fl-c5">
         <path>C:\ti\ccs1120\ccs\tools\compiler\ti-cgt-arm_20.2.5.LTS\lib\</path>
         <kind>archive</kind>
         <file>rtsv7M4_T_le_v4SPD16_eabi.lib</file>
         <name>u_divt2.asm.obj</name>
      </input_file>
      <input_file id="fl-c6">
         <path>C:\ti\ccs1120\ccs\tools\compiler\ti-cgt-arm_20.2.5.LTS\lib\</path>
         <kind>archive</kind>
         <file>rtsv7M4_T_le_v4SPD16_eabi.lib</file>
         <name>copy_zero_init.c.obj</name>
      </input_file>
      <input_file id="fl-c7">
         <path>C:\ti\ccs1120\ccs\tools\compiler\ti-cgt-arm_20.2.5.LTS\lib\</path>
         <kind>archive</kind>
         <file>rtsv7M4_T_le_v4SPD16_eabi.lib</file>
         <name>copy_decompress_none.c.obj</name>
      </input_file>
      <input_file id="fl-c8">
         <path>C:\ti\ccs1120\ccs\tools\compiler\ti-cgt-arm_20.2.5.LTS\lib\</path>
         <kind>archive</kind>
         <file>rtsv7M4_T_le_v4SPD16_eabi.lib</file>
         <name>copy_decompress_lzss.c.obj</name>
      </input_file>
      <input_file id="fl-c9">
         <path>C:\ti\ccs1120\ccs\tools\compiler\ti-cgt-arm_20.2.5.LTS\lib\</path>
         <kind>archive</kind>
         <file>rtsv7M4_T_le_v4SPD16_eabi.lib</file>
         <name>strlen.c.obj</name>
      </input_file>
      <input_file id="fl-ca">
         <path>C:\ti\ccs1120\ccs\tools\compiler\ti-cgt-arm_20.2.5.LTS\lib\</path>
         <kind>archive</kind>
         <file>rtsv7M4_T_le_v4SPD16_eabi.lib</file>
         <name>boot_cortex_m.c.obj</name>
      </input_file>
      <input_file id="fl-cb">
         <path>C:\ti\ccs1120\ccs\tools\compiler\ti-cgt-arm_20.2.5.LTS\lib\</path>
         <kind>archive</kind>
         <file>rtsv7M4_T_le_v4SPD16_eabi.lib</file>
         <name>div0.asm.obj</name>
      </input_file>
      <input_file id="fl-cc">
         <path>C:\ti\ccs1120\ccs\tools\compiler\ti-cgt-arm_20.2.5.LTS\lib\</path>
         <kind>archive</kind>
         <file>rtsv7M4_T_le_v4SPD16_eabi.lib</file>
         <name>memcpy_t2.asm.obj</name>
      </input_file>
      <input_file id="fl-cd">
         <path>C:\ti\ccs1120\ccs\tools\compiler\ti-cgt-arm_20.2.5.LTS\lib\</path>
         <kind>archive</kind>
         <file>rtsv7M4_T_le_v4SPD16_eabi.lib</file>
         <name>memset_t2.asm.obj</name>
      </input_file>
      <input_file id="fl-ce">
         <path>C:\ti\ccs1120\ccs\tools\compiler\ti-cgt-arm_20.2.5.LTS\lib\</path>
         <kind>archive</kind>
         <file>rtsv7M4_T_le_v4SPD16_eabi.lib</file>
         <name>autoinit.c.obj</name>
      </input_file>
      <input_file id="fl-cf">
         <path>C:\ti\ccs1120\ccs\tools\compiler\ti-cgt-arm_20.2.5.LTS\lib\</path>
         <kind>archive</kind>
         <file>rtsv7M4_T_le_v4SPD16_eabi.lib</file>
         <name>pre_init.c.obj</name>
      </input_file>
      <input_file id="fl-d0">
         <path>C:\ti\ccs1120\ccs\tools\compiler\ti-cgt-arm_20.2.5.LTS\lib\</path>
         <kind>archive</kind>
         <file>rtsv7M4_T_le_v4SPD16_eabi.lib</file>
         <name>cpy_tbl.c.obj</name>
      </input_file>
      <input_file id="fl-d1">
         <path>C:\ti\ccs1120\ccs\tools\compiler\ti-cgt-arm_20.2.5.LTS\lib\</path>
         <kind>archive</kind>
         <file>rtsv7M4_T_le_v4SPD16_eabi.lib</file>
         <name>exit.c.obj</name>
      </input_file>
      <input_file id="fl-d2">
         <path>C:\ti\ccs1120\ccs\tools\compiler\ti-cgt-arm_20.2.5.LTS\lib\</path>
         <kind>archive</kind>
         <file>rtsv7M4_T_le_v4SPD16_eabi.lib</file>
         <name>_lock.c.obj</name>
      </input_file>
      <input_file id="fl-d3">
         <path>C:\ti\ccs1120\ccs\tools\compiler\ti-cgt-arm_20.2.5.LTS\lib\</path>
         <kind>archive</kind>
         <file>rtsv7M4_T_le_v4SPD16_eabi.lib</file>
         <name>args_main.c.obj</name>
      </input_file>
      <input_file id="fl-d4">
         <path>C:\ti\TivaWare_C_Series-1.1\driverlib\ccs\Debug\</path>
         <kind>archive</kind>
         <file>driverlib.lib</file>
         <name>uart.obj</name>
      </input_file>
      <input_file id="fl-d5">
         <path>C:\ti\TivaWare_C_Series-1.1\driverlib\ccs\Debug\</path>
         <kind>archive</kind>
         <file>driverlib.lib</file>
         <name>ssi.obj</name>
      </input_file>
      <input_file id="fl-d6">
         <path>C:\ti\TivaWare_C_Series-1.1\driverlib\ccs\Debug\</path>
         <kind>archive</kind>
         <file>driverlib.lib</file>
         <name>interrupt.obj</name>
      </input_file>
      <input_file id="fl-d7">
         <path>C:\ti\TivaWare_C_Series-1.1\driverlib\ccs\Debug\</path>
         <kind>archive</kind>
         <file>driverlib.lib</file>
         <name>gpio.obj</name>
      </input_file>
      <input_file id="fl-d8">
         <path>C:\ti\TivaWare_C_Series-1.1\driverlib\ccs\Debug\</path>
         <kind>archive</kind>
         <file>driverlib.lib</file>
         <name>cpu.obj</name>
      </input_file>
      <input_file id="fl-d9">
         <path>C:\ti\TivaWare_C_Series-1.1\usblib\ccs\Debug\</path>
         <kind>archive</kind>
         <file>usblib.lib</file>
         <name>usbdhandler.obj</name>
      </input_file>
      <input_file id="fl-da">
         <path>C:\ti\TivaWare_C_Series-1.1\usblib\ccs\Debug\</path>
         <kind>archive</kind>
         <file>usblib.lib</file>
         <name>usbdenum.obj</name>
      </input_file>
      <input_file id="fl-db">
         <path>C:\ti\TivaWare_C_Series-1.1\usblib\ccs\Debug\</path>
         <kind>archive</kind>
         <file>usblib.lib</file>
         <name>usbdconfig.obj</name>
      </input_file>
      <input_file id="fl-dc">
         <path>C:\ti\TivaWare_C_Series-1.1\usblib\ccs\Debug\</path>
         <kind>archive</kind>
         <file>usblib.lib</file>
         <name>usbdcdesc.obj</name>
      </input_file>
      <input_file id="fl-dd">
         <path>C:\ti\TivaWare_C_Series-1.1\usblib\ccs\Debug\</path>
         <kind>archive</kind>
         <file>usblib.lib</file>
         <name>usbdcdc.obj</name>
      </input_file>
      <input_file id="fl-de">
         <path>C:\ti\TivaWare_C_Series-1.1\usblib\ccs\Debug\</path>
         <kind>archive</kind>
         <file>usblib.lib</file>
         <name>usbtick.obj</name>
      </input_file>
      <input_file id="fl-df">
         <path>C:\ti\TivaWare_C_Series-1.1\usblib\ccs\Debug\</path>
         <kind>archive</kind>
         <file>usblib.lib</file>
         <name>usbmode.obj</name>
      </input_file>
      <input_file id="fl-e0">
         <path>C:\ti\TivaWare_C_Series-1.1\usblib\ccs\Debug\</path>
         <kind>archive</kind>
         <file>usblib.lib</file>
         <name>usbdma.obj</name>
      </input_file>
      <input_file id="fl-e1">
         <path>C:\ti\TivaWare_C_Series-1.1\usblib\ccs\Debug\</path>
         <kind>archive</kind>
         <file>usblib.lib</file>
         <name>usbdesc.obj</name>
      </input_file>
      <input_file id="fl-e2">
         <path>C:\ti\TivaWare_C_Series-1.1\usblib\ccs\Debug\</path>
         <kind>archive</kind>
         <file>usblib.lib</file>
         <name>usbbuffer.obj</name>
      </input_file>
      <input_file id="fl-e3">
         <path>C:\ti\TivaWare_C_Series-1.1\usblib\ccs\Debug\</path>
         <kind>archive</kind>
         <file>usblib.lib</file>
         <name>usbhostenum.obj</name>
      </input_file>
      <input_file id="fl-e4">
         <path>C:\ti\TivaWare_C_Series-1.1\usblib\ccs\Debug\</path>
         <kind>archive</kind>
         <file>usblib.lib</file>
         <name>usbhhub.obj</name>
      </input_file>
      <input_file id="fl-e5">
         <path>C:\ti\TivaWare_C_Series-1.1\usblib\ccs\Debug\</path>
         <kind>archive</kind>
         <file>usblib.lib</file>
         <name>usbringbuf.obj</name>
      </input_file>
      <input_file id="fl-e6">
         <path>C:\ti\TivaWare_C_Series-1.1\driverlib\ccs\Debug\</path>
         <kind>archive</kind>
         <file>driverlib.lib</file>
         <name>usb.obj</name>
      </input_file>
      <input_file id="fl-e7">
         <path>C:\ti\TivaWare_C_Series-1.1\driverlib\ccs\Debug\</path>
         <kind>archive</kind>
         <file>driverlib.lib</file>
         <name>udma.obj</name>
      </input_file>
      <input_file id="fl-e8">
         <path>C:\ti\TivaWare_C_Series-1.1\driverlib\ccs\Debug\</path>
         <kind>archive</kind>
         <file>driverlib.lib</file>
         <name>sysctl.obj</name>
      </input_file>
   </input_file_list>
   <object_component_list>
      <object_component id="oc-12">
         <name>.intvecs</name>
         <load_address>0x0</load_address>
         <run_address>0x0</run_address>
         <size>0x26c</size>
         <input_file_ref idref="fl-5"/>
      </object_component>
      <object_component id="oc-30c">
         <name>.text:UARTvprintf</name>
         <load_address>0x26c</load_address>
         <run_address>0x26c</run_address>
         <size>0x1ee</size>
         <input_file_ref idref="fl-8"/>
      </object_component>
      <object_component id="oc-33">
         <name>.text:FaultISR</name>
         <load_address>0x45a</load_address>
         <run_address>0x45a</run_address>
         <size>0x2</size>
         <input_file_ref idref="fl-5"/>
      </object_component>
      <object_component id="oc-2c8">
         <name>.text:USBDEP0StateTxConfig</name>
         <load_address>0x45c</load_address>
         <run_address>0x45c</run_address>
         <size>0x160</size>
         <input_file_ref idref="fl-da"/>
      </object_component>
      <object_component id="oc-5e9">
         <name>.text:USBDeviceConfig</name>
         <load_address>0x5bc</load_address>
         <run_address>0x5bc</run_address>
         <size>0x140</size>
         <input_file_ref idref="fl-db"/>
      </object_component>
      <object_component id="oc-112">
         <name>.text:main</name>
         <load_address>0x6fc</load_address>
         <run_address>0x6fc</run_address>
         <size>0xe4</size>
         <input_file_ref idref="fl-2"/>
      </object_component>
      <object_component id="oc-1a9">
         <name>.text:USBDeviceEnumHandler</name>
         <load_address>0x7e0</load_address>
         <run_address>0x7e0</run_address>
         <size>0xe0</size>
         <input_file_ref idref="fl-da"/>
      </object_component>
      <object_component id="oc-4e9">
         <name>.text:USBDGetDescriptor</name>
         <load_address>0x8c0</load_address>
         <run_address>0x8c0</run_address>
         <size>0xdc</size>
         <input_file_ref idref="fl-da"/>
      </object_component>
      <object_component id="oc-427">
         <name>.text:USBDCDInit</name>
         <load_address>0x99c</load_address>
         <run_address>0x99c</run_address>
         <size>0xd8</size>
         <input_file_ref idref="fl-da"/>
      </object_component>
      <object_component id="oc-e3">
         <name>.text:USBDeviceIntHandlerInternal</name>
         <load_address>0xa74</load_address>
         <run_address>0xa74</run_address>
         <size>0xd8</size>
         <input_file_ref idref="fl-da"/>
      </object_component>
      <object_component id="oc-619">
         <name>.text:HandleRequests</name>
         <load_address>0xb4c</load_address>
         <run_address>0xb4c</run_address>
         <size>0xd0</size>
         <input_file_ref idref="fl-dd"/>
      </object_component>
      <object_component id="oc-571">
         <name>.text:USBLibDMAInit</name>
         <load_address>0xc1c</load_address>
         <run_address>0xc1c</run_address>
         <size>0xc8</size>
         <input_file_ref idref="fl-e0"/>
      </object_component>
      <object_component id="oc-26f">
         <name>.text:ControlHandler</name>
         <load_address>0xce4</load_address>
         <run_address>0xce4</run_address>
         <size>0xc4</size>
         <input_file_ref idref="fl-7"/>
      </object_component>
      <object_component id="oc-673">
         <name>.text:uDMAUSBChannelAllocate</name>
         <load_address>0xda8</load_address>
         <run_address>0xda8</run_address>
         <size>0xc0</size>
         <input_file_ref idref="fl-e0"/>
      </object_component>
      <object_component id="oc-6b5">
         <name>.text:uDMAUSBTransfer</name>
         <load_address>0xe68</load_address>
         <run_address>0xe68</run_address>
         <size>0xba</size>
         <input_file_ref idref="fl-e0"/>
      </object_component>
      <object_component id="oc-38c">
         <name>.text:HandleRxAvailable</name>
         <load_address>0xf22</load_address>
         <run_address>0xf22</run_address>
         <size>0xac</size>
         <input_file_ref idref="fl-e2"/>
      </object_component>
      <object_component id="oc-39">
         <name>.text:IntDefaultHandler</name>
         <load_address>0xfce</load_address>
         <run_address>0xfce</run_address>
         <size>0x2</size>
         <input_file_ref idref="fl-5"/>
      </object_component>
      <object_component id="oc-421">
         <name>.text:USBDCDCCompositeInit</name>
         <load_address>0xfd0</load_address>
         <run_address>0xfd0</run_address>
         <size>0xa0</size>
         <input_file_ref idref="fl-dd"/>
      </object_component>
      <object_component id="oc-59">
         <name>.text</name>
         <load_address>0x1070</load_address>
         <run_address>0x1070</run_address>
         <size>0x9c</size>
         <input_file_ref idref="fl-cc"/>
      </object_component>
      <object_component id="oc-507">
         <name>.text:USBDSetInterface</name>
         <load_address>0x110c</load_address>
         <run_address>0x110c</run_address>
         <size>0x98</size>
         <input_file_ref idref="fl-da"/>
      </object_component>
      <object_component id="oc-7e2">
         <name>.text:SendSerialState</name>
         <load_address>0x11a4</load_address>
         <run_address>0x11a4</run_address>
         <size>0x96</size>
         <input_file_ref idref="fl-dd"/>
      </object_component>
      <object_component id="oc-54c">
         <name>.text:CDCTickHandler</name>
         <load_address>0x123a</load_address>
         <run_address>0x123a</run_address>
         <size>0x94</size>
         <input_file_ref idref="fl-dd"/>
      </object_component>
      <object_component id="oc-140">
         <name>.text:ScheduleNextTransmission</name>
         <load_address>0x12ce</load_address>
         <run_address>0x12ce</run_address>
         <size>0x90</size>
         <input_file_ref idref="fl-e2"/>
      </object_component>
      <object_component id="oc-399">
         <name>.text:USBDCDCPacketRead</name>
         <load_address>0x135e</load_address>
         <run_address>0x135e</run_address>
         <size>0x90</size>
         <input_file_ref idref="fl-dd"/>
      </object_component>
      <object_component id="oc-2d">
         <name>.text:NmiSR</name>
         <load_address>0x13ee</load_address>
         <run_address>0x13ee</run_address>
         <size>0x2</size>
         <input_file_ref idref="fl-5"/>
      </object_component>
      <object_component id="oc-36c">
         <name>.text:GetLineCoding</name>
         <load_address>0x13f0</load_address>
         <run_address>0x13f0</run_address>
         <size>0x8c</size>
         <input_file_ref idref="fl-7"/>
      </object_component>
      <object_component id="oc-4fb">
         <name>.text:USBDSetConfiguration</name>
         <load_address>0x147c</load_address>
         <run_address>0x147c</run_address>
         <size>0x8c</size>
         <input_file_ref idref="fl-da"/>
      </object_component>
      <object_component id="oc-5fd">
         <name>.text:USBDeviceConfigAlternate</name>
         <load_address>0x1508</load_address>
         <run_address>0x1508</run_address>
         <size>0x8c</size>
         <input_file_ref idref="fl-db"/>
      </object_component>
      <object_component id="oc-79c">
         <name>.text:uDMAChannelTransferSet</name>
         <load_address>0x1594</load_address>
         <run_address>0x1594</run_address>
         <size>0x80</size>
         <input_file_ref idref="fl-e7"/>
      </object_component>
      <object_component id="oc-3f">
         <name>.text:IRQInterruptHandler</name>
         <load_address>0x1614</load_address>
         <run_address>0x1614</run_address>
         <size>0x7c</size>
         <input_file_ref idref="fl-2"/>
      </object_component>
      <object_component id="oc-106">
         <name>.text</name>
         <load_address>0x1690</load_address>
         <run_address>0x1690</run_address>
         <size>0x7a</size>
         <input_file_ref idref="fl-cd"/>
      </object_component>
      <object_component id="oc-4a1">
         <name>.text:RxDataHandler</name>
         <load_address>0x170a</load_address>
         <run_address>0x170a</run_address>
         <size>0x2</size>
         <input_file_ref idref="fl-2"/>
      </object_component>
      <object_component id="oc-4d7">
         <name>.text:USBDClearFeature</name>
         <load_address>0x170c</load_address>
         <run_address>0x170c</run_address>
         <size>0x78</size>
         <input_file_ref idref="fl-da"/>
      </object_component>
      <object_component id="oc-643">
         <name>.text:HandleDevice</name>
         <load_address>0x1784</load_address>
         <run_address>0x1784</run_address>
         <size>0x76</size>
         <input_file_ref idref="fl-dd"/>
      </object_component>
      <object_component id="oc-6e6">
         <name>.text:USBDevEndpointConfigSet</name>
         <load_address>0x17fa</load_address>
         <run_address>0x17fa</run_address>
         <size>0x72</size>
         <input_file_ref idref="fl-e6"/>
      </object_component>
      <object_component id="oc-66d">
         <name>.text:uDMAUSBArbSizeSet</name>
         <load_address>0x186c</load_address>
         <run_address>0x186c</run_address>
         <size>0x72</size>
         <input_file_ref idref="fl-e0"/>
      </object_component>
      <object_component id="oc-372">
         <name>.text:SetLineCoding</name>
         <load_address>0x18de</load_address>
         <run_address>0x18de</run_address>
         <size>0x2</size>
         <input_file_ref idref="fl-7"/>
      </object_component>
      <object_component id="oc-2ce">
         <name>.text:USBDEP0StateTx</name>
         <load_address>0x18e0</load_address>
         <run_address>0x18e0</run_address>
         <size>0x70</size>
         <input_file_ref idref="fl-da"/>
      </object_component>
      <object_component id="oc-4d1">
         <name>.text:USBDGetStatus</name>
         <load_address>0x1950</load_address>
         <run_address>0x1950</run_address>
         <size>0x70</size>
         <input_file_ref idref="fl-da"/>
      </object_component>
      <object_component id="oc-6bb">
         <name>.text:uDMAUSBUnitSizeSet</name>
         <load_address>0x19c0</load_address>
         <run_address>0x19c0</run_address>
         <size>0x70</size>
         <input_file_ref idref="fl-e0"/>
      </object_component>
      <object_component id="oc-738">
         <name>.text:ProcessDataFromHost</name>
         <load_address>0x1a30</load_address>
         <run_address>0x1a30</run_address>
         <size>0x6e</size>
         <input_file_ref idref="fl-dd"/>
      </object_component>
      <object_component id="oc-15">
         <name>.text:decompress:lzss:__TI_decompress_lzss</name>
         <load_address>0x1a9e</load_address>
         <run_address>0x1a9e</run_address>
         <size>0x68</size>
         <input_file_ref idref="fl-c8"/>
      </object_component>
      <object_component id="oc-b9">
         <name>.text:RFReadRecieveBuffer</name>
         <load_address>0x1b06</load_address>
         <run_address>0x1b06</run_address>
         <size>0x66</size>
         <input_file_ref idref="fl-3"/>
      </object_component>
      <object_component id="oc-1cc">
         <name>.text:ConfigureUART</name>
         <load_address>0x1b6c</load_address>
         <run_address>0x1b6c</run_address>
         <size>0x64</size>
         <input_file_ref idref="fl-2"/>
      </object_component>
      <object_component id="oc-76f">
         <name>.text:IntIsEnabled</name>
         <load_address>0x1bd0</load_address>
         <run_address>0x1bd0</run_address>
         <size>0x64</size>
         <input_file_ref idref="fl-d6"/>
      </object_component>
      <object_component id="oc-4dd">
         <name>.text:USBDSetFeature</name>
         <load_address>0x1c34</load_address>
         <run_address>0x1c34</run_address>
         <size>0x64</size>
         <input_file_ref idref="fl-da"/>
      </object_component>
      <object_component id="oc-1d2">
         <name>.text:USBInit</name>
         <load_address>0x1c98</load_address>
         <run_address>0x1c98</run_address>
         <size>0x64</size>
         <input_file_ref idref="fl-7"/>
      </object_component>
      <object_component id="oc-67f">
         <name>.text:uDMAUSBChannelEnable</name>
         <load_address>0x1cfc</load_address>
         <run_address>0x1cfc</run_address>
         <size>0x64</size>
         <input_file_ref idref="fl-e0"/>
      </object_component>
      <object_component id="oc-775">
         <name>.text:IntDisable</name>
         <load_address>0x1d60</load_address>
         <run_address>0x1d60</run_address>
         <size>0x60</size>
         <input_file_ref idref="fl-d6"/>
      </object_component>
      <object_component id="oc-325">
         <name>.text:IntEnable</name>
         <load_address>0x1dc0</load_address>
         <run_address>0x1dc0</run_address>
         <size>0x60</size>
         <input_file_ref idref="fl-d6"/>
      </object_component>
      <object_component id="oc-2ee">
         <name>.text:UARTStdioConfig</name>
         <load_address>0x1e20</load_address>
         <run_address>0x1e20</run_address>
         <size>0x60</size>
         <input_file_ref idref="fl-8"/>
      </object_component>
      <object_component id="oc-275">
         <name>.text:USBBufferEventCallback</name>
         <load_address>0x1e80</load_address>
         <run_address>0x1e80</run_address>
         <size>0x60</size>
         <input_file_ref idref="fl-e2"/>
      </object_component>
      <object_component id="oc-2c2">
         <name>.text:USBDReadAndDispatchRequest</name>
         <load_address>0x1ee0</load_address>
         <run_address>0x1ee0</run_address>
         <size>0x60</size>
         <input_file_ref idref="fl-da"/>
      </object_component>
      <object_component id="oc-2aa">
         <name>.text:USBDevEndpointStatusClear</name>
         <load_address>0x1f40</load_address>
         <run_address>0x1f40</run_address>
         <size>0x5e</size>
         <input_file_ref idref="fl-e6"/>
      </object_component>
      <object_component id="oc-73e">
         <name>.text:ProcessDataToHost</name>
         <load_address>0x1f9e</load_address>
         <run_address>0x1f9e</run_address>
         <size>0x5c</size>
         <input_file_ref idref="fl-dd"/>
      </object_component>
      <object_component id="oc-595">
         <name>.text</name>
         <load_address>0x1ffa</load_address>
         <run_address>0x1ffa</run_address>
         <size>0x2</size>
         <input_file_ref idref="fl-cb"/>
      </object_component>
      <object_component id="oc-5e0">
         <name>.text:USBDStringIndexFromRequest</name>
         <load_address>0x1ffc</load_address>
         <run_address>0x1ffc</run_address>
         <size>0x5c</size>
         <input_file_ref idref="fl-da"/>
      </object_component>
      <object_component id="oc-178">
         <name>.text:USBDCDCPacketWrite</name>
         <load_address>0x2058</load_address>
         <run_address>0x2058</run_address>
         <size>0x56</size>
         <input_file_ref idref="fl-dd"/>
      </object_component>
      <object_component id="oc-691">
         <name>.text:uDMAUSBChannelRelease</name>
         <load_address>0x20ae</load_address>
         <run_address>0x20ae</run_address>
         <size>0x54</size>
         <input_file_ref idref="fl-e0"/>
      </object_component>
      <object_component id="oc-68b">
         <name>.text:uDMAUSBChannelIntDisable</name>
         <load_address>0x2102</load_address>
         <run_address>0x2102</run_address>
         <size>0x2</size>
         <input_file_ref idref="fl-e0"/>
      </object_component>
      <object_component id="oc-553">
         <name>.text:SysCtlPeripheralReset</name>
         <load_address>0x2104</load_address>
         <run_address>0x2104</run_address>
         <size>0x50</size>
         <input_file_ref idref="fl-e8"/>
      </object_component>
      <object_component id="oc-6d4">
         <name>.text:USBDCDConfigDescGet</name>
         <load_address>0x2154</load_address>
         <run_address>0x2154</run_address>
         <size>0x50</size>
         <input_file_ref idref="fl-dc"/>
      </object_component>
      <object_component id="oc-197">
         <name>.text:USBDeviceResumeTickHandler</name>
         <load_address>0x21a4</load_address>
         <run_address>0x21a4</run_address>
         <size>0x50</size>
         <input_file_ref idref="fl-da"/>
      </object_component>
      <object_component id="oc-701">
         <name>.text:ConfigAlternateInterfaceGet</name>
         <load_address>0x21f4</load_address>
         <run_address>0x21f4</run_address>
         <size>0x4c</size>
         <input_file_ref idref="fl-dc"/>
      </object_component>
      <object_component id="oc-6e0">
         <name>.text:GetEPDescriptorType</name>
         <load_address>0x2240</load_address>
         <run_address>0x2240</run_address>
         <size>0x4c</size>
         <input_file_ref idref="fl-db"/>
      </object_component>
      <object_component id="oc-63d">
         <name>.text:HandleEndpoints</name>
         <load_address>0x228c</load_address>
         <run_address>0x228c</run_address>
         <size>0x4c</size>
         <input_file_ref idref="fl-dd"/>
      </object_component>
      <object_component id="oc-301">
         <name>.text:USBDCDCInit</name>
         <load_address>0x22d8</load_address>
         <run_address>0x22d8</run_address>
         <size>0x4c</size>
         <input_file_ref idref="fl-dd"/>
      </object_component>
      <object_component id="oc-5d7">
         <name>.text:USBDevEndpointStallClear</name>
         <load_address>0x2324</load_address>
         <run_address>0x2324</run_address>
         <size>0x4c</size>
         <input_file_ref idref="fl-e6"/>
      </object_component>
      <object_component id="oc-7a8">
         <name>.text:USBEndpointDMAConfigSet</name>
         <load_address>0x2370</load_address>
         <run_address>0x2370</run_address>
         <size>0x4c</size>
         <input_file_ref idref="fl-e6"/>
      </object_component>
      <object_component id="oc-679">
         <name>.text:uDMAUSBChannelDisable</name>
         <load_address>0x23bc</load_address>
         <run_address>0x23bc</run_address>
         <size>0x4a</size>
         <input_file_ref idref="fl-e0"/>
      </object_component>
      <object_component id="oc-685">
         <name>.text:uDMAUSBChannelIntEnable</name>
         <load_address>0x2406</load_address>
         <run_address>0x2406</run_address>
         <size>0x2</size>
         <input_file_ref idref="fl-e0"/>
      </object_component>
      <object_component id="oc-436">
         <name>.text:UARTwrite</name>
         <load_address>0x2408</load_address>
         <run_address>0x2408</run_address>
         <size>0x48</size>
         <input_file_ref idref="fl-8"/>
      </object_component>
      <object_component id="oc-75b">
         <name>.text:uDMAChannelAttributeDisable</name>
         <load_address>0x2450</load_address>
         <run_address>0x2450</run_address>
         <size>0x48</size>
         <input_file_ref idref="fl-e7"/>
      </object_component>
      <object_component id="oc-625">
         <name>.text:HandleEP0Data</name>
         <load_address>0x2498</load_address>
         <run_address>0x2498</run_address>
         <size>0x46</size>
         <input_file_ref idref="fl-dd"/>
      </object_component>
      <object_component id="oc-191">
         <name>.text:USBDeviceEnumResetHandler</name>
         <load_address>0x24e0</load_address>
         <run_address>0x24e0</run_address>
         <size>0x44</size>
         <input_file_ref idref="fl-da"/>
      </object_component>
      <object_component id="oc-2b6">
         <name>.text:USBEndpointDataGet</name>
         <load_address>0x2524</load_address>
         <run_address>0x2524</run_address>
         <size>0x44</size>
         <input_file_ref idref="fl-e6"/>
      </object_component>
      <object_component id="oc-1fe">
         <name>.text:__TI_auto_init_nobinit_nopinit:__TI_auto_init_nobinit_nopinit</name>
         <load_address>0x2568</load_address>
         <run_address>0x2568</run_address>
         <size>0x44</size>
         <input_file_ref idref="fl-ce"/>
      </object_component>
      <object_component id="oc-501">
         <name>.text:USBDGetInterface</name>
         <load_address>0x25ac</load_address>
         <run_address>0x25ac</run_address>
         <size>0x40</size>
         <input_file_ref idref="fl-da"/>
      </object_component>
      <object_component id="oc-43c">
         <name>.text</name>
         <load_address>0x25ec</load_address>
         <run_address>0x25ec</run_address>
         <size>0x40</size>
         <input_file_ref idref="fl-c5"/>
      </object_component>
      <object_component id="oc-6da">
         <name>.text:USBDCDConfigGetInterfaceEndpoint</name>
         <load_address>0x262c</load_address>
         <run_address>0x262c</run_address>
         <size>0x3a</size>
         <input_file_ref idref="fl-dc"/>
      </object_component>
      <object_component id="oc-6f2">
         <name>.text:USBFIFOConfigSet</name>
         <load_address>0x2666</load_address>
         <run_address>0x2666</run_address>
         <size>0x3a</size>
         <input_file_ref idref="fl-e6"/>
      </object_component>
      <object_component id="oc-dd">
         <name>.text:USBIntStatusControl</name>
         <load_address>0x26a0</load_address>
         <run_address>0x26a0</run_address>
         <size>0x38</size>
         <input_file_ref idref="fl-e6"/>
      </object_component>
      <object_component id="oc-64b">
         <name>.text:SendBreak</name>
         <load_address>0x26d8</load_address>
         <run_address>0x26d8</run_address>
         <size>0x36</size>
         <input_file_ref idref="fl-dd"/>
      </object_component>
      <object_component id="oc-49a">
         <name>.text:USBRingBufAdvanceWrite</name>
         <load_address>0x270e</load_address>
         <run_address>0x270e</run_address>
         <size>0x36</size>
         <input_file_ref idref="fl-e5"/>
      </object_component>
      <object_component id="oc-31f">
         <name>.text:IntRegister</name>
         <load_address>0x2744</load_address>
         <run_address>0x2744</run_address>
         <size>0x34</size>
         <input_file_ref idref="fl-d6"/>
      </object_component>
      <object_component id="oc-19d">
         <name>.text:InternalUSBStartOfFrameTick</name>
         <load_address>0x2778</load_address>
         <run_address>0x2778</run_address>
         <size>0x34</size>
         <input_file_ref idref="fl-de"/>
      </object_component>
      <object_component id="oc-393">
         <name>.text:RxHandler</name>
         <load_address>0x27ac</load_address>
         <run_address>0x27ac</run_address>
         <size>0x34</size>
         <input_file_ref idref="fl-7"/>
      </object_component>
      <object_component id="oc-559">
         <name>.text:SysCtlPeripheralEnable</name>
         <load_address>0x27e0</load_address>
         <run_address>0x27e0</run_address>
         <size>0x34</size>
         <input_file_ref idref="fl-e8"/>
      </object_component>
      <object_component id="oc-77">
         <name>.text:_c_int00_noargs:_c_int00_noargs</name>
         <load_address>0x2814</load_address>
         <run_address>0x2814</run_address>
         <size>0x34</size>
         <input_file_ref idref="fl-ca"/>
      </object_component>
      <object_component id="oc-61f">
         <name>.text:HandleConfigChange</name>
         <load_address>0x2848</load_address>
         <run_address>0x2848</run_address>
         <size>0x32</size>
         <input_file_ref idref="fl-dd"/>
      </object_component>
      <object_component id="oc-7b9">
         <name>.text:NextConfigDescGet</name>
         <load_address>0x287a</load_address>
         <run_address>0x287a</run_address>
         <size>0x32</size>
         <input_file_ref idref="fl-dc"/>
      </object_component>
      <object_component id="oc-732">
         <name>.text:ProcessNotificationToHost</name>
         <load_address>0x28ac</load_address>
         <run_address>0x28ac</run_address>
         <size>0x32</size>
         <input_file_ref idref="fl-dd"/>
      </object_component>
      <object_component id="oc-4c8">
         <name>.text:USBDevEndpointStall</name>
         <load_address>0x28de</load_address>
         <run_address>0x28de</run_address>
         <size>0x32</size>
         <input_file_ref idref="fl-e6"/>
      </object_component>
      <object_component id="oc-69d">
         <name>.text:DMAUSBIntHandler</name>
         <load_address>0x2910</load_address>
         <run_address>0x2910</run_address>
         <size>0x30</size>
         <input_file_ref idref="fl-e0"/>
      </object_component>
      <object_component id="oc-53d">
         <name>.text:InternalUSBTickInit</name>
         <load_address>0x2940</load_address>
         <run_address>0x2940</run_address>
         <size>0x30</size>
         <input_file_ref idref="fl-de"/>
      </object_component>
      <object_component id="oc-4f5">
         <name>.text:USBDGetConfiguration</name>
         <load_address>0x2970</load_address>
         <run_address>0x2970</run_address>
         <size>0x30</size>
         <input_file_ref idref="fl-da"/>
      </object_component>
      <object_component id="oc-283">
         <name>.text:USBEndpointDataPut</name>
         <load_address>0x29a0</load_address>
         <run_address>0x29a0</run_address>
         <size>0x30</size>
         <input_file_ref idref="fl-e6"/>
      </object_component>
      <object_component id="oc-39f">
         <name>.text:USBDCDCRxPacketAvailable</name>
         <load_address>0x29d0</load_address>
         <run_address>0x29d0</run_address>
         <size>0x2e</size>
         <input_file_ref idref="fl-dd"/>
      </object_component>
      <object_component id="oc-289">
         <name>.text:USBEndpointDataSend</name>
         <load_address>0x29fe</load_address>
         <run_address>0x29fe</run_address>
         <size>0x2e</size>
         <input_file_ref idref="fl-e6"/>
      </object_component>
      <object_component id="oc-bf">
         <name>.text:USBBufferWrite</name>
         <load_address>0x2a2c</load_address>
         <run_address>0x2a2c</run_address>
         <size>0x2c</size>
         <input_file_ref idref="fl-e2"/>
      </object_component>
      <object_component id="oc-7b2">
         <name>.text:USBDescGet</name>
         <load_address>0x2a58</load_address>
         <run_address>0x2a58</run_address>
         <size>0x2c</size>
         <input_file_ref idref="fl-e1"/>
      </object_component>
      <object_component id="oc-6a3">
         <name>.text:uDMAUSBIntStatus</name>
         <load_address>0x2a84</load_address>
         <run_address>0x2a84</run_address>
         <size>0x2c</size>
         <input_file_ref idref="fl-e0"/>
      </object_component>
      <object_component id="oc-5f1">
         <name>.text:USBDCDConfigDescGetNum</name>
         <load_address>0x2ab0</load_address>
         <run_address>0x2ab0</run_address>
         <size>0x2a</size>
         <input_file_ref idref="fl-dc"/>
      </object_component>
      <object_component id="oc-543">
         <name>.text:InternalUSBRegisterTickHandler</name>
         <load_address>0x2adc</load_address>
         <run_address>0x2adc</run_address>
         <size>0x28</size>
         <input_file_ref idref="fl-de"/>
      </object_component>
      <object_component id="oc-c5">
         <name>.text:RFWriteRegister</name>
         <load_address>0x2b04</load_address>
         <run_address>0x2b04</run_address>
         <size>0x28</size>
         <input_file_ref idref="fl-3"/>
      </object_component>
      <object_component id="oc-6fa">
         <name>.text:USBDescGetNum</name>
         <load_address>0x2b2c</load_address>
         <run_address>0x2b2c</run_address>
         <size>0x28</size>
         <input_file_ref idref="fl-e1"/>
      </object_component>
      <object_component id="oc-577">
         <name>.text:USBIntEnableControl</name>
         <load_address>0x2b54</load_address>
         <run_address>0x2b54</run_address>
         <size>0x28</size>
         <input_file_ref idref="fl-e6"/>
      </object_component>
      <object_component id="oc-357">
         <name>.text:UpdateIndexAtomic</name>
         <load_address>0x2b7c</load_address>
         <run_address>0x2b7c</run_address>
         <size>0x28</size>
         <input_file_ref idref="fl-e5"/>
      </object_component>
      <object_component id="oc-78d">
         <name>.text:uDMAChannelModeGet</name>
         <load_address>0x2ba4</load_address>
         <run_address>0x2ba4</run_address>
         <size>0x28</size>
         <input_file_ref idref="fl-e7"/>
      </object_component>
      <object_component id="oc-9b">
         <name>.text:RFReadRegister</name>
         <load_address>0x2bcc</load_address>
         <run_address>0x2bcc</run_address>
         <size>0x26</size>
         <input_file_ref idref="fl-3"/>
      </object_component>
      <object_component id="oc-386">
         <name>.text:HandleRequestBuffer</name>
         <load_address>0x2bf2</load_address>
         <run_address>0x2bf2</run_address>
         <size>0x24</size>
         <input_file_ref idref="fl-e2"/>
      </object_component>
      <object_component id="oc-537">
         <name>.text:USBDCDDeviceInfoInit</name>
         <load_address>0x2c18</load_address>
         <run_address>0x2c18</run_address>
         <size>0x24</size>
         <input_file_ref idref="fl-da"/>
      </object_component>
      <object_component id="oc-4e3">
         <name>.text:USBDSetAddress</name>
         <load_address>0x2c3c</load_address>
         <run_address>0x2c3c</run_address>
         <size>0x24</size>
         <input_file_ref idref="fl-da"/>
      </object_component>
      <object_component id="oc-2bc">
         <name>.text:USBDevEndpointDataAck</name>
         <load_address>0x2c60</load_address>
         <run_address>0x2c60</run_address>
         <size>0x24</size>
         <input_file_ref idref="fl-e6"/>
      </object_component>
      <object_component id="oc-761">
         <name>.text:USBEndpointDMADisable</name>
         <load_address>0x2c84</load_address>
         <run_address>0x2c84</run_address>
         <size>0x24</size>
         <input_file_ref idref="fl-e6"/>
      </object_component>
      <object_component id="oc-77b">
         <name>.text:USBEndpointDMAEnable</name>
         <load_address>0x2ca8</load_address>
         <run_address>0x2ca8</run_address>
         <size>0x24</size>
         <input_file_ref idref="fl-e6"/>
      </object_component>
      <object_component id="oc-74e">
         <name>.text:uDMAChannelControlSet</name>
         <load_address>0x2ccc</load_address>
         <run_address>0x2ccc</run_address>
         <size>0x24</size>
         <input_file_ref idref="fl-e7"/>
      </object_component>
      <object_component id="oc-637">
         <name>.text:HandleDisconnect</name>
         <load_address>0x2cf0</load_address>
         <run_address>0x2cf0</run_address>
         <size>0x22</size>
         <input_file_ref idref="fl-dd"/>
      </object_component>
      <object_component id="oc-65d">
         <name>.text:SendLineCodingChange</name>
         <load_address>0x2d12</load_address>
         <run_address>0x2d12</run_address>
         <size>0x22</size>
         <input_file_ref idref="fl-dd"/>
      </object_component>
      <object_component id="oc-657">
         <name>.text:SendLineStateChange</name>
         <load_address>0x2d34</load_address>
         <run_address>0x2d34</run_address>
         <size>0x22</size>
         <input_file_ref idref="fl-dd"/>
      </object_component>
      <object_component id="oc-697">
         <name>.text:uDMAUSBChannelStatus</name>
         <load_address>0x2d56</load_address>
         <run_address>0x2d56</run_address>
         <size>0x22</size>
         <input_file_ref idref="fl-e0"/>
      </object_component>
      <object_component id="oc-6ec">
         <name>.text:GetEndpointFIFOSize</name>
         <load_address>0x2d78</load_address>
         <run_address>0x2d78</run_address>
         <size>0x20</size>
         <input_file_ref idref="fl-db"/>
      </object_component>
      <object_component id="oc-ad">
         <name>.text:SPIDataRead</name>
         <load_address>0x2d98</load_address>
         <run_address>0x2d98</run_address>
         <size>0x20</size>
         <input_file_ref idref="fl-4"/>
      </object_component>
      <object_component id="oc-2fb">
         <name>.text:USBStackModeSet</name>
         <load_address>0x2db8</load_address>
         <run_address>0x2db8</run_address>
         <size>0x20</size>
         <input_file_ref idref="fl-df"/>
      </object_component>
      <object_component id="oc-70e">
         <name>.text:CheckAndSendBreak</name>
         <load_address>0x2dd8</load_address>
         <run_address>0x2dd8</run_address>
         <size>0x1e</size>
         <input_file_ref idref="fl-dd"/>
      </object_component>
      <object_component id="oc-37a">
         <name>.text:HandleDataRemaining</name>
         <load_address>0x2df6</load_address>
         <run_address>0x2df6</run_address>
         <size>0x1e</size>
         <input_file_ref idref="fl-e2"/>
      </object_component>
      <object_component id="oc-48c">
         <name>.text:USBRingBufAdvanceRead</name>
         <load_address>0x2e14</load_address>
         <run_address>0x2e14</run_address>
         <size>0x1e</size>
         <input_file_ref idref="fl-e5"/>
      </object_component>
      <object_component id="oc-a7">
         <name>.text:SPIDataWrite</name>
         <load_address>0x2e34</load_address>
         <run_address>0x2e34</run_address>
         <size>0x1c</size>
         <input_file_ref idref="fl-4"/>
      </object_component>
      <object_component id="oc-cb">
         <name>.text:SPISetCEHigh</name>
         <load_address>0x2e50</load_address>
         <run_address>0x2e50</run_address>
         <size>0x1c</size>
         <input_file_ref idref="fl-4"/>
      </object_component>
      <object_component id="oc-95">
         <name>.text:SPISetCELow</name>
         <load_address>0x2e6c</load_address>
         <run_address>0x2e6c</run_address>
         <size>0x1c</size>
         <input_file_ref idref="fl-4"/>
      </object_component>
      <object_component id="oc-b3">
         <name>.text:SPISetCSNHigh</name>
         <load_address>0x2e88</load_address>
         <run_address>0x2e88</run_address>
         <size>0x1c</size>
         <input_file_ref idref="fl-4"/>
      </object_component>
      <object_component id="oc-a1">
         <name>.text:SPISetCSNLow</name>
         <load_address>0x2ea4</load_address>
         <run_address>0x2ea4</run_address>
         <size>0x1c</size>
         <input_file_ref idref="fl-4"/>
      </object_component>
      <object_component id="oc-4a8">
         <name>.text:SetDeferredOpFlag</name>
         <load_address>0x2ec0</load_address>
         <run_address>0x2ec0</run_address>
         <size>0x1c</size>
         <input_file_ref idref="fl-dd"/>
      </object_component>
      <object_component id="oc-5f7">
         <name>.text:USBDCDConfigGetInterface</name>
         <load_address>0x2edc</load_address>
         <run_address>0x2edc</run_address>
         <size>0x1c</size>
         <input_file_ref idref="fl-dc"/>
      </object_component>
      <object_component id="oc-3e4">
         <name>.text:USBDCDStallEP0</name>
         <load_address>0x2ef8</load_address>
         <run_address>0x2ef8</run_address>
         <size>0x1c</size>
         <input_file_ref idref="fl-da"/>
      </object_component>
      <object_component id="oc-4ae">
         <name>.text:USBEndpointDataAvail</name>
         <load_address>0x2f14</load_address>
         <run_address>0x2f14</run_address>
         <size>0x1c</size>
         <input_file_ref idref="fl-e6"/>
      </object_component>
      <object_component id="oc-493">
         <name>.text:USBRingBufContigFree</name>
         <load_address>0x2f30</load_address>
         <run_address>0x2f30</run_address>
         <size>0x1c</size>
         <input_file_ref idref="fl-e5"/>
      </object_component>
      <object_component id="oc-319">
         <name>.text:_GPIOIntNumberGet</name>
         <load_address>0x2f4c</load_address>
         <run_address>0x2f4c</run_address>
         <size>0x1c</size>
         <input_file_ref idref="fl-d7"/>
      </object_component>
      <object_component id="oc-651">
         <name>.text:DeviceConsumedAllData</name>
         <load_address>0x2f68</load_address>
         <run_address>0x2f68</run_address>
         <size>0x1a</size>
         <input_file_ref idref="fl-dd"/>
      </object_component>
      <object_component id="oc-1d8">
         <name>.text:UARTprintf</name>
         <load_address>0x2f82</load_address>
         <run_address>0x2f82</run_address>
         <size>0x1a</size>
         <input_file_ref idref="fl-8"/>
      </object_component>
      <object_component id="oc-755">
         <name>.text:USBEndpointDMAChannel</name>
         <load_address>0x2f9c</load_address>
         <run_address>0x2f9c</run_address>
         <size>0x1a</size>
         <input_file_ref idref="fl-e6"/>
      </object_component>
      <object_component id="oc-13a">
         <name>.text:USBRingBufWrite</name>
         <load_address>0x2fb6</load_address>
         <run_address>0x2fb6</run_address>
         <size>0x1a</size>
         <input_file_ref idref="fl-e5"/>
      </object_component>
      <object_component id="oc-1de">
         <name>.text:GPIOIntRegister</name>
         <load_address>0x2fd0</load_address>
         <run_address>0x2fd0</run_address>
         <size>0x18</size>
         <input_file_ref idref="fl-d7"/>
      </object_component>
      <object_component id="oc-45">
         <name>.text:USB0DeviceIntHandler</name>
         <load_address>0x2fe8</load_address>
         <run_address>0x2fe8</run_address>
         <size>0x18</size>
         <input_file_ref idref="fl-d9"/>
      </object_component>
      <object_component id="oc-3f1">
         <name>.text:USBDCDConfigDescGetSize</name>
         <load_address>0x3000</load_address>
         <run_address>0x3000</run_address>
         <size>0x18</size>
         <input_file_ref idref="fl-dc"/>
      </object_component>
      <object_component id="oc-4ef">
         <name>.text:USBDSetDescriptor</name>
         <load_address>0x3018</load_address>
         <run_address>0x3018</run_address>
         <size>0x18</size>
         <input_file_ref idref="fl-da"/>
      </object_component>
      <object_component id="oc-50d">
         <name>.text:USBDSyncFrame</name>
         <load_address>0x3030</load_address>
         <run_address>0x3030</run_address>
         <size>0x18</size>
         <input_file_ref idref="fl-da"/>
      </object_component>
      <object_component id="oc-768">
         <name>.text:uDMAChannelDisable</name>
         <load_address>0x3048</load_address>
         <run_address>0x3048</run_address>
         <size>0x18</size>
         <input_file_ref idref="fl-e7"/>
      </object_component>
      <object_component id="oc-781">
         <name>.text:uDMAChannelEnable</name>
         <load_address>0x3060</load_address>
         <run_address>0x3060</run_address>
         <size>0x18</size>
         <input_file_ref idref="fl-e7"/>
      </object_component>
      <object_component id="oc-728">
         <name>.text:CheckAndSendLineCodingChange</name>
         <load_address>0x3078</load_address>
         <run_address>0x3078</run_address>
         <size>0x16</size>
         <input_file_ref idref="fl-dd"/>
      </object_component>
      <object_component id="oc-714">
         <name>.text:CheckAndSendLineStateChange</name>
         <load_address>0x308e</load_address>
         <run_address>0x308e</run_address>
         <size>0x16</size>
         <input_file_ref idref="fl-dd"/>
      </object_component>
      <object_component id="oc-2f5">
         <name>.text:USBBufferInit</name>
         <load_address>0x30a4</load_address>
         <run_address>0x30a4</run_address>
         <size>0x16</size>
         <input_file_ref idref="fl-e2"/>
      </object_component>
      <object_component id="oc-23b">
         <name>.text:USBRingBufUsed</name>
         <load_address>0x30ba</load_address>
         <run_address>0x30ba</run_address>
         <size>0x16</size>
         <input_file_ref idref="fl-e5"/>
      </object_component>
      <object_component id="oc-720">
         <name>.text:USBDCDRequestDataEP0</name>
         <load_address>0x30d0</load_address>
         <run_address>0x30d0</run_address>
         <size>0x14</size>
         <input_file_ref idref="fl-da"/>
      </object_component>
      <object_component id="oc-297">
         <name>.text:USBHostResume</name>
         <load_address>0x30e4</load_address>
         <run_address>0x30e4</run_address>
         <size>0x14</size>
         <input_file_ref idref="fl-e6"/>
      </object_component>
      <object_component id="oc-57d">
         <name>.text:USBIntEnableEndpoint</name>
         <load_address>0x30f8</load_address>
         <run_address>0x30f8</run_address>
         <size>0x14</size>
         <input_file_ref idref="fl-e6"/>
      </object_component>
      <object_component id="oc-482">
         <name>.text:USBRingBufFlush</name>
         <load_address>0x310c</load_address>
         <run_address>0x310c</run_address>
         <size>0x14</size>
         <input_file_ref idref="fl-e5"/>
      </object_component>
      <object_component id="oc-7c3">
         <name>.text:_USBIndexWrite</name>
         <load_address>0x3120</load_address>
         <run_address>0x3120</run_address>
         <size>0x14</size>
         <input_file_ref idref="fl-e6"/>
      </object_component>
      <object_component id="oc-1ea">
         <name>.text:strlen</name>
         <load_address>0x3134</load_address>
         <run_address>0x3134</run_address>
         <size>0x14</size>
         <input_file_ref idref="fl-c9"/>
      </object_component>
      <object_component id="oc-631">
         <name>.text:HandleResume</name>
         <load_address>0x3148</load_address>
         <run_address>0x3148</run_address>
         <size>0x12</size>
         <input_file_ref idref="fl-dd"/>
      </object_component>
      <object_component id="oc-62b">
         <name>.text:HandleSuspend</name>
         <load_address>0x315a</load_address>
         <run_address>0x315a</run_address>
         <size>0x12</size>
         <input_file_ref idref="fl-dd"/>
      </object_component>
      <object_component id="oc-380">
         <name>.text:HandleTxComplete</name>
         <load_address>0x316c</load_address>
         <run_address>0x316c</run_address>
         <size>0x12</size>
         <input_file_ref idref="fl-e2"/>
      </object_component>
      <object_component id="oc-134">
         <name>.text:USBRingBufFree</name>
         <load_address>0x317e</load_address>
         <run_address>0x317e</run_address>
         <size>0x12</size>
         <input_file_ref idref="fl-e5"/>
      </object_component>
      <object_component id="oc-243">
         <name>.text:USBRingBufWriteOne</name>
         <load_address>0x3190</load_address>
         <run_address>0x3190</run_address>
         <size>0x12</size>
         <input_file_ref idref="fl-e5"/>
      </object_component>
      <object_component id="oc-55f">
         <name>.text:SysCtlUSBPLLEnable</name>
         <load_address>0x31a4</load_address>
         <run_address>0x31a4</run_address>
         <size>0x10</size>
         <input_file_ref idref="fl-e8"/>
      </object_component>
      <object_component id="oc-71a">
         <name>.text:USBDCDSendDataEP0</name>
         <load_address>0x31b4</load_address>
         <run_address>0x31b4</run_address>
         <size>0x10</size>
         <input_file_ref idref="fl-da"/>
      </object_component>
      <object_component id="oc-2a4">
         <name>.text:USBEndpointStatus</name>
         <load_address>0x31c4</load_address>
         <run_address>0x31c4</run_address>
         <size>0x10</size>
         <input_file_ref idref="fl-e6"/>
      </object_component>
      <object_component id="oc-24a">
         <name>.text:USBRingBufContigUsed</name>
         <load_address>0x31d4</load_address>
         <run_address>0x31d4</run_address>
         <size>0x10</size>
         <input_file_ref idref="fl-e5"/>
      </object_component>
      <object_component id="oc-6a9">
         <name>.text:DMAUSBIntStatusClear</name>
         <load_address>0x31e4</load_address>
         <run_address>0x31e4</run_address>
         <size>0xe</size>
         <input_file_ref idref="fl-e0"/>
      </object_component>
      <object_component id="oc-17e">
         <name>.text:USBDCDCTxPacketAvailable</name>
         <load_address>0x31f2</load_address>
         <run_address>0x31f2</run_address>
         <size>0xe</size>
         <input_file_ref idref="fl-dd"/>
      </object_component>
      <object_component id="oc-1b">
         <name>.text:decompress:none:__TI_decompress_none</name>
         <load_address>0x3200</load_address>
         <run_address>0x3200</run_address>
         <size>0xe</size>
         <input_file_ref idref="fl-c7"/>
      </object_component>
      <object_component id="oc-5b4">
         <name>.text:CPUcpsid</name>
         <load_address>0x320e</load_address>
         <run_address>0x320e</run_address>
         <size>0xc</size>
         <input_file_ref idref="fl-d8"/>
      </object_component>
      <object_component id="oc-5bb">
         <name>.text:CPUcpsie</name>
         <load_address>0x321a</load_address>
         <run_address>0x321a</run_address>
         <size>0xc</size>
         <input_file_ref idref="fl-d8"/>
      </object_component>
      <object_component id="oc-1e4">
         <name>.text:GPIOIntEnable</name>
         <load_address>0x3226</load_address>
         <run_address>0x3226</run_address>
         <size>0xc</size>
         <input_file_ref idref="fl-d7"/>
      </object_component>
      <object_component id="oc-7a2">
         <name>.text:USBEndpointPacketCountSet</name>
         <load_address>0x3232</load_address>
         <run_address>0x3232</run_address>
         <size>0xc</size>
         <input_file_ref idref="fl-e6"/>
      </object_component>
      <object_component id="oc-40d">
         <name>.text:USBRingBufInit</name>
         <load_address>0x323e</load_address>
         <run_address>0x323e</run_address>
         <size>0xc</size>
         <input_file_ref idref="fl-e5"/>
      </object_component>
      <object_component id="oc-6b">
         <name>.text:decompress:ZI:__TI_zero_init</name>
         <load_address>0x324a</load_address>
         <run_address>0x324a</run_address>
         <size>0xc</size>
         <input_file_ref idref="fl-c6"/>
      </object_component>
      <object_component id="oc-475">
         <name>.text:IntMasterDisable</name>
         <load_address>0x3256</load_address>
         <run_address>0x3256</run_address>
         <size>0xa</size>
         <input_file_ref idref="fl-d6"/>
      </object_component>
      <object_component id="oc-47b">
         <name>.text:IntMasterEnable</name>
         <load_address>0x3260</load_address>
         <run_address>0x3260</run_address>
         <size>0xa</size>
         <input_file_ref idref="fl-d6"/>
      </object_component>
      <object_component id="oc-583">
         <name>.text:USBDevConnect</name>
         <load_address>0x326a</load_address>
         <run_address>0x326a</run_address>
         <size>0xa</size>
         <input_file_ref idref="fl-e6"/>
      </object_component>
      <object_component id="oc-1af">
         <name>.text:USBDevDisconnect</name>
         <load_address>0x3274</load_address>
         <run_address>0x3274</run_address>
         <size>0xa</size>
         <input_file_ref idref="fl-e6"/>
      </object_component>
      <object_component id="oc-1a3">
         <name>.text:USBIntStatusEndpoint</name>
         <load_address>0x327e</load_address>
         <run_address>0x327e</run_address>
         <size>0xa</size>
         <input_file_ref idref="fl-e6"/>
      </object_component>
      <object_component id="oc-56b">
         <name>.text:USBDevMode</name>
         <load_address>0x3288</load_address>
         <run_address>0x3288</run_address>
         <size>0x8</size>
         <input_file_ref idref="fl-e6"/>
      </object_component>
      <object_component id="oc-796">
         <name>.text:USBFIFOAddrGet</name>
         <load_address>0x3290</load_address>
         <run_address>0x3290</run_address>
         <size>0x8</size>
         <input_file_ref idref="fl-e6"/>
      </object_component>
      <object_component id="oc-565">
         <name>.text:USBOTGMode</name>
         <load_address>0x3298</load_address>
         <run_address>0x3298</run_address>
         <size>0x8</size>
         <input_file_ref idref="fl-e6"/>
      </object_component>
      <object_component id="oc-8f">
         <name>.text:GPIOIntClear</name>
         <load_address>0x32a0</load_address>
         <run_address>0x32a0</run_address>
         <size>0x6</size>
         <input_file_ref idref="fl-d7"/>
      </object_component>
      <object_component id="oc-27">
         <name>.text:ResetISR</name>
         <load_address>0x32a6</load_address>
         <run_address>0x32a6</run_address>
         <size>0x6</size>
         <input_file_ref idref="fl-5"/>
      </object_component>
      <object_component id="oc-2e8">
         <name>.text:UARTClockSourceSet</name>
         <load_address>0x32ac</load_address>
         <run_address>0x32ac</run_address>
         <size>0x6</size>
         <input_file_ref idref="fl-d4"/>
      </object_component>
      <object_component id="oc-366">
         <name>.text:USBBufferFlush</name>
         <load_address>0x32b2</load_address>
         <run_address>0x32b2</run_address>
         <size>0x6</size>
         <input_file_ref idref="fl-e2"/>
      </object_component>
      <object_component id="oc-6af">
         <name>.text:DMAUSBStatus</name>
         <load_address>0x32b8</load_address>
         <run_address>0x32b8</run_address>
         <size>0x4</size>
         <input_file_ref idref="fl-e0"/>
      </object_component>
      <object_component id="oc-16f">
         <name>.text:TxHandler</name>
         <load_address>0x32bc</load_address>
         <run_address>0x32bc</run_address>
         <size>0x4</size>
         <input_file_ref idref="fl-7"/>
      </object_component>
      <object_component id="oc-2b0">
         <name>.text:USBDevAddrSet</name>
         <load_address>0x32c0</load_address>
         <run_address>0x32c0</run_address>
         <size>0x4</size>
         <input_file_ref idref="fl-e6"/>
      </object_component>
      <object_component id="oc-10c">
         <name>.text:_system_pre_init</name>
         <load_address>0x32c4</load_address>
         <run_address>0x32c4</run_address>
         <size>0x4</size>
         <input_file_ref idref="fl-cf"/>
      </object_component>
      <object_component id="oc-1f2">
         <name>.text:abort:abort</name>
         <load_address>0x32c8</load_address>
         <run_address>0x32c8</run_address>
         <size>0x4</size>
         <input_file_ref idref="fl-d1"/>
      </object_component>
      <object_component id="oc-444">
         <name>.const:g_ppui32GPIOIntMapBlizzard</name>
         <load_address>0x32cc</load_address>
         <run_address>0x32cc</run_address>
         <size>0xc0</size>
         <input_file_ref idref="fl-d7"/>
      </object_component>
      <object_component id="oc-44d">
         <name>.const</name>
         <load_address>0x338c</load_address>
         <run_address>0x338c</run_address>
         <size>0x70</size>
         <input_file_ref idref="fl-d6"/>
      </object_component>
      <object_component id="oc-430">
         <name>.const</name>
         <load_address>0x33fc</load_address>
         <run_address>0x33fc</run_address>
         <size>0x38</size>
         <input_file_ref idref="fl-dd"/>
      </object_component>
      <object_component id="oc-3b8">
         <name>.const:.string:g_pui8ConfigString</name>
         <load_address>0x3434</load_address>
         <run_address>0x3434</run_address>
         <size>0x36</size>
         <input_file_ref idref="fl-6"/>
      </object_component>
      <object_component id="oc-3ed">
         <name>.const:g_psUSBDStdRequests</name>
         <load_address>0x346c</load_address>
         <run_address>0x346c</run_address>
         <size>0x34</size>
         <input_file_ref idref="fl-da"/>
      </object_component>
      <object_component id="oc-549">
         <name>.const:g_sCDCHandlers</name>
         <load_address>0x34a0</load_address>
         <run_address>0x34a0</run_address>
         <size>0x30</size>
         <input_file_ref idref="fl-dd"/>
      </object_component>
      <object_component id="oc-3b5">
         <name>.const:.string:g_pui8ControlInterfaceString</name>
         <load_address>0x34d0</load_address>
         <run_address>0x34d0</run_address>
         <size>0x2c</size>
         <input_file_ref idref="fl-6"/>
      </object_component>
      <object_component id="oc-3ac">
         <name>.const:.string:g_pui8ManufacturerString</name>
         <load_address>0x34fc</load_address>
         <run_address>0x34fc</run_address>
         <size>0x24</size>
         <input_file_ref idref="fl-6"/>
      </object_component>
      <object_component id="oc-27b">
         <name>.const:RxBuffer</name>
         <load_address>0x3520</load_address>
         <run_address>0x3520</run_address>
         <size>0x24</size>
         <input_file_ref idref="fl-6"/>
      </object_component>
      <object_component id="oc-d4">
         <name>.const:TxBuffer</name>
         <load_address>0x3544</load_address>
         <run_address>0x3544</run_address>
         <size>0x24</size>
         <input_file_ref idref="fl-6"/>
      </object_component>
      <object_component id="oc-58c">
         <name>.const:.string:g_pui8CDCSerCommInterface</name>
         <load_address>0x3568</load_address>
         <run_address>0x3568</run_address>
         <size>0x23</size>
         <input_file_ref idref="fl-dd"/>
      </object_component>
      <object_component id="oc-3af">
         <name>.const:.string:g_pui8ProductString</name>
         <load_address>0x358b</load_address>
         <run_address>0x358b</run_address>
         <size>0x22</size>
         <input_file_ref idref="fl-6"/>
      </object_component>
      <object_component id="oc-27e">
         <name>.const:g_ppui8StringDescriptors</name>
         <load_address>0x35b0</load_address>
         <run_address>0x35b0</run_address>
         <size>0x18</size>
         <input_file_ref idref="fl-6"/>
      </object_component>
      <object_component id="oc-58f">
         <name>.const:.string</name>
         <load_address>0x35c8</load_address>
         <run_address>0x35c8</run_address>
         <size>0x17</size>
         <input_file_ref idref="fl-dd"/>
      </object_component>
      <object_component id="oc-3b2">
         <name>.const:.string:g_pui8SerialNumberString</name>
         <load_address>0x35df</load_address>
         <run_address>0x35df</run_address>
         <size>0x12</size>
         <input_file_ref idref="fl-6"/>
      </object_component>
      <object_component id="oc-403">
         <name>.const:g_ui32UARTBase</name>
         <load_address>0x35f4</load_address>
         <run_address>0x35f4</run_address>
         <size>0xc</size>
         <input_file_ref idref="fl-8"/>
      </object_component>
      <object_component id="oc-400">
         <name>.const:g_ui32UARTPeriph</name>
         <load_address>0x3600</load_address>
         <run_address>0x3600</run_address>
         <size>0xc</size>
         <input_file_ref idref="fl-8"/>
      </object_component>
      <object_component id="oc-3a9">
         <name>.const:.string:g_pui8LangDescriptor</name>
         <load_address>0x360c</load_address>
         <run_address>0x360c</run_address>
         <size>0x4</size>
         <input_file_ref idref="fl-6"/>
      </object_component>
      <object_component id="oc-836">
         <name>.cinit..data.load</name>
         <load_address>0x3610</load_address>
         <run_address>0x3610</run_address>
         <size>0x72</size>
      </object_component>
      <object_component id="oc-833">
         <name>__TI_handler_table</name>
         <load_address>0x3684</load_address>
         <run_address>0x3684</run_address>
         <size>0xc</size>
      </object_component>
      <object_component id="oc-837">
         <name>.cinit..bss.load</name>
         <load_address>0x3690</load_address>
         <run_address>0x3690</run_address>
         <size>0x8</size>
      </object_component>
      <object_component id="oc-835">
         <name>.cinit..vtable.load</name>
         <load_address>0x3698</load_address>
         <run_address>0x3698</run_address>
         <size>0x8</size>
      </object_component>
      <object_component id="oc-834">
         <name>__TI_cinit_table</name>
         <load_address>0x36a0</load_address>
         <run_address>0x36a0</run_address>
         <size>0x18</size>
      </object_component>
      <object_component id="oc-448">
         <name>.vtable</name>
         <uninitialized>true</uninitialized>
         <run_address>0x20000000</run_address>
         <size>0x26c</size>
         <input_file_ref idref="fl-d6"/>
      </object_component>
      <object_component id="oc-175">
         <name>.data:g_sCDCDevice</name>
         <load_address>0x20000aa0</load_address>
         <run_address>0x20000aa0</run_address>
         <size>0x60</size>
         <input_file_ref idref="fl-6"/>
      </object_component>
      <object_component id="oc-406">
         <name>.data</name>
         <load_address>0x20000b58</load_address>
         <run_address>0x20000b58</run_address>
         <size>0x5</size>
         <input_file_ref idref="fl-8"/>
      </object_component>
      <object_component id="oc-1be">
         <name>.data</name>
         <load_address>0x20000b60</load_address>
         <run_address>0x20000b60</run_address>
         <size>0x4</size>
         <input_file_ref idref="fl-da"/>
      </object_component>
      <object_component id="oc-42d">
         <name>.data</name>
         <load_address>0x20000b00</load_address>
         <run_address>0x20000b00</run_address>
         <size>0x40</size>
         <input_file_ref idref="fl-dd"/>
      </object_component>
      <object_component id="oc-1bb">
         <name>.data</name>
         <load_address>0x20000b40</load_address>
         <run_address>0x20000b40</run_address>
         <size>0xc</size>
         <input_file_ref idref="fl-de"/>
      </object_component>
      <object_component id="oc-414">
         <name>.data</name>
         <load_address>0x20000b4c</load_address>
         <run_address>0x20000b4c</run_address>
         <size>0x9</size>
         <input_file_ref idref="fl-df"/>
      </object_component>
      <object_component id="oc-308">
         <name>.bss</name>
         <uninitialized>true</uninitialized>
         <run_address>0x2000069c</run_address>
         <size>0x1</size>
         <input_file_ref idref="fl-7"/>
      </object_component>
      <object_component id="oc-3ea">
         <name>.bss:g_pui8DataBufferIn</name>
         <uninitialized>true</uninitialized>
         <run_address>0x200005c4</run_address>
         <size>0x40</size>
         <input_file_ref idref="fl-da"/>
      </object_component>
      <object_component id="oc-1b8">
         <name>.bss:g_psDCDInst</name>
         <uninitialized>true</uninitialized>
         <run_address>0x2000057c</run_address>
         <size>0x48</size>
         <input_file_ref idref="fl-da"/>
      </object_component>
      <object_component id="oc-1b5">
         <name>.bss</name>
         <uninitialized>true</uninitialized>
         <run_address>0x20000690</run_address>
         <size>0x4</size>
         <input_file_ref idref="fl-da"/>
      </object_component>
      <object_component id="oc-29e">
         <name>.bss</name>
         <uninitialized>true</uninitialized>
         <run_address>0x20000604</run_address>
         <size>0x30</size>
         <input_file_ref idref="fl-de"/>
      </object_component>
      <object_component id="oc-417">
         <name>.bss</name>
         <uninitialized>true</uninitialized>
         <run_address>0x20000684</run_address>
         <size>0xc</size>
         <input_file_ref idref="fl-df"/>
      </object_component>
      <object_component id="oc-66a">
         <name>.bss:g_psUSBDMAInst</name>
         <uninitialized>true</uninitialized>
         <run_address>0x2000026c</run_address>
         <size>0x110</size>
         <input_file_ref idref="fl-e0"/>
      </object_component>
      <object_component id="oc-307">
         <name>.common:g_ui32Flags</name>
         <uninitialized>true</uninitialized>
         <run_address>0x20000698</run_address>
         <size>0x4</size>
      </object_component>
      <object_component id="oc-378">
         <name>.common:g_pcStatus</name>
         <uninitialized>true</uninitialized>
         <run_address>0x20000694</run_address>
         <size>0x4</size>
      </object_component>
      <object_component id="oc-d1">
         <name>.common:ui8RxBuffer</name>
         <uninitialized>true</uninitialized>
         <run_address>0x20000634</run_address>
         <size>0x20</size>
      </object_component>
      <object_component id="oc-1f0">
         <name>.common:isConfigured</name>
         <uninitialized>true</uninitialized>
         <run_address>0x2000069d</run_address>
         <size>0x1</size>
      </object_component>
      <object_component id="oc-3a5">
         <name>.common:g_pui8USBRxBuffer</name>
         <uninitialized>true</uninitialized>
         <run_address>0x2000037c</run_address>
         <size>0x100</size>
      </object_component>
      <object_component id="oc-3a6">
         <name>.common:g_pui8RxBufferWorkspace</name>
         <uninitialized>true</uninitialized>
         <run_address>0x20000654</run_address>
         <size>0x18</size>
      </object_component>
      <object_component id="oc-184">
         <name>.common:g_pui8USBTxBuffer</name>
         <uninitialized>true</uninitialized>
         <run_address>0x2000047c</run_address>
         <size>0x100</size>
      </object_component>
      <object_component id="oc-187">
         <name>.common:g_pui8TxBufferWorkspace</name>
         <uninitialized>true</uninitialized>
         <run_address>0x2000066c</run_address>
         <size>0x18</size>
      </object_component>
      <object_component id="oc-24">
         <name>.stack</name>
         <uninitialized>true</uninitialized>
         <run_address>0x200006a0</run_address>
         <size>0x4</size>
         <input_file_ref idref="fl-ca"/>
      </object_component>
      <object_component id="oc-839">
         <name>.stack</name>
         <uninitialized>true</uninitialized>
         <run_address>0x200006a0</run_address>
         <size>0x0</size>
      </object_component>
      <object_component id="oc-d2">
         <name>.debug_info</name>
         <load_address>0x0</load_address>
         <run_address>0x0</run_address>
         <size>0x86e</size>
         <input_file_ref idref="fl-2"/>
      </object_component>
      <object_component id="oc-40">
         <name>.debug_info</name>
         <load_address>0x86e</load_address>
         <run_address>0x86e</run_address>
         <size>0x283</size>
         <input_file_ref idref="fl-2"/>
      </object_component>
      <object_component id="oc-1cd">
         <name>.debug_info</name>
         <load_address>0xaf1</load_address>
         <run_address>0xaf1</run_address>
         <size>0x16f</size>
         <input_file_ref idref="fl-2"/>
      </object_component>
      <object_component id="oc-113">
         <name>.debug_info</name>
         <load_address>0xc60</load_address>
         <run_address>0xc60</run_address>
         <size>0x1ee</size>
         <input_file_ref idref="fl-2"/>
      </object_component>
      <object_component id="oc-4a2">
         <name>.debug_info</name>
         <load_address>0xe4e</load_address>
         <run_address>0xe4e</run_address>
         <size>0x11d</size>
         <input_file_ref idref="fl-2"/>
      </object_component>
      <object_component id="oc-151">
         <name>.debug_info</name>
         <load_address>0xf6b</load_address>
         <run_address>0xf6b</run_address>
         <size>0x20c</size>
         <input_file_ref idref="fl-2"/>
      </object_component>
      <object_component id="oc-156">
         <name>.debug_info</name>
         <load_address>0x1177</load_address>
         <run_address>0x1177</run_address>
         <size>0x33f</size>
         <input_file_ref idref="fl-2"/>
      </object_component>
      <object_component id="oc-15b">
         <name>.debug_info</name>
         <load_address>0x14b6</load_address>
         <run_address>0x14b6</run_address>
         <size>0x9ea</size>
         <input_file_ref idref="fl-2"/>
      </object_component>
      <object_component id="oc-ec">
         <name>.debug_info</name>
         <load_address>0x1ea0</load_address>
         <run_address>0x1ea0</run_address>
         <size>0x26b</size>
         <input_file_ref idref="fl-2"/>
      </object_component>
      <object_component id="oc-267">
         <name>.debug_info</name>
         <load_address>0x210b</load_address>
         <run_address>0x210b</run_address>
         <size>0x8c</size>
         <input_file_ref idref="fl-2"/>
      </object_component>
      <object_component id="oc-262">
         <name>.debug_info</name>
         <load_address>0x2197</load_address>
         <run_address>0x2197</run_address>
         <size>0xe4</size>
         <input_file_ref idref="fl-2"/>
      </object_component>
      <object_component id="oc-160">
         <name>.debug_info</name>
         <load_address>0x227b</load_address>
         <run_address>0x227b</run_address>
         <size>0x8b</size>
         <input_file_ref idref="fl-2"/>
      </object_component>
      <object_component id="oc-18a">
         <name>.debug_info</name>
         <load_address>0x2306</load_address>
         <run_address>0x2306</run_address>
         <size>0x2a4</size>
         <input_file_ref idref="fl-2"/>
      </object_component>
      <object_component id="oc-d8">
         <name>.debug_info</name>
         <load_address>0x25aa</load_address>
         <run_address>0x25aa</run_address>
         <size>0xbb</size>
         <input_file_ref idref="fl-2"/>
      </object_component>
      <object_component id="oc-16a">
         <name>.debug_info</name>
         <load_address>0x2665</load_address>
         <run_address>0x2665</run_address>
         <size>0x2c</size>
         <input_file_ref idref="fl-2"/>
      </object_component>
      <object_component id="oc-314">
         <name>.debug_info</name>
         <load_address>0x2691</load_address>
         <run_address>0x2691</run_address>
         <size>0x2c</size>
         <input_file_ref idref="fl-2"/>
      </object_component>
      <object_component id="oc-165">
         <name>.debug_info</name>
         <load_address>0x26bd</load_address>
         <run_address>0x26bd</run_address>
         <size>0x35</size>
         <input_file_ref idref="fl-2"/>
      </object_component>
      <object_component id="oc-12d">
         <name>.debug_info</name>
         <load_address>0x26f2</load_address>
         <run_address>0x26f2</run_address>
         <size>0x386</size>
         <input_file_ref idref="fl-3"/>
      </object_component>
      <object_component id="oc-c8">
         <name>.debug_info</name>
         <load_address>0x2a78</load_address>
         <run_address>0x2a78</run_address>
         <size>0x237</size>
         <input_file_ref idref="fl-3"/>
      </object_component>
      <object_component id="oc-9f">
         <name>.debug_info</name>
         <load_address>0x2caf</load_address>
         <run_address>0x2caf</run_address>
         <size>0x1fd</size>
         <input_file_ref idref="fl-3"/>
      </object_component>
      <object_component id="oc-bc">
         <name>.debug_info</name>
         <load_address>0x2eac</load_address>
         <run_address>0x2eac</run_address>
         <size>0x2a0</size>
         <input_file_ref idref="fl-3"/>
      </object_component>
      <object_component id="oc-54">
         <name>.debug_info</name>
         <load_address>0x314c</load_address>
         <run_address>0x314c</run_address>
         <size>0x84</size>
         <input_file_ref idref="fl-3"/>
      </object_component>
      <object_component id="oc-130">
         <name>.debug_info</name>
         <load_address>0x31d0</load_address>
         <run_address>0x31d0</run_address>
         <size>0x2f5</size>
         <input_file_ref idref="fl-4"/>
      </object_component>
      <object_component id="oc-a5">
         <name>.debug_info</name>
         <load_address>0x34c5</load_address>
         <run_address>0x34c5</run_address>
         <size>0x11f</size>
         <input_file_ref idref="fl-4"/>
      </object_component>
      <object_component id="oc-b4">
         <name>.debug_info</name>
         <load_address>0x35e4</load_address>
         <run_address>0x35e4</run_address>
         <size>0x121</size>
         <input_file_ref idref="fl-4"/>
      </object_component>
      <object_component id="oc-99">
         <name>.debug_info</name>
         <load_address>0x3705</load_address>
         <run_address>0x3705</run_address>
         <size>0x11d</size>
[...]
      </symbol>
      <symbol id="sm-401">
         <name>IntRegister</name>
         <value>0x2745</value>
         <object_component_ref idref="oc-31f"/>
      </symbol>
      <symbol id="sm-402">
         <name>IntMasterDisable</name>
         <value>0x3257</value>
         <object_component_ref idref="oc-475"/>
      </symbol>
      <symbol id="sm-403">
         <name>g_pfnRAMVectors</name>
         <value>0x20000000</value>
         <object_component_ref idref="oc-448"/>
      </symbol>
      <symbol id="sm-404">
         <name>IntMasterEnable</name>
         <value>0x3261</value>
         <object_component_ref idref="oc-47b"/>
      </symbol>
      <symbol id="sm-439">
         <name>GPIOIntRegister</name>
         <value>0x2fd1</value>
         <object_component_ref idref="oc-1de"/>
      </symbol>
      <symbol id="sm-43a">
         <name>GPIOIntEnable</name>
         <value>0x3227</value>
         <object_component_ref idref="oc-1e4"/>
      </symbol>
      <symbol id="sm-43b">
         <name>GPIOIntClear</name>
         <value>0x32a1</value>
         <object_component_ref idref="oc-8f"/>
      </symbol>
      <symbol id="sm-44d">
         <name>CPUcpsie</name>
         <value>0x321b</value>
         <object_component_ref idref="oc-5bb"/>
      </symbol>
      <symbol id="sm-44e">
         <name>CPUcpsid</name>
         <value>0x320f</value>
         <object_component_ref idref="oc-5b4"/>
      </symbol>
      <symbol id="sm-47b">
         <name>USB0DeviceIntHandler</name>
         <value>0x2fe9</value>
         <object_component_ref idref="oc-45"/>
      </symbol>
      <symbol id="sm-625">
         <name>USBDCDSendDataEP0</name>
         <value>0x31b5</value>
         <object_component_ref idref="oc-71a"/>
      </symbol>
      <symbol id="sm-626">
         <name>USBDCDStallEP0</name>
         <value>0x2ef9</value>
         <object_component_ref idref="oc-3e4"/>
      </symbol>
      <symbol id="sm-627">
         <name>USBDCDRequestDataEP0</name>
         <value>0x30d1</value>
         <object_component_ref idref="oc-720"/>
      </symbol>
      <symbol id="sm-628">
         <name>g_ppsDevInfo</name>
         <value>0x20000690</value>
         <object_component_ref idref="oc-1b5"/>
      </symbol>
      <symbol id="sm-629">
         <name>USBDeviceEnumHandler</name>
         <value>0x7e1</value>
         <object_component_ref idref="oc-1a9"/>
      </symbol>
      <symbol id="sm-62a">
         <name>USBDCDInit</name>
         <value>0x99d</value>
         <object_component_ref idref="oc-427"/>
      </symbol>
      <symbol id="sm-62b">
         <name>USBDeviceEnumResetHandler</name>
         <value>0x24e1</value>
         <object_component_ref idref="oc-191"/>
      </symbol>
      <symbol id="sm-62c">
         <name>g_psDCDInst</name>
         <value>0x2000057c</value>
         <object_component_ref idref="oc-1b8"/>
      </symbol>
      <symbol id="sm-62d">
         <name>USBDCDDeviceInfoInit</name>
         <value>0x2c19</value>
         <object_component_ref idref="oc-537"/>
      </symbol>
      <symbol id="sm-62e">
         <name>USBDeviceIntHandlerInternal</name>
         <value>0xa75</value>
         <object_component_ref idref="oc-e3"/>
      </symbol>
      <symbol id="sm-62f">
         <name>USBDeviceResumeTickHandler</name>
         <value>0x21a5</value>
         <object_component_ref idref="oc-197"/>
      </symbol>
      <symbol id="sm-6c7">
         <name>USBDeviceConfigAlternate</name>
         <value>0x1509</value>
         <object_component_ref idref="oc-5fd"/>
      </symbol>
      <symbol id="sm-6c8">
         <name>USBDeviceConfig</name>
         <value>0x5bd</value>
         <object_component_ref idref="oc-5e9"/>
      </symbol>
      <symbol id="sm-745">
         <name>USBDCDConfigDescGet</name>
         <value>0x2155</value>
         <object_component_ref idref="oc-6d4"/>
      </symbol>
      <symbol id="sm-746">
         <name>USBDCDConfigGetInterface</name>
         <value>0x2edd</value>
         <object_component_ref idref="oc-5f7"/>
      </symbol>
      <symbol id="sm-747">
         <name>USBDCDConfigDescGetSize</name>
         <value>0x3001</value>
         <object_component_ref idref="oc-3f1"/>
      </symbol>
      <symbol id="sm-748">
         <name>USBDCDConfigGetInterfaceEndpoint</name>
         <value>0x262d</value>
         <object_component_ref idref="oc-6da"/>
      </symbol>
      <symbol id="sm-749">
         <name>USBDCDConfigDescGetNum</name>
         <value>0x2ab1</value>
         <object_component_ref idref="oc-5f1"/>
      </symbol>
      <symbol id="sm-8bb">
         <name>g_psCDCCompSerSections</name>
         <value>0x20000b30</value>
         <object_component_ref idref="oc-42d"/>
      </symbol>
      <symbol id="sm-8bc">
         <name>g_sCDCCompSerConfigHeader</name>
         <value>0x3424</value>
         <object_component_ref idref="oc-430"/>
      </symbol>
      <symbol id="sm-8bd">
         <name>g_sCDCSerCommInterfaceSection</name>
         <value>0x340c</value>
         <object_component_ref idref="oc-430"/>
      </symbol>
      <symbol id="sm-8be">
         <name>g_sIADSerConfigSection</name>
         <value>0x3404</value>
         <object_component_ref idref="oc-430"/>
      </symbol>
      <symbol id="sm-8bf">
         <name>g_ppCDCSerConfigDescriptors</name>
         <value>0x342c</value>
         <object_component_ref idref="oc-430"/>
      </symbol>
      <symbol id="sm-8c0">
         <name>g_pCDCCompSerConfigDescriptors</name>
         <value>0x3430</value>
         <object_component_ref idref="oc-430"/>
      </symbol>
      <symbol id="sm-8c1">
         <name>USBDCDCCompositeInit</name>
         <value>0xfd1</value>
         <object_component_ref idref="oc-421"/>
      </symbol>
      <symbol id="sm-8c2">
         <name>USBDCDCTxPacketAvailable</name>
         <value>0x31f3</value>
         <object_component_ref idref="oc-17e"/>
      </symbol>
      <symbol id="sm-8c3">
         <name>g_pui8CDCSerDataInterface</name>
         <value>0x35c8</value>
         <object_component_ref idref="oc-58f"/>
      </symbol>
      <symbol id="sm-8c4">
         <name>g_pui8IADSerDescriptor</name>
         <value>0x20000b1b</value>
         <object_component_ref idref="oc-42d"/>
      </symbol>
      <symbol id="sm-8c5">
         <name>g_sCDCSerDataInterfaceSection</name>
         <value>0x3414</value>
         <object_component_ref idref="oc-430"/>
      </symbol>
      <symbol id="sm-8c6">
         <name>USBDCDCInit</name>
         <value>0x22d9</value>
         <object_component_ref idref="oc-301"/>
      </symbol>
      <symbol id="sm-8c7">
         <name>ProcessNotificationToHost</name>
         <value>0x28ad</value>
         <object_component_ref idref="oc-732"/>
      </symbol>
      <symbol id="sm-8c8">
         <name>g_sCDCSerConfigSection</name>
         <value>0x33fc</value>
         <object_component_ref idref="oc-430"/>
      </symbol>
      <symbol id="sm-8c9">
         <name>g_sCDCHandlers</name>
         <value>0x34a0</value>
         <object_component_ref idref="oc-549"/>
      </symbol>
      <symbol id="sm-8ca">
         <name>g_psCDCSerSections</name>
         <value>0x20000b24</value>
         <object_component_ref idref="oc-42d"/>
      </symbol>
      <symbol id="sm-8cb">
         <name>ProcessDataFromHost</name>
         <value>0x1a31</value>
         <object_component_ref idref="oc-738"/>
      </symbol>
      <symbol id="sm-8cc">
         <name>USBDCDCRxPacketAvailable</name>
         <value>0x29d1</value>
         <object_component_ref idref="oc-39f"/>
      </symbol>
      <symbol id="sm-8cd">
         <name>g_pui8CDCSerDescriptor</name>
         <value>0x20000b12</value>
         <object_component_ref idref="oc-42d"/>
      </symbol>
      <symbol id="sm-8ce">
         <name>ProcessDataToHost</name>
         <value>0x1f9f</value>
         <object_component_ref idref="oc-73e"/>
      </symbol>
      <symbol id="sm-8cf">
         <name>USBDCDCPacketRead</name>
         <value>0x135f</value>
         <object_component_ref idref="oc-399"/>
      </symbol>
      <symbol id="sm-8d0">
         <name>g_sCDCSerConfigHeader</name>
         <value>0x341c</value>
         <object_component_ref idref="oc-430"/>
      </symbol>
      <symbol id="sm-8d1">
         <name>g_pui8CDCSerDeviceDescriptor</name>
         <value>0x20000b00</value>
         <object_component_ref idref="oc-42d"/>
      </symbol>
      <symbol id="sm-8d2">
         <name>g_pui8CDCSerCommInterface</name>
         <value>0x3568</value>
         <object_component_ref idref="oc-58c"/>
      </symbol>
      <symbol id="sm-8d3">
         <name>USBDCDCPacketWrite</name>
         <value>0x2059</value>
         <object_component_ref idref="oc-178"/>
      </symbol>
      <symbol id="sm-924">
         <name>g_ui32USBSOFCount</name>
         <value>0x20000b48</value>
         <object_component_ref idref="oc-1bb"/>
      </symbol>
      <symbol id="sm-925">
         <name>g_pvTickInstance</name>
         <value>0x2000061c</value>
         <object_component_ref idref="oc-29e"/>
      </symbol>
      <symbol id="sm-926">
         <name>g_bUSBTimerInitialized</name>
         <value>0x20000b40</value>
         <object_component_ref idref="oc-1bb"/>
      </symbol>
      <symbol id="sm-927">
         <name>g_ui32CurrentUSBTick</name>
         <value>0x20000b44</value>
         <object_component_ref idref="oc-1bb"/>
      </symbol>
      <symbol id="sm-928">
         <name>InternalUSBStartOfFrameTick</name>
         <value>0x2779</value>
         <object_component_ref idref="oc-19d"/>
      </symbol>
      <symbol id="sm-929">
         <name>g_pfnTickHandlers</name>
         <value>0x20000604</value>
         <object_component_ref idref="oc-29e"/>
      </symbol>
      <symbol id="sm-92a">
         <name>InternalUSBRegisterTickHandler</name>
         <value>0x2add</value>
         <object_component_ref idref="oc-543"/>
      </symbol>
      <symbol id="sm-92b">
         <name>InternalUSBTickInit</name>
         <value>0x2941</value>
         <object_component_ref idref="oc-53d"/>
      </symbol>
      <symbol id="sm-964">
         <name>g_eOTGModeState</name>
         <value>0x20000688</value>
         <object_component_ref idref="oc-417"/>
      </symbol>
      <symbol id="sm-965">
         <name>g_ui32PollRate</name>
         <value>0x20000684</value>
         <object_component_ref idref="oc-417"/>
      </symbol>
      <symbol id="sm-966">
         <name>g_iUSBMode</name>
         <value>0x20000b4c</value>
         <object_component_ref idref="oc-414"/>
      </symbol>
      <symbol id="sm-967">
         <name>USBStackModeSet</name>
         <value>0x2db9</value>
         <object_component_ref idref="oc-2fb"/>
      </symbol>
      <symbol id="sm-968">
         <name>g_ui32WaitTicks</name>
         <value>0x20000b50</value>
         <object_component_ref idref="oc-414"/>
      </symbol>
      <symbol id="sm-a3c">
         <name>USBLibDMAInit</name>
         <value>0xc1d</value>
         <object_component_ref idref="oc-571"/>
      </symbol>
      <symbol id="sm-a71">
         <name>USBDescGet</name>
         <value>0x2a59</value>
         <object_component_ref idref="oc-7b2"/>
      </symbol>
      <symbol id="sm-a72">
         <name>USBDescGetNum</name>
         <value>0x2b2d</value>
         <object_component_ref idref="oc-6fa"/>
      </symbol>
      <symbol id="sm-ada">
         <name>USBBufferInit</name>
         <value>0x30a5</value>
         <object_component_ref idref="oc-2f5"/>
      </symbol>
      <symbol id="sm-adb">
         <name>USBBufferEventCallback</name>
         <value>0x1e81</value>
         <object_component_ref idref="oc-275"/>
      </symbol>
      <symbol id="sm-adc">
         <name>USBBufferWrite</name>
         <value>0x2a2d</value>
         <object_component_ref idref="oc-bf"/>
      </symbol>
      <symbol id="sm-add">
         <name>USBBufferFlush</name>
         <value>0x32b3</value>
         <object_component_ref idref="oc-366"/>
      </symbol>
      <symbol id="sm-b4e">
         <name>USBRingBufWrite</name>
         <value>0x2fb7</value>
         <object_component_ref idref="oc-13a"/>
      </symbol>
      <symbol id="sm-b4f">
         <name>USBRingBufContigUsed</name>
         <value>0x31d5</value>
         <object_component_ref idref="oc-24a"/>
      </symbol>
      <symbol id="sm-b50">
         <name>USBRingBufFlush</name>
         <value>0x310d</value>
         <object_component_ref idref="oc-482"/>
      </symbol>
      <symbol id="sm-b51">
         <name>USBRingBufAdvanceWrite</name>
         <value>0x270f</value>
         <object_component_ref idref="oc-49a"/>
      </symbol>
      <symbol id="sm-b52">
         <name>USBRingBufWriteOne</name>
         <value>0x3191</value>
         <object_component_ref idref="oc-243"/>
      </symbol>
      <symbol id="sm-b53">
         <name>USBRingBufUsed</name>
         <value>0x30bb</value>
         <object_component_ref idref="oc-23b"/>
      </symbol>
      <symbol id="sm-b54">
         <name>USBRingBufFree</name>
         <value>0x317f</value>
         <object_component_ref idref="oc-134"/>
      </symbol>
      <symbol id="sm-b55">
         <name>USBRingBufAdvanceRead</name>
         <value>0x2e15</value>
         <object_component_ref idref="oc-48c"/>
      </symbol>
      <symbol id="sm-b56">
         <name>USBRingBufInit</name>
         <value>0x323f</value>
         <object_component_ref idref="oc-40d"/>
      </symbol>
      <symbol id="sm-b57">
         <name>USBRingBufContigFree</name>
         <value>0x2f31</value>
         <object_component_ref idref="oc-493"/>
      </symbol>
      <symbol id="sm-c6d">
         <name>USBEndpointDataAvail</name>
         <value>0x2f15</value>
         <object_component_ref idref="oc-4ae"/>
      </symbol>
      <symbol id="sm-c6e">
         <name>USBDevDisconnect</name>
         <value>0x3275</value>
         <object_component_ref idref="oc-1af"/>
      </symbol>
      <symbol id="sm-c6f">
         <name>USBDevEndpointStallClear</name>
         <value>0x2325</value>
         <object_component_ref idref="oc-5d7"/>
      </symbol>
      <symbol id="sm-c70">
         <name>USBEndpointDataPut</name>
         <value>0x29a1</value>
         <object_component_ref idref="oc-283"/>
      </symbol>
      <symbol id="sm-c71">
         <name>USBDevAddrSet</name>
         <value>0x32c1</value>
         <object_component_ref idref="oc-2b0"/>
      </symbol>
      <symbol id="sm-c72">
         <name>USBIntStatusControl</name>
         <value>0x26a1</value>
         <object_component_ref idref="oc-dd"/>
      </symbol>
      <symbol id="sm-c73">
         <name>USBEndpointDMADisable</name>
         <value>0x2c85</value>
         <object_component_ref idref="oc-761"/>
      </symbol>
      <symbol id="sm-c74">
         <name>USBDevEndpointDataAck</name>
         <value>0x2c61</value>
         <object_component_ref idref="oc-2bc"/>
      </symbol>
      <symbol id="sm-c75">
         <name>USBOTGMode</name>
         <value>0x3299</value>
         <object_component_ref idref="oc-565"/>
      </symbol>
      <symbol id="sm-c76">
         <name>USBDevMode</name>
         <value>0x3289</value>
         <object_component_ref idref="oc-56b"/>
      </symbol>
      <symbol id="sm-c77">
         <name>USBIntEnableEndpoint</name>
         <value>0x30f9</value>
         <object_component_ref idref="oc-57d"/>
      </symbol>
      <symbol id="sm-c78">
         <name>USBEndpointDataGet</name>
         <value>0x2525</value>
         <object_component_ref idref="oc-2b6"/>
      </symbol>
      <symbol id="sm-c79">
         <name>USBDevEndpointStatusClear</name>
         <value>0x1f41</value>
         <object_component_ref idref="oc-2aa"/>
      </symbol>
      <symbol id="sm-c7a">
         <name>USBFIFOAddrGet</name>
         <value>0x3291</value>
         <object_component_ref idref="oc-796"/>
      </symbol>
      <symbol id="sm-c7b">
         <name>USBFIFOConfigSet</name>
         <value>0x2667</value>
         <object_component_ref idref="oc-6f2"/>
      </symbol>
      <symbol id="sm-c7c">
         <name>USBEndpointDMAEnable</name>
         <value>0x2ca9</value>
         <object_component_ref idref="oc-77b"/>
      </symbol>
      <symbol id="sm-c7d">
         <name>USBEndpointDataSend</name>
         <value>0x29ff</value>
         <object_component_ref idref="oc-289"/>
      </symbol>
      <symbol id="sm-c7e">
         <name>USBIntStatusEndpoint</name>
         <value>0x327f</value>
         <object_component_ref idref="oc-1a3"/>
      </symbol>
      <symbol id="sm-c7f">
         <name>USBEndpointStatus</name>
         <value>0x31c5</value>
         <object_component_ref idref="oc-2a4"/>
      </symbol>
      <symbol id="sm-c80">
         <name>USBEndpointPacketCountSet</name>
         <value>0x3233</value>
         <object_component_ref idref="oc-7a2"/>
      </symbol>
      <symbol id="sm-c81">
         <name>USBEndpointDMAConfigSet</name>
         <value>0x2371</value>
         <object_component_ref idref="oc-7a8"/>
      </symbol>
      <symbol id="sm-c82">
         <name>USBDevEndpointStall</name>
         <value>0x28df</value>
         <object_component_ref idref="oc-4c8"/>
      </symbol>
      <symbol id="sm-c83">
         <name>USBDevConnect</name>
         <value>0x326b</value>
         <object_component_ref idref="oc-583"/>
      </symbol>
      <symbol id="sm-c84">
         <name>USBDevEndpointConfigSet</name>
         <value>0x17fb</value>
         <object_component_ref idref="oc-6e6"/>
      </symbol>
      <symbol id="sm-c85">
         <name>USBHostResume</name>
         <value>0x30e5</value>
         <object_component_ref idref="oc-297"/>
      </symbol>
      <symbol id="sm-c86">
         <name>USBIntEnableControl</name>
         <value>0x2b55</value>
         <object_component_ref idref="oc-577"/>
      </symbol>
      <symbol id="sm-c87">
         <name>USBEndpointDMAChannel</name>
         <value>0x2f9d</value>
         <object_component_ref idref="oc-755"/>
      </symbol>
      <symbol id="sm-cd2">
         <name>uDMAChannelControlSet</name>
         <value>0x2ccd</value>
         <object_component_ref idref="oc-74e"/>
      </symbol>
      <symbol id="sm-cd3">
         <name>uDMAChannelDisable</name>
         <value>0x3049</value>
         <object_component_ref idref="oc-768"/>
      </symbol>
      <symbol id="sm-cd4">
         <name>uDMAChannelModeGet</name>
         <value>0x2ba5</value>
         <object_component_ref idref="oc-78d"/>
      </symbol>
      <symbol id="sm-cd5">
         <name>uDMAChannelTransferSet</name>
         <value>0x1595</value>
         <object_component_ref idref="oc-79c"/>
      </symbol>
      <symbol id="sm-cd6">
         <name>uDMAChannelAttributeDisable</name>
         <value>0x2451</value>
         <object_component_ref idref="oc-75b"/>
      </symbol>
      <symbol id="sm-cd7">
         <name>uDMAChannelEnable</name>
         <value>0x3061</value>
         <object_component_ref idref="oc-781"/>
      </symbol>
      <symbol id="sm-cfe">
         <name>SysCtlPeripheralEnable</name>
         <value>0x27e1</value>
         <object_component_ref idref="oc-559"/>
      </symbol>
      <symbol id="sm-cff">
         <name>SysCtlUSBPLLEnable</name>
         <value>0x31a5</value>
         <object_component_ref idref="oc-55f"/>
      </symbol>
      <symbol id="sm-d00">
         <name>SysCtlPeripheralReset</name>
         <value>0x2105</value>
         <object_component_ref idref="oc-553"/>
      </symbol>
      <symbol id="sm-d01">
         <name>__TI_static_base__</name>
         <value>0x0</value>
      </symbol>
      <symbol id="sm-d04">
         <name>__mpu_init</name>
         <value>0x0</value>
      </symbol>
      <symbol id="sm-d05">
         <name>_system_post_cinit</name>
         <value>0x0</value>
      </symbol>
   </symbol_table>
   <title>Link successful</title>
</link_info>
