******************************************************************************
                  TI ARM Linker PC v20.2.5                     
******************************************************************************
>> Linked Fri Sep  1 14:28:43 2023

OUTPUT FILE NAME:   <SPI_Headstage_SD_card_05_30_UART_no_SD_USB_v2.out>
ENTRY POINT SYMBOL: "_c_int00_noargs"  address: 00001355


MEMORY CONFIGURATION

         name            origin    length      used     unused   attr    fill
----------------------  --------  ---------  --------  --------  ----  --------
  FLASH                 00000000   00040000  00001734  0003e8cc  R  X
  SRAM                  20000000   00008000  000004cc  00007b34  RW X


SEGMENT ALLOCATION MAP

run origin  load origin   length   init length attrs members
----------  ----------- ---------- ----------- ----- -------
00000000    00000000    00001738   00001738    r-x
  00000000    00000000    0000026c   0000026c    r-- .intvecs
  0000026c    0000026c    00001464   00001464    r-x .text
  000016d0    000016d0    00000034   00000034    r-- .const
  00001708    00001708    00000030   00000030    r-- .cinit
20000000    20000000    000004cc   00000000    rw-
  20000000    20000000    00000400   00000000    rw- .stack
  20000400    20000400    000000bc   00000000    rw- .bss
  200004bc    200004bc    00000010   00000000    rw- .data


SECTION ALLOCATION MAP

 output                                  attributes/
section   page    origin      length       input sections
--------  ----  ----------  ----------   ----------------
.intvecs   0    00000000    0000026c     
                  00000000    0000026c     startup_ccs.obj (.intvecs)

.text      0    0000026c    00001464     
                  0000026c    00000160     usblib.lib : usbdenum.obj (.text:USBDEP0StateTxConfig)
                  000003cc    00000140                : usbdconfig.obj (.text:USBDeviceConfig)
                  0000050c    00000100     main.obj (.text:SysCtlClockSet)
                  0000060c    000000e0     usblib.lib : usbdenum.obj (.text:USBDeviceEnumHandler)
                  000006ec    000000dc                : usbdenum.obj (.text:USBDGetDescriptor)
                  000007c8    000000d8                : usbdenum.obj (.text:USBDeviceIntHandlerInternal)
                  000008a0    000000bc     main.obj (.text:GPIOPadConfigSet)
                  0000095c    0000009c     rtsv7M4_T_le_v4SPD16_eabi.lib : memcpy_t2.asm.obj (.text)
                  000009f8    00000098     usblib.lib : usbdenum.obj (.text:USBDSetInterface)
                  00000a90    0000008c                : usbdenum.obj (.text:USBDSetConfiguration)
                  00000b1c    0000008c                : usbdconfig.obj (.text:USBDeviceConfigAlternate)
                  00000ba8    00000078                : usbdenum.obj (.text:USBDClearFeature)
                  00000c20    00000072     driverlib.lib : usb.obj (.text:USBDevEndpointConfigSet)
                  00000c92    00000002     startup_ccs.obj (.text:FaultISR)
                  00000c94    00000070     usblib.lib : usbdenum.obj (.text:USBDEP0StateTx)
                  00000d04    00000070                : usbdenum.obj (.text:USBDGetStatus)
                  00000d74    00000068     rtsv7M4_T_le_v4SPD16_eabi.lib : copy_decompress_lzss.c.obj (.text:decompress:lzss:__TI_decompress_lzss)
                  00000ddc    00000064     usblib.lib : usbdenum.obj (.text:USBDSetFeature)
                  00000e40    00000060                : usbdenum.obj (.text:USBDReadAndDispatchRequest)
                  00000ea0    0000005e     driverlib.lib : usb.obj (.text:USBDevEndpointStatusClear)
                  00000efe    00000002     startup_ccs.obj (.text:IntDefaultHandler)
                  00000f00    0000005c     usblib.lib : usbdenum.obj (.text:USBDStringIndexFromRequest)
                  00000f5c    00000054     main.obj (.text:main)
                  00000fb0    00000050     usblib.lib : usbdcdesc.obj (.text:USBDCDConfigDescGet)
                  00001000    00000050                : usbdenum.obj (.text:USBDeviceResumeTickHandler)
                  00001050    0000004c                : usbdcdesc.obj (.text:ConfigAlternateInterfaceGet)
                  0000109c    0000004c                : usbdconfig.obj (.text:GetEPDescriptorType)
                  000010e8    0000004c     driverlib.lib : usb.obj (.text:USBDevEndpointStallClear)
                  00001134    00000044     usblib.lib : usbdenum.obj (.text:USBDeviceEnumResetHandler)
                  00001178    00000044     driverlib.lib : usb.obj (.text:USBEndpointDataGet)
                  000011bc    00000044     rtsv7M4_T_le_v4SPD16_eabi.lib : autoinit.c.obj (.text:__TI_auto_init_nobinit_nopinit:__TI_auto_init_nobinit_nopinit)
                  00001200    00000040     usblib.lib : usbdenum.obj (.text:USBDGetInterface)
                  00001240    0000003a                : usbdcdesc.obj (.text:USBDCDConfigGetInterfaceEndpoint)
                  0000127a    0000003a     driverlib.lib : usb.obj (.text:USBFIFOConfigSet)
                  000012b4    00000038                   : usb.obj (.text:USBIntStatusControl)
                  000012ec    00000034     usblib.lib : usbtick.obj (.text:InternalUSBStartOfFrameTick)
                  00001320    00000034     main.obj (.text:SysCtlPeripheralEnable)
                  00001354    00000034     rtsv7M4_T_le_v4SPD16_eabi.lib : boot_cortex_m.c.obj (.text:_c_int00_noargs:_c_int00_noargs)
                  00001388    00000032     usblib.lib : usbdcdesc.obj (.text:NextConfigDescGet)
                  000013ba    00000032     driverlib.lib : usb.obj (.text:USBDevEndpointStall)
                  000013ec    00000030     usblib.lib : usbdenum.obj (.text:USBDGetConfiguration)
                  0000141c    00000030     driverlib.lib : usb.obj (.text:USBEndpointDataPut)
                  0000144c    0000002e                   : usb.obj (.text:USBEndpointDataSend)
                  0000147a    0000002c     main.obj (.text:GPIODirModeSet)
                  000014a6    0000002c     usblib.lib : usbdesc.obj (.text:USBDescGet)
                  000014d2    0000002a                : usbdcdesc.obj (.text:USBDCDConfigDescGetNum)
                  000014fc    00000028                : usbdesc.obj (.text:USBDescGetNum)
                  00001524    00000024                : usbdenum.obj (.text:USBDSetAddress)
                  00001548    00000024     driverlib.lib : usb.obj (.text:USBDevEndpointDataAck)
                  0000156c    00000020     usblib.lib : usbdconfig.obj (.text:GetEndpointFIFOSize)
                  0000158c    0000001c                : usbdcdesc.obj (.text:USBDCDConfigGetInterface)
                  000015a8    0000001c                : usbdenum.obj (.text:USBDCDStallEP0)
                  000015c4    0000001c     rtsv7M4_T_le_v4SPD16_eabi.lib : copy_zero_init.c.obj (.text:decompress:ZI:__TI_zero_init_nomemset:__TI_zero_init_nomemset)
                  000015e0    00000018     usblib.lib : usbdhandler.obj (.text:USB0DeviceIntHandler)
                  000015f8    00000018                : usbdcdesc.obj (.text:USBDCDConfigDescGetSize)
                  00001610    00000018                : usbdenum.obj (.text:USBDSetDescriptor)
                  00001628    00000018                : usbdenum.obj (.text:USBDSyncFrame)
                  00001640    00000016     main.obj (.text:GPIOPinTypeGPIOOutput)
                  00001656    00000014     driverlib.lib : usb.obj (.text:USBHostResume)
                  0000166a    00000014                   : usb.obj (.text:_USBIndexWrite)
                  0000167e    00000010                   : usb.obj (.text:USBEndpointStatus)
                  0000168e    0000000e     rtsv7M4_T_le_v4SPD16_eabi.lib : copy_decompress_none.c.obj (.text:decompress:none:__TI_decompress_none)
                  0000169c    0000000a     driverlib.lib : usb.obj (.text:USBDevDisconnect)
                  000016a6    0000000a                   : usb.obj (.text:USBIntStatusEndpoint)
                  000016b0    00000006     main.obj (.text:GPIOPinWrite)
                  000016b6    00000006     startup_ccs.obj (.text:ResetISR)
                  000016bc    00000006     main.obj (.text:SysCtlDelay)
                  000016c2    00000004     driverlib.lib : usb.obj (.text:USBDevAddrSet)
                  000016c6    00000004     rtsv7M4_T_le_v4SPD16_eabi.lib : pre_init.c.obj (.text:_system_pre_init)
                  000016ca    00000004                                   : exit.c.obj (.text:abort:abort)
                  000016ce    00000002     startup_ccs.obj (.text:NmiSR)

.const     0    000016d0    00000034     
                  000016d0    00000034     usblib.lib : usbdenum.obj (.const:g_psUSBDStdRequests)

.cinit     0    00001708    00000030     
                  00001708    0000000c     (__TI_handler_table)
                  00001714    0000000b     (.cinit..data.load) [load image, compression = lzss]
                  0000171f    00000001     --HOLE-- [fill = 0]
                  00001720    00000008     (.cinit..bss.load) [load image, compression = zero_init]
                  00001728    00000010     (__TI_cinit_table)

.init_array 
*          0    00000000    00000000     UNINITIALIZED

.bss       0    20000400    000000bc     UNINITIALIZED
                  20000400    00000048     usblib.lib : usbdenum.obj (.bss:g_psDCDInst)
                  20000448    00000040                : usbdenum.obj (.bss:g_pui8DataBufferIn)
                  20000488    00000030                : usbtick.obj (.bss)
                  200004b8    00000004                : usbdenum.obj (.bss)

.data      0    200004bc    00000010     UNINITIALIZED
                  200004bc    0000000c     usblib.lib : usbtick.obj (.data)
                  200004c8    00000004                : usbdenum.obj (.data)

.stack     0    20000000    00000400     UNINITIALIZED
                  20000000    00000004     rtsv7M4_T_le_v4SPD16_eabi.lib : boot_cortex_m.c.obj (.stack)
                  20000004    000003fc     --HOLE--

__llvm_prf_cnts 
*          0    20000000    00000000     UNINITIALIZED

MODULE SUMMARY

       Module                       code   ro data   rw data
       ------                       ----   -------   -------
    .\
       main.obj                     658    0         0      
       startup_ccs.obj              12     620       0      
    +--+----------------------------+------+---------+---------+
       Total:                       670    620       0      
                                                            
    C:/ti/TivaWare_C_Series-1.1/driverlib/ccs/Debug/driverlib.lib
       usb.obj                      726    0         0      
    +--+----------------------------+------+---------+---------+
       Total:                       726    0         0      
                                                            
    C:/ti/TivaWare_C_Series-1.1/usblib/ccs/Debug/usblib.lib
       usbdenum.obj                 2308   52        144    
       usbdconfig.obj               568    0         0      
       usbdcdesc.obj                358    0         0      
       usbtick.obj                  52     0         60     
       usbdesc.obj                  84     0         0      
       usbdhandler.obj              24     0         0      
    +--+----------------------------+------+---------+---------+
       Total:                       3394   52        204    
                                                            
    C:\ti\ccs1120\ccs\tools\compiler\ti-cgt-arm_20.2.5.LTS\lib\rtsv7M4_T_le_v4SPD16_eabi.lib
       memcpy_t2.asm.obj            156    0         0      
       copy_decompress_lzss.c.obj   104    0         0      
       autoinit.c.obj               68     0         0      
       boot_cortex_m.c.obj          52     0         0      
       copy_zero_init.c.obj         28     0         0      
       copy_decompress_none.c.obj   14     0         0      
       exit.c.obj                   4      0         0      
       pre_init.c.obj               4      0         0      
    +--+----------------------------+------+---------+---------+
       Total:                       430    0         0      
                                                            
       Stack:                       0      0         1024   
       Linker Generated:            0      47        0      
    +--+----------------------------+------+---------+---------+
       Grand Total:                 5220   719       1228   


LINKER GENERATED COPY TABLES

__TI_cinit_table @ 00001728 records: 2, size/record: 8, table size: 16
	.data: load addr=00001714, load size=0000000b bytes, run addr=200004bc, run size=00000010 bytes, compression=lzss
	.bss: load addr=00001720, load size=00000008 bytes, run addr=20000400, run size=000000bc bytes, compression=zero_init


LINKER GENERATED HANDLER TABLE

__TI_handler_table @ 00001708 records: 3, size/record: 4, table size: 12
	index: 0, handler: __TI_decompress_lzss
	index: 1, handler: __TI_decompress_none
	index: 2, handler: __TI_zero_init


GLOBAL SYMBOLS: SORTED ALPHABETICALLY BY Name 

address   name                            
-------   ----                            
000016cb  C$$EXIT                         
0000147b  GPIODirModeSet                  
000008a1  GPIOPadConfigSet                
00001641  GPIOPinTypeGPIOOutput           
000016b1  GPIOPinWrite                    
000012ed  InternalUSBStartOfFrameTick     
000016b7  ResetISR                        
0000050d  SysCtlClockSet                  
000016bd  SysCtlDelay                     
00001321  SysCtlPeripheralEnable          
UNDEFED   Timer0IntHandler                
000015e1  USB0DeviceIntHandler            
00000fb1  USBDCDConfigDescGet             
000014d3  USBDCDConfigDescGetNum          
000015f9  USBDCDConfigDescGetSize         
0000158d  USBDCDConfigGetInterface        
00001241  USBDCDConfigGetInterfaceEndpoint
000015a9  USBDCDStallEP0                  
000014a7  USBDescGet                      
000014fd  USBDescGetNum                   
000016c3  USBDevAddrSet                   
0000169d  USBDevDisconnect                
00000c21  USBDevEndpointConfigSet         
00001549  USBDevEndpointDataAck           
000013bb  USBDevEndpointStall             
000010e9  USBDevEndpointStallClear        
00000ea1  USBDevEndpointStatusClear       
000003cd  USBDeviceConfig                 
00000b1d  USBDeviceConfigAlternate        
0000060d  USBDeviceEnumHandler            
00001135  USBDeviceEnumResetHandler       
000007c9  USBDeviceIntHandlerInternal     
00001001  USBDeviceResumeTickHandler      
00001179  USBEndpointDataGet              
0000141d  USBEndpointDataPut              
0000144d  USBEndpointDataSend             
0000167f  USBEndpointStatus               
0000127b  USBFIFOConfigSet                
00001657  USBHostResume                   
000012b5  USBIntStatusControl             
000016a7  USBIntStatusEndpoint            
20000400  __STACK_END                     
00000400  __STACK_SIZE                    
20000400  __STACK_TOP                     
00001728  __TI_CINIT_Base                 
00001738  __TI_CINIT_Limit                
00001708  __TI_Handler_Table_Base         
00001714  __TI_Handler_Table_Limit        
000011bd  __TI_auto_init_nobinit_nopinit  
00000d75  __TI_decompress_lzss            
0000168f  __TI_decompress_none            
ffffffff  __TI_pprof_out_hndl             
ffffffff  __TI_prof_data_size             
ffffffff  __TI_prof_data_start            
00000000  __TI_static_base__              
000015c5  __TI_zero_init_nomemset         
0000095d  __aeabi_memcpy                  
0000095d  __aeabi_memcpy4                 
0000095d  __aeabi_memcpy8                 
ffffffff  __binit__                       
ffffffff  __c_args__                      
UNDEFED   __mpu_init                      
20000000  __stack                         
20000000  __start___llvm_prf_cnts         
20000000  __stop___llvm_prf_cnts          
00001355  _c_int00_noargs                 
UNDEFED   _system_post_cinit              
000016c7  _system_pre_init                
000016cb  abort                           
ffffffff  binit                           
200004bc  g_bUSBTimerInitialized          
20000488  g_pfnTickHandlers               
00000000  g_pfnVectors                    
200004b8  g_ppsDevInfo                    
20000400  g_psDCDInst                     
200004a0  g_pvTickInstance                
200004c0  g_ui32CurrentUSBTick            
200004c4  g_ui32USBSOFCount               
00000f5d  main                            
0000095d  memcpy                          


GLOBAL SYMBOLS: SORTED BY Symbol Address 

address   name                            
-------   ----                            
00000000  __TI_static_base__              
00000000  g_pfnVectors                    
000003cd  USBDeviceConfig                 
00000400  __STACK_SIZE                    
0000050d  SysCtlClockSet                  
0000060d  USBDeviceEnumHandler            
000007c9  USBDeviceIntHandlerInternal     
000008a1  GPIOPadConfigSet                
0000095d  __aeabi_memcpy                  
0000095d  __aeabi_memcpy4                 
0000095d  __aeabi_memcpy8                 
0000095d  memcpy                          
00000b1d  USBDeviceConfigAlternate        
00000c21  USBDevEndpointConfigSet         
00000d75  __TI_decompress_lzss            
00000ea1  USBDevEndpointStatusClear       
00000f5d  main                            
00000fb1  USBDCDConfigDescGet             
00001001  USBDeviceResumeTickHandler      
000010e9  USBDevEndpointStallClear        
00001135  USBDeviceEnumResetHandler       
00001179  USBEndpointDataGet              
000011bd  __TI_auto_init_nobinit_nopinit  
00001241  USBDCDConfigGetInterfaceEndpoint
0000127b  USBFIFOConfigSet                
000012b5  USBIntStatusControl             
000012ed  InternalUSBStartOfFrameTick     
00001321  SysCtlPeripheralEnable          
00001355  _c_int00_noargs                 
000013bb  USBDevEndpointStall             
0000141d  USBEndpointDataPut              
0000144d  USBEndpointDataSend             
0000147b  GPIODirModeSet                  
000014a7  USBDescGet                      
000014d3  USBDCDConfigDescGetNum          
000014fd  USBDescGetNum                   
00001549  USBDevEndpointDataAck           
0000158d  USBDCDConfigGetInterface        
000015a9  USBDCDStallEP0                  
000015c5  __TI_zero_init_nomemset         
000015e1  USB0DeviceIntHandler            
000015f9  USBDCDConfigDescGetSize         
00001641  GPIOPinTypeGPIOOutput           
00001657  USBHostResume                   
0000167f  USBEndpointStatus               
0000168f  __TI_decompress_none            
0000169d  USBDevDisconnect                
000016a7  USBIntStatusEndpoint            
000016b1  GPIOPinWrite                    
000016b7  ResetISR                        
000016bd  SysCtlDelay                     
000016c3  USBDevAddrSet                   
000016c7  _system_pre_init                
000016cb  C$$EXIT                         
000016cb  abort                           
00001708  __TI_Handler_Table_Base         
00001714  __TI_Handler_Table_Limit        
00001728  __TI_CINIT_Base                 
00001738  __TI_CINIT_Limit                
20000000  __stack                         
20000000  __start___llvm_prf_cnts         
20000000  __stop___llvm_prf_cnts          
20000400  __STACK_END                     
20000400  __STACK_TOP                     
20000400  g_psDCDInst                     
20000488  g_pfnTickHandlers               
200004a0  g_pvTickInstance                
200004b8  g_ppsDevInfo                    
200004bc  g_bUSBTimerInitialized          
200004c0  g_ui32CurrentUSBTick            
200004c4  g_ui32USBSOFCount               
ffffffff  __TI_pprof_out_hndl             
ffffffff  __TI_prof_data_size             
ffffffff  __TI_prof_data_start            
ffffffff  __binit__                       
ffffffff  __c_args__                      
ffffffff  binit                           
UNDEFED   Timer0IntHandler                
UNDEFED   __mpu_init                      
UNDEFED   _system_post_cinit              

[80 symbols]
