******************************************************************************
                  TI ARM Linker PC v20.2.5                     
******************************************************************************
>> Linked Mon Aug 28 20:55:57 2023

OUTPUT FILE NAME:   <nrf24l01_nrf52840_tx.out>
ENTRY POINT SYMBOL: "_c_int00_noargs"  address: 00000bcd


MEMORY CONFIGURATION

         name            origin    length      used     unused   attr    fill
----------------------  --------  ---------  --------  --------  ----  --------
  FLASH                 00000000   00040000  00000ecc  0003f134  R  X
  SRAM                  20000000   00008000  00000185  00007e7b  RW X


SEGMENT ALLOCATION MAP

run origin  load origin   length   init length attrs members
----------  ----------- ---------- ----------- ----- -------
00000000    00000000    00000ed0   00000ed0    r-x
  00000000    00000000    0000026c   0000026c    r-- .intvecs
  0000026c    0000026c    00000b34   00000b34    r-x .text
  00000da0    00000da0    000000fc   000000fc    r-- .const
  00000ea0    00000ea0    00000030   00000030    r-- .cinit
20000000    20000000    00000185   00000000    rw-
  20000000    20000000    00000100   00000000    rw- .stack
  20000100    20000100    00000080   00000000    rw- .bss
  20000180    20000180    00000005   00000000    rw- .data


SECTION ALLOCATION MAP

 output                                  attributes/
section   page    origin      length       input sections
--------  ----  ----------  ----------   ----------------
.intvecs   0    00000000    0000026c     
                  00000000    0000026c     startup_ccs.obj (.intvecs)

.text      0    0000026c    00000b34     
                  0000026c    000001ee     uartstdio.obj (.text:UARTvprintf)
                  0000045a    000001c6     nrf24l01.obj (.text:RFInit)
                  00000620    000000e0     spi.obj (.text:SPIInit)
                  00000700    000000c4     driverlib.lib : sysctl.obj (.text:SysCtlClockGet)
                  000007c4    0000009c     rtsv7M4_T_le_v4SPD16_eabi.lib : memcpy_t2.asm.obj (.text)
                  00000860    00000092     nrf24l01.obj (.text:RFWriteSendBuffer)
                  000008f2    00000002     startup_ccs.obj (.text:FaultISR)
                  000008f4    0000008c     main.obj (.text:main)
                  00000980    00000070     main.obj (.text:ConfigureUART)
                  000009f0    00000068     rtsv7M4_T_le_v4SPD16_eabi.lib : copy_decompress_lzss.c.obj (.text:decompress:lzss:__TI_decompress_lzss)
                  00000a58    00000060     uartstdio.obj (.text:UARTStdioConfig)
                  00000ab8    00000048     driverlib.lib : gpio.obj (.text:GPIOPinConfigure)
                  00000b00    00000048     uartstdio.obj (.text:UARTwrite)
                  00000b48    00000044     rtsv7M4_T_le_v4SPD16_eabi.lib : autoinit.c.obj (.text:__TI_auto_init_nobinit_nopinit:__TI_auto_init_nobinit_nopinit)
                  00000b8c    00000040                                   : u_divt2.asm.obj (.text)
                  00000bcc    00000034                                   : boot_cortex_m.c.obj (.text:_c_int00_noargs:_c_int00_noargs)
                  00000c00    00000028     nrf24l01.obj (.text:RFWriteRegister)
                  00000c28    00000026     nrf24l01.obj (.text:RFReadRegister)
                  00000c4e    00000002     startup_ccs.obj (.text:IntDefaultHandler)
                  00000c50    00000020     spi.obj (.text:SPIDataRead)
                  00000c70    0000001c     spi.obj (.text:SPIDataWrite)
                  00000c8c    0000001c     spi.obj (.text:SPISetCEHigh)
                  00000ca8    0000001c     spi.obj (.text:SPISetCELow)
                  00000cc4    0000001c     spi.obj (.text:SPISetCSNHigh)
                  00000ce0    0000001c     spi.obj (.text:SPISetCSNLow)
                  00000cfc    0000001c     rtsv7M4_T_le_v4SPD16_eabi.lib : copy_zero_init.c.obj (.text:decompress:ZI:__TI_zero_init_nomemset:__TI_zero_init_nomemset)
                  00000d18    0000001c     nrf24l01.obj (.text:delayMicroseconds)
                  00000d34    0000001a     uartstdio.obj (.text:UARTprintf)
                  00000d4e    00000002     startup_ccs.obj (.text:NmiSR)
                  00000d50    00000014     spi.obj (.text:SPIRXFlush)
                  00000d64    00000012     driverlib.lib : ssi.obj (.text:SSIDataGetNonBlocking)
                  00000d76    0000000e     rtsv7M4_T_le_v4SPD16_eabi.lib : copy_decompress_none.c.obj (.text:decompress:none:__TI_decompress_none)
                  00000d84    00000006     startup_ccs.obj (.text:ResetISR)
                  00000d8a    00000006     driverlib.lib : sysctl.obj (.text:SysCtlDelay)
                  00000d90    00000006                   : uart.obj (.text:UARTClockSourceSet)
                  00000d96    00000004     rtsv7M4_T_le_v4SPD16_eabi.lib : pre_init.c.obj (.text:_system_pre_init)
                  00000d9a    00000004                                   : exit.c.obj (.text:abort:abort)
                  00000d9e    00000002                                   : div0.asm.obj (.text)

.const     0    00000da0    000000fc     
                  00000da0    00000078     driverlib.lib : gpio.obj (.const:g_pui32GPIOBaseAddrs)
                  00000e18    0000006c                   : sysctl.obj (.const:g_pui32Xtals)
                  00000e84    0000000c     uartstdio.obj (.const:g_ui32UARTBase)
                  00000e90    0000000c     uartstdio.obj (.const:g_ui32UARTPeriph)

.cinit     0    00000ea0    00000030     
                  00000ea0    0000000c     (__TI_handler_table)
                  00000eac    00000004     --HOLE-- [fill = 0]
                  00000eb0    00000008     (.cinit..bss.load) [load image, compression = zero_init]
                  00000eb8    00000007     (.cinit..data.load) [load image, compression = lzss]
                  00000ebf    00000001     --HOLE-- [fill = 0]
                  00000ec0    00000010     (__TI_cinit_table)

.init_array 
*          0    00000000    00000000     UNINITIALIZED

.bss       0    20000100    00000080     UNINITIALIZED
                  20000100    00000080     (.common:ui32TxBuffer)

.data      0    20000180    00000005     UNINITIALIZED
                  20000180    00000005     uartstdio.obj (.data)

.stack     0    20000000    00000100     UNINITIALIZED
                  20000000    00000004     rtsv7M4_T_le_v4SPD16_eabi.lib : boot_cortex_m.c.obj (.stack)
                  20000004    000000fc     --HOLE--

__llvm_prf_cnts 
*          0    20000000    00000000     UNINITIALIZED

MODULE SUMMARY

       Module                       code   ro data   rw data
       ------                       ----   -------   -------
    .\
       nrf24l01.obj                 706    0         0      
       startup_ccs.obj              12     620       0      
       spi.obj                      416    0         0      
       main.obj                     252    0         128    
    +--+----------------------------+------+---------+---------+
       Total:                       1386   620       128    
                                                            
    .\utils\
       uartstdio.obj                688    24        5      
    +--+----------------------------+------+---------+---------+
       Total:                       688    24        5      
                                                            
    C:/ti/TivaWare_C_Series-1.1/driverlib/ccs/Debug/driverlib.lib
       sysctl.obj                   202    108       0      
       gpio.obj                     72     120       0      
       ssi.obj                      18     0         0      
       uart.obj                     6      0         0      
    +--+----------------------------+------+---------+---------+
       Total:                       298    228       0      
                                                            
    C:\ti\ccs1120\ccs\tools\compiler\ti-cgt-arm_20.2.5.LTS\lib\rtsv7M4_T_le_v4SPD16_eabi.lib
       memcpy_t2.asm.obj            156    0         0      
       copy_decompress_lzss.c.obj   104    0         0      
       autoinit.c.obj               68     0         0      
       u_divt2.asm.obj              64     0         0      
       boot_cortex_m.c.obj          52     0         0      
       copy_zero_init.c.obj         28     0         0      
       copy_decompress_none.c.obj   14     0         0      
       exit.c.obj                   4      0         0      
       pre_init.c.obj               4      0         0      
       div0.asm.obj                 2      0         0      
    +--+----------------------------+------+---------+---------+
       Total:                       496    0         0      
                                                            
       Stack:                       0      0         256    
       Linker Generated:            0      43        0      
    +--+----------------------------+------+---------+---------+
       Grand Total:                 2868   915       389    


LINKER GENERATED COPY TABLES

__TI_cinit_table @ 00000ec0 records: 2, size/record: 8, table size: 16
	.bss: load addr=00000eb0, load size=00000008 bytes, run addr=20000100, run size=00000080 bytes, compression=zero_init
	.data: load addr=00000eb8, load size=00000007 bytes, run addr=20000180, run size=00000005 bytes, compression=lzss


LINKER GENERATED HANDLER TABLE

__TI_handler_table @ 00000ea0 records: 3, size/record: 4, table size: 12
	index: 0, handler: __TI_decompress_lzss
	index: 1, handler: __TI_decompress_none
	index: 2, handler: __TI_zero_init


GLOBAL SYMBOLS: SORTED ALPHABETICALLY BY Name 

address   name                          
-------   ----                          
00000d9b  C$$EXIT                       
00000981  ConfigureUART                 
00000ab9  GPIOPinConfigure              
0000045b  RFInit                        
00000c29  RFReadRegister                
00000c01  RFWriteRegister               
00000861  RFWriteSendBuffer             
00000d85  ResetISR                      
00000c51  SPIDataRead                   
00000c71  SPIDataWrite                  
00000621  SPIInit                       
00000d51  SPIRXFlush                    
00000c8d  SPISetCEHigh                  
00000ca9  SPISetCELow                   
00000cc5  SPISetCSNHigh                 
00000ce1  SPISetCSNLow                  
00000d65  SSIDataGetNonBlocking         
00000701  SysCtlClockGet                
00000d8b  SysCtlDelay                   
00000d91  UARTClockSourceSet            
00000a59  UARTStdioConfig               
00000d35  UARTprintf                    
0000026d  UARTvprintf                   
00000b01  UARTwrite                     
20000100  __STACK_END                   
00000100  __STACK_SIZE                  
20000400  __STACK_TOP                   
00000ec0  __TI_CINIT_Base               
00000ed0  __TI_CINIT_Limit              
00000ea0  __TI_Handler_Table_Base       
00000eac  __TI_Handler_Table_Limit      
00000b49  __TI_auto_init_nobinit_nopinit
000009f1  __TI_decompress_lzss          
00000d77  __TI_decompress_none          
ffffffff  __TI_pprof_out_hndl           
ffffffff  __TI_prof_data_size           
ffffffff  __TI_prof_data_start          
00000000  __TI_static_base__            
00000cfd  __TI_zero_init_nomemset       
00000d9f  __aeabi_idiv0                 
00000d9f  __aeabi_ldiv0                 
000007c5  __aeabi_memcpy                
000007c5  __aeabi_memcpy4               
000007c5  __aeabi_memcpy8               
00000b8d  __aeabi_uidiv                 
00000b8d  __aeabi_uidivmod              
ffffffff  __binit__                     
ffffffff  __c_args__                    
UNDEFED   __mpu_init                    
20000000  __stack                       
20000000  __start___llvm_prf_cnts       
20000000  __stop___llvm_prf_cnts        
00000bcd  _c_int00_noargs               
UNDEFED   _system_post_cinit            
00000d97  _system_pre_init              
00000d9b  abort                         
ffffffff  binit                         
00000d19  delayMicroseconds             
00000000  g_pfnVectors                  
000008f5  main                          
000007c5  memcpy                        
20000100  ui32TxBuffer                  


GLOBAL SYMBOLS: SORTED BY Symbol Address 

address   name                          
-------   ----                          
00000000  __TI_static_base__            
00000000  g_pfnVectors                  
00000100  __STACK_SIZE                  
0000026d  UARTvprintf                   
0000045b  RFInit                        
00000621  SPIInit                       
00000701  SysCtlClockGet                
000007c5  __aeabi_memcpy                
000007c5  __aeabi_memcpy4               
000007c5  __aeabi_memcpy8               
000007c5  memcpy                        
00000861  RFWriteSendBuffer             
000008f5  main                          
00000981  ConfigureUART                 
000009f1  __TI_decompress_lzss          
00000a59  UARTStdioConfig               
00000ab9  GPIOPinConfigure              
00000b01  UARTwrite                     
00000b49  __TI_auto_init_nobinit_nopinit
00000b8d  __aeabi_uidiv                 
00000b8d  __aeabi_uidivmod              
00000bcd  _c_int00_noargs               
00000c01  RFWriteRegister               
00000c29  RFReadRegister                
00000c51  SPIDataRead                   
00000c71  SPIDataWrite                  
00000c8d  SPISetCEHigh                  
00000ca9  SPISetCELow                   
00000cc5  SPISetCSNHigh                 
00000ce1  SPISetCSNLow                  
00000cfd  __TI_zero_init_nomemset       
00000d19  delayMicroseconds             
00000d35  UARTprintf                    
00000d51  SPIRXFlush                    
00000d65  SSIDataGetNonBlocking         
00000d77  __TI_decompress_none          
00000d85  ResetISR                      
00000d8b  SysCtlDelay                   
00000d91  UARTClockSourceSet            
00000d97  _system_pre_init              
00000d9b  C$$EXIT                       
00000d9b  abort                         
00000d9f  __aeabi_idiv0                 
00000d9f  __aeabi_ldiv0                 
00000ea0  __TI_Handler_Table_Base       
00000eac  __TI_Handler_Table_Limit      
00000ec0  __TI_CINIT_Base               
00000ed0  __TI_CINIT_Limit              
20000000  __stack                       
20000000  __start___llvm_prf_cnts       
20000000  __stop___llvm_prf_cnts        
20000100  __STACK_END                   
20000100  ui32TxBuffer                  
20000400  __STACK_TOP                   
ffffffff  __TI_pprof_out_hndl           
ffffffff  __TI_prof_data_size           
ffffffff  __TI_prof_data_start          
ffffffff  __binit__                     
ffffffff  __c_args__                    
ffffffff  binit                         
UNDEFED   __mpu_init                    
UNDEFED   _system_post_cinit            

[62 symbols]
