******************************************************************************
                  TI ARM Linker PC v20.2.7                     
******************************************************************************
>> Linked Tue Oct  3 22:23:52 2023

OUTPUT FILE NAME:   <ICM_20948_SPI.out>
ENTRY POINT SYMBOL: "_c_int00_noargs"  address: 00001699


MEMORY CONFIGURATION

         name            origin    length      used     unused   attr    fill
----------------------  --------  ---------  --------  --------  ----  --------
  FLASH                 00000000   00040000  00001aac  0003e554  R  X
  SRAM                  20000000   00008000  00000381  00007c7f  RW X


SEGMENT ALLOCATION MAP

run origin  load origin   length   init length attrs members
----------  ----------- ---------- ----------- ----- -------
00000000    00000000    00001ab0   00001ab0    r-x
  00000000    00000000    0000026c   0000026c    r-- .intvecs
  0000026c    0000026c    000015d4   000015d4    r-x .text
  00001840    00001840    0000022c   0000022c    r-- .const
  00001a70    00001a70    00000040   00000040    r-- .cinit
20000000    20000000    00000388   00000000    rw-
  20000000    20000000    0000026c   00000000    rw- .vtable
  20000270    20000270    00000100   00000000    rw- .stack
  20000370    20000370    0000000d   00000000    rw- .data
  20000380    20000380    00000008   00000000    rw- .bss


SECTION ALLOCATION MAP

 output                                  attributes/
section   page    origin      length       input sections
--------  ----  ----------  ----------   ----------------
.intvecs   0    00000000    0000026c     
                  00000000    0000026c     startup_ccs.obj (.intvecs)

.text      0    0000026c    000015d4     
                  0000026c    000002b8     main.obj (.text:main)
                  00000524    00000235     icm20948.obj (.text:icm20948_accel_calibration)
                  00000759    00000001     --HOLE-- [fill = 0]
                  0000075a    00000002     startup_ccs.obj (.text:FaultISR)
                  0000075c    000001ee     uartstdio.obj (.text:UARTvprintf)
                  0000094a    00000002     startup_ccs.obj (.text:IntDefaultHandler)
                  0000094c    00000150     icm20948.obj (.text:icm20948_gyro_calibration)
                  00000a9c    00000104     driverlib.lib : sysctl.obj (.text:SysCtlClockSet)
                  00000ba0    000000e0     spi.obj (.text:SPIInit)
                  00000c80    000000c4     driverlib.lib : sysctl.obj (.text:SysCtlClockGet)
                  00000d44    000000a0     icm20948.obj (.text:icm20948_accel_read)
                  00000de4    0000009c     rtsv7M4_T_le_v4SPD16_eabi.lib : memcpy_t2.asm.obj (.text)
                  00000e80    00000092     icm20948.obj (.text:icm20948_gyro_read)
                  00000f12    0000007a     rtsv7M4_T_le_v4SPD16_eabi.lib : memset_t2.asm.obj (.text)
                  00000f8c    00000078     icm20948.obj (.text:icm20948_wakeup)
                  00001004    00000070     main.obj (.text:ConfigureUART)
                  00001074    00000068     rtsv7M4_T_le_v4SPD16_eabi.lib : copy_decompress_lzss.c.obj (.text:decompress:lzss:__TI_decompress_lzss)
                  000010dc    00000060     driverlib.lib : interrupt.obj (.text:IntEnable)
                  0000113c    00000060     uartstdio.obj (.text:UARTStdioConfig)
                  0000119c    0000005c     icm20948.obj (.text:icm20948_accel_full_scale_select)
                  000011f8    0000005c     icm20948.obj (.text:icm20948_gyro_full_scale_select)
                  00001254    00000055     icm20948.obj (.text:icm20948_spi_slave_enable)
                  000012a9    00000001     --HOLE-- [fill = 0]
                  000012aa    00000002     startup_ccs.obj (.text:NmiSR)
                  000012ac    00000054     main.obj (.text:GPIOPortFHandler)
                  00001300    00000052     icm20948.obj (.text:icm20948_gyro_low_pass_filter)
                  00001352    00000002     rtsv7M4_T_le_v4SPD16_eabi.lib : div0.asm.obj (.text)
                  00001354    00000048     driverlib.lib : gpio.obj (.text:GPIOPinConfigure)
                  0000139c    00000048     spi.obj (.text:ICM_SPI_Read)
                  000013e4    00000048     uartstdio.obj (.text:UARTwrite)
                  0000142c    00000048     icm20948.obj (.text:icm20948_odr_align_enable)
                  00001474    00000044     spi.obj (.text:ICM_SPI_Write)
                  000014b8    00000044     rtsv7M4_T_le_v4SPD16_eabi.lib : autoinit.c.obj (.text:__TI_auto_init_nobinit_nopinit:__TI_auto_init_nobinit_nopinit)
                  000014fc    00000044     icm20948.obj (.text:icm20948_init)
                  00001540    00000040     rtsv7M4_T_le_v4SPD16_eabi.lib : u_divt2.asm.obj (.text)
                  00001580    00000039     icm20948.obj (.text:icm20948_clock_source)
                  000015b9    00000003     --HOLE-- [fill = 0]
                  000015bc    00000038     icm20948.obj (.text:icm20948_accel_read_g)
                  000015f4    00000038     icm20948.obj (.text:icm20948_gyro_read_dps)
                  0000162c    00000038     rtsv7M4_T_le_v4SPD16_eabi.lib : fs_tod_t2.asm.obj (.text)
                  00001664    00000034     driverlib.lib : interrupt.obj (.text:IntRegister)
                  00001698    00000034     rtsv7M4_T_le_v4SPD16_eabi.lib : boot_cortex_m.c.obj (.text:_c_int00_noargs:_c_int00_noargs)
                  000016cc    00000020     spi.obj (.text:SPIDataRead)
                  000016ec    0000001e     icm20948.obj (.text:icm20948_accel_sample_rate_divider)
                  0000170a    00000002     --HOLE-- [fill = 0]
                  0000170c    0000001c     spi.obj (.text:SPIDataWrite)
                  00001728    0000001c     driverlib.lib : gpio.obj (.text:_GPIOIntNumberGet)
                  00001744    0000001c     rtsv7M4_T_le_v4SPD16_eabi.lib : copy_zero_init.c.obj (.text:decompress:ZI:__TI_zero_init_nomemset:__TI_zero_init_nomemset)
                  00001760    0000001a     uartstdio.obj (.text:UARTprintf)
                  0000177a    0000001a     icm20948.obj (.text:icm20948_accel_low_pass_filter)
                  00001794    00000018     driverlib.lib : gpio.obj (.text:GPIOIntRegister)
                  000017ac    00000014     icm20948.obj (.text:write_single_icm20948_reg)
                  000017c0    00000012     driverlib.lib : ssi.obj (.text:SSIDataGetNonBlocking)
                  000017d2    00000010     icm20948.obj (.text:read_single_icm20948_reg)
                  000017e2    0000000e     rtsv7M4_T_le_v4SPD16_eabi.lib : copy_decompress_none.c.obj (.text:decompress:none:__TI_decompress_none)
                  000017f0    0000000c     driverlib.lib : gpio.obj (.text:GPIOIntEnable)
                  000017fc    0000000a     icm20948.obj (.text:icm20948_device_reset)
                  00001806    0000000a     icm20948.obj (.text:icm20948_gyro_sample_rate_divider)
                  00001810    00000008     icm20948.obj (.text:icm20948_who_am_i)
                  00001818    00000008     icm20948.obj (.text:select_user_bank)
                  00001820    00000006     driverlib.lib : gpio.obj (.text:GPIOIntClear)
                  00001826    00000006     startup_ccs.obj (.text:ResetISR)
                  0000182c    00000006     driverlib.lib : sysctl.obj (.text:SysCtlDelay)
                  00001832    00000006                   : uart.obj (.text:UARTClockSourceSet)
                  00001838    00000004     rtsv7M4_T_le_v4SPD16_eabi.lib : pre_init.c.obj (.text:_system_pre_init)
                  0000183c    00000004                                   : exit.c.obj (.text:abort:abort)

.const     0    00001840    0000022c     
                  00001840    000000c0     driverlib.lib : gpio.obj (.const:g_ppui32GPIOIntMapBlizzard)
                  00001900    00000078                   : gpio.obj (.const:g_pui32GPIOBaseAddrs)
                  00001978    00000070                   : interrupt.obj (.const)
                  000019e8    0000006c                   : sysctl.obj (.const:g_pui32Xtals)
                  00001a54    0000000c     uartstdio.obj (.const:g_ui32UARTBase)
                  00001a60    0000000c     uartstdio.obj (.const:g_ui32UARTPeriph)

.cinit     0    00001a70    00000040     
                  00001a70    0000000c     (__TI_handler_table)
                  00001a7c    00000004     --HOLE-- [fill = 0]
                  00001a80    00000008     (.cinit..bss.load) [load image, compression = zero_init]
                  00001a88    00000008     (.cinit..vtable.load) [load image, compression = zero_init]
                  00001a90    00000007     (.cinit..data.load) [load image, compression = lzss]
                  00001a97    00000001     --HOLE-- [fill = 0]
                  00001a98    00000018     (__TI_cinit_table)

.init_array 
*          0    00000000    00000000     UNINITIALIZED

.vtable    0    20000000    0000026c     UNINITIALIZED
                  20000000    0000026c     driverlib.lib : interrupt.obj (.vtable)

.data      0    20000370    0000000d     UNINITIALIZED
                  20000370    00000005     main.obj (.data)
                  20000375    00000003     --HOLE--
                  20000378    00000005     uartstdio.obj (.data)

.bss       0    20000380    00000008     UNINITIALIZED
                  20000380    00000008     icm20948.obj (.bss)

.stack     0    20000270    00000100     UNINITIALIZED
                  20000270    00000004     rtsv7M4_T_le_v4SPD16_eabi.lib : boot_cortex_m.c.obj (.stack)
                  20000274    000000fc     --HOLE--

__llvm_prf_cnts 
*          0    20000000    00000000     UNINITIALIZED

MODULE SUMMARY

       Module                       code   ro data   rw data
       ------                       ----   -------   -------
    .\
       icm20948.obj                 2115   0         8      
       main.obj                     892    0         5      
       startup_ccs.obj              12     620       0      
       spi.obj                      424    0         0      
    +--+----------------------------+------+---------+---------+
       Total:                       3443   620       13     
                                                            
    .\utils\
       uartstdio.obj                688    24        5      
    +--+----------------------------+------+---------+---------+
       Total:                       688    24        5      
                                                            
    C:/ti/TivaWare_C_Series-1.1/driverlib/ccs/Debug/driverlib.lib
       interrupt.obj                148    112       620    
       sysctl.obj                   462    108       0      
       gpio.obj                     142    312       0      
       ssi.obj                      18     0         0      
       uart.obj                     6      0         0      
    +--+----------------------------+------+---------+---------+
       Total:                       776    532       620    
                                                            
    D:\ti\ccs1240\ccs\tools\compiler\ti-cgt-arm_20.2.7.LTS\lib\rtsv7M4_T_le_v4SPD16_eabi.lib
       memcpy_t2.asm.obj            156    0         0      
       memset_t2.asm.obj            122    0         0      
       copy_decompress_lzss.c.obj   104    0         0      
       autoinit.c.obj               68     0         0      
       u_divt2.asm.obj              64     0         0      
       fs_tod_t2.asm.obj            56     0         0      
       boot_cortex_m.c.obj          52     0         0      
       copy_zero_init.c.obj         28     0         0      
       copy_decompress_none.c.obj   14     0         0      
       exit.c.obj                   4      0         0      
       pre_init.c.obj               4      0         0      
       div0.asm.obj                 2      0         0      
    +--+----------------------------+------+---------+---------+
       Total:                       674    0         0      
                                                            
       Stack:                       0      0         256    
       Linker Generated:            0      59        0      
    +--+----------------------------+------+---------+---------+
       Grand Total:                 5581   1235      894    


LINKER GENERATED COPY TABLES

__TI_cinit_table @ 00001a98 records: 3, size/record: 8, table size: 24
	.bss: load addr=00001a80, load size=00000008 bytes, run addr=20000380, run size=00000008 bytes, compression=zero_init
	.vtable: load addr=00001a88, load size=00000008 bytes, run addr=20000000, run size=0000026c bytes, compression=zero_init
	.data: load addr=00001a90, load size=00000007 bytes, run addr=20000370, run size=0000000d bytes, compression=lzss


LINKER GENERATED HANDLER TABLE

__TI_handler_table @ 00001a70 records: 3, size/record: 4, table size: 12
	index: 0, handler: __TI_zero_init
	index: 1, handler: __TI_decompress_lzss
	index: 2, handler: __TI_decompress_none


GLOBAL SYMBOLS: SORTED ALPHABETICALLY BY Name 

address   name                              
-------   ----                              
0000183d  C$$EXIT                           
00001005  ConfigureUART                     
00001821  GPIOIntClear                      
000017f1  GPIOIntEnable                     
00001795  GPIOIntRegister                   
00001355  GPIOPinConfigure                  
20000370  GPIOPinStatus                     
000012ad  GPIOPortFHandler                  
0000139d  ICM_SPI_Read                      
00001475  ICM_SPI_Write                     
000010dd  IntEnable                         
00001665  IntRegister                       
00001827  ResetISR                          
000016cd  SPIDataRead                       
0000170d  SPIDataWrite                      
00000ba1  SPIInit                           
000017c1  SSIDataGetNonBlocking             
00000c81  SysCtlClockGet                    
00000a9d  SysCtlClockSet                    
0000182d  SysCtlDelay                       
00001833  UARTClockSourceSet                
0000113d  UARTStdioConfig                   
00001761  UARTprintf                        
0000075d  UARTvprintf                       
000013e5  UARTwrite                         
20000370  __STACK_END                       
00000100  __STACK_SIZE                      
20000470  __STACK_TOP                       
00001a98  __TI_CINIT_Base                   
00001ab0  __TI_CINIT_Limit                  
00001a70  __TI_Handler_Table_Base           
00001a7c  __TI_Handler_Table_Limit          
000014b9  __TI_auto_init_nobinit_nopinit    
00001075  __TI_decompress_lzss              
000017e3  __TI_decompress_none              
ffffffff  __TI_pprof_out_hndl               
ffffffff  __TI_prof_data_size               
ffffffff  __TI_prof_data_start              
00000000  __TI_static_base__                
00001745  __TI_zero_init_nomemset           
0000162d  __aeabi_f2d                       
00001353  __aeabi_idiv0                     
00001353  __aeabi_ldiv0                     
00000f13  __aeabi_memclr                    
00000f13  __aeabi_memclr4                   
00000f13  __aeabi_memclr8                   
00000de5  __aeabi_memcpy                    
00000de5  __aeabi_memcpy4                   
00000de5  __aeabi_memcpy8                   
00000f15  __aeabi_memset                    
00000f15  __aeabi_memset4                   
00000f15  __aeabi_memset8                   
00001541  __aeabi_uidiv                     
00001541  __aeabi_uidivmod                  
ffffffff  __binit__                         
ffffffff  __c_args__                        
UNDEFED   __mpu_init                        
20000270  __stack                           
20000000  __start___llvm_prf_cnts           
20000000  __stop___llvm_prf_cnts            
00001699  _c_int00_noargs                   
UNDEFED   _system_post_cinit                
00001839  _system_pre_init                  
0000183d  abort                             
ffffffff  binit                             
20000000  g_pfnRAMVectors                   
00000000  g_pfnVectors                      
00000525  icm20948_accel_calibration        
0000119d  icm20948_accel_full_scale_select  
0000177b  icm20948_accel_low_pass_filter    
00000d45  icm20948_accel_read               
000015bd  icm20948_accel_read_g             
000016ed  icm20948_accel_sample_rate_divider
00001581  icm20948_clock_source             
000017fd  icm20948_device_reset             
0000094d  icm20948_gyro_calibration         
000011f9  icm20948_gyro_full_scale_select   
00001301  icm20948_gyro_low_pass_filter     
00000e81  icm20948_gyro_read                
000015f5  icm20948_gyro_read_dps            
00001807  icm20948_gyro_sample_rate_divider 
000014fd  icm20948_init                     
0000142d  icm20948_odr_align_enable         
00001255  icm20948_spi_slave_enable         
00000f8d  icm20948_wakeup                   
00001811  icm20948_who_am_i                 
0000026d  main                              
00000de5  memcpy                            
00000f1b  memset                            
000017d3  read_single_icm20948_reg          
20000374  stop                              
000017ad  write_single_icm20948_reg         


GLOBAL SYMBOLS: SORTED BY Symbol Address 

address   name                              
-------   ----                              
00000000  __TI_static_base__                
00000000  g_pfnVectors                      
00000100  __STACK_SIZE                      
0000026d  main                              
00000525  icm20948_accel_calibration        
0000075d  UARTvprintf                       
0000094d  icm20948_gyro_calibration         
00000a9d  SysCtlClockSet                    
00000ba1  SPIInit                           
00000c81  SysCtlClockGet                    
00000d45  icm20948_accel_read               
00000de5  __aeabi_memcpy                    
00000de5  __aeabi_memcpy4                   
00000de5  __aeabi_memcpy8                   
00000de5  memcpy                            
00000e81  icm20948_gyro_read                
00000f13  __aeabi_memclr                    
00000f13  __aeabi_memclr4                   
00000f13  __aeabi_memclr8                   
00000f15  __aeabi_memset                    
00000f15  __aeabi_memset4                   
00000f15  __aeabi_memset8                   
00000f1b  memset                            
00000f8d  icm20948_wakeup                   
00001005  ConfigureUART                     
00001075  __TI_decompress_lzss              
000010dd  IntEnable                         
0000113d  UARTStdioConfig                   
0000119d  icm20948_accel_full_scale_select  
000011f9  icm20948_gyro_full_scale_select   
00001255  icm20948_spi_slave_enable         
000012ad  GPIOPortFHandler                  
00001301  icm20948_gyro_low_pass_filter     
00001353  __aeabi_idiv0                     
00001353  __aeabi_ldiv0                     
00001355  GPIOPinConfigure                  
0000139d  ICM_SPI_Read                      
000013e5  UARTwrite                         
0000142d  icm20948_odr_align_enable         
00001475  ICM_SPI_Write                     
000014b9  __TI_auto_init_nobinit_nopinit    
000014fd  icm20948_init                     
00001541  __aeabi_uidiv                     
00001541  __aeabi_uidivmod                  
00001581  icm20948_clock_source             
000015bd  icm20948_accel_read_g             
000015f5  icm20948_gyro_read_dps            
0000162d  __aeabi_f2d                       
00001665  IntRegister                       
00001699  _c_int00_noargs                   
000016cd  SPIDataRead                       
000016ed  icm20948_accel_sample_rate_divider
0000170d  SPIDataWrite                      
00001745  __TI_zero_init_nomemset           
00001761  UARTprintf                        
0000177b  icm20948_accel_low_pass_filter    
00001795  GPIOIntRegister                   
000017ad  write_single_icm20948_reg         
000017c1  SSIDataGetNonBlocking             
000017d3  read_single_icm20948_reg          
000017e3  __TI_decompress_none              
000017f1  GPIOIntEnable                     
000017fd  icm20948_device_reset             
00001807  icm20948_gyro_sample_rate_divider 
00001811  icm20948_who_am_i                 
00001821  GPIOIntClear                      
00001827  ResetISR                          
0000182d  SysCtlDelay                       
00001833  UARTClockSourceSet                
00001839  _system_pre_init                  
0000183d  C$$EXIT                           
0000183d  abort                             
00001a70  __TI_Handler_Table_Base           
00001a7c  __TI_Handler_Table_Limit          
00001a98  __TI_CINIT_Base                   
00001ab0  __TI_CINIT_Limit                  
20000000  __start___llvm_prf_cnts           
20000000  __stop___llvm_prf_cnts            
20000000  g_pfnRAMVectors                   
20000270  __stack                           
20000370  GPIOPinStatus                     
20000370  __STACK_END                       
20000374  stop                              
20000470  __STACK_TOP                       
ffffffff  __TI_pprof_out_hndl               
ffffffff  __TI_prof_data_size               
ffffffff  __TI_prof_data_start              
ffffffff  __binit__                         
ffffffff  __c_args__                        
ffffffff  binit                             
UNDEFED   __mpu_init                        
UNDEFED   _system_post_cinit                

[92 symbols]
