******************************************************************************
                  TI ARM Linker PC v20.2.7                     
******************************************************************************
>> Linked Tue Oct  3 19:13:53 2023

OUTPUT FILE NAME:   <ICM_20948_SPI.out>
ENTRY POINT SYMBOL: "_c_int00_noargs"  address: 00001055


MEMORY CONFIGURATION

         name            origin    length      used     unused   attr    fill
----------------------  --------  ---------  --------  --------  ----  --------
  FLASH                 00000000   00040000  00001428  0003ebd8  R  X
  SRAM                  20000000   00008000  00000379  00007c87  RW X


SEGMENT ALLOCATION MAP

run origin  load origin   length   init length attrs members
----------  ----------- ---------- ----------- ----- -------
00000000    00000000    00001428   00001428    r-x
  00000000    00000000    0000026c   0000026c    r-- .intvecs
  0000026c    0000026c    00000f60   00000f60    r-x .text
  000011cc    000011cc    0000022c   0000022c    r-- .const
  000013f8    000013f8    00000030   00000030    r-- .cinit
20000000    20000000    0000037d   00000000    rw-
  20000000    20000000    0000026c   00000000    rw- .vtable
  20000270    20000270    00000100   00000000    rw- .stack
  20000370    20000370    0000000d   00000000    rw- .data


SECTION ALLOCATION MAP

 output                                  attributes/
section   page    origin      length       input sections
--------  ----  ----------  ----------   ----------------
.intvecs   0    00000000    0000026c     
                  00000000    0000026c     startup_ccs.obj (.intvecs)

.text      0    0000026c    00000f60     
                  0000026c    000001ee     uartstdio.obj (.text:UARTvprintf)
                  0000045a    00000002     startup_ccs.obj (.text:FaultISR)
                  0000045c    000001c0     main.obj (.text:main)
                  0000061c    00000150     icm20948.obj (.text:icm20948_gyro_calibration)
                  0000076c    00000104     driverlib.lib : sysctl.obj (.text:SysCtlClockSet)
                  00000870    000000e0     spi.obj (.text:SPIInit)
                  00000950    000000c4     driverlib.lib : sysctl.obj (.text:SysCtlClockGet)
                  00000a14    0000009c     rtsv7M4_T_le_v4SPD16_eabi.lib : memcpy_t2.asm.obj (.text)
                  00000ab0    00000092     icm20948.obj (.text:icm20948_gyro_read)
                  00000b42    00000002     startup_ccs.obj (.text:IntDefaultHandler)
                  00000b44    0000007c     icm20948.obj (.text:icm20948_wakeup)
                  00000bc0    0000007a     rtsv7M4_T_le_v4SPD16_eabi.lib : memset_t2.asm.obj (.text)
                  00000c3a    00000002     startup_ccs.obj (.text:NmiSR)
                  00000c3c    00000070     main.obj (.text:ConfigureUART)
                  00000cac    00000068     rtsv7M4_T_le_v4SPD16_eabi.lib : copy_decompress_lzss.c.obj (.text:decompress:lzss:__TI_decompress_lzss)
                  00000d14    00000060     driverlib.lib : interrupt.obj (.text:IntEnable)
                  00000d74    00000060     uartstdio.obj (.text:UARTStdioConfig)
                  00000dd4    00000056     icm20948.obj (.text:icm20948_spi_slave_enable)
                  00000e2a    00000002     rtsv7M4_T_le_v4SPD16_eabi.lib : div0.asm.obj (.text)
                  00000e2c    00000054     main.obj (.text:GPIOPortFHandler)
                  00000e80    00000048     driverlib.lib : gpio.obj (.text:GPIOPinConfigure)
                  00000ec8    00000048     spi.obj (.text:ICM_SPI_Read)
                  00000f10    00000048     uartstdio.obj (.text:UARTwrite)
                  00000f58    00000044     spi.obj (.text:ICM_SPI_Write)
                  00000f9c    00000044     rtsv7M4_T_le_v4SPD16_eabi.lib : autoinit.c.obj (.text:__TI_auto_init_nobinit_nopinit:__TI_auto_init_nobinit_nopinit)
                  00000fe0    00000040                                   : u_divt2.asm.obj (.text)
                  00001020    00000034     driverlib.lib : interrupt.obj (.text:IntRegister)
                  00001054    00000034     rtsv7M4_T_le_v4SPD16_eabi.lib : boot_cortex_m.c.obj (.text:_c_int00_noargs:_c_int00_noargs)
                  00001088    00000020     spi.obj (.text:SPIDataRead)
                  000010a8    0000001c     spi.obj (.text:SPIDataWrite)
                  000010c4    0000001c     driverlib.lib : gpio.obj (.text:_GPIOIntNumberGet)
                  000010e0    0000001c     rtsv7M4_T_le_v4SPD16_eabi.lib : copy_zero_init.c.obj (.text:decompress:ZI:__TI_zero_init_nomemset:__TI_zero_init_nomemset)
                  000010fc    0000001a     uartstdio.obj (.text:UARTprintf)
                  00001116    00000018     driverlib.lib : gpio.obj (.text:GPIOIntRegister)
                  0000112e    00000014     icm20948.obj (.text:icm20948_init)
                  00001142    00000014     icm20948.obj (.text:write_single_icm20948_reg)
                  00001156    00000012     driverlib.lib : ssi.obj (.text:SSIDataGetNonBlocking)
                  00001168    00000010     icm20948.obj (.text:read_single_icm20948_reg)
                  00001178    0000000e     rtsv7M4_T_le_v4SPD16_eabi.lib : copy_decompress_none.c.obj (.text:decompress:none:__TI_decompress_none)
                  00001186    0000000c     driverlib.lib : gpio.obj (.text:GPIOIntEnable)
                  00001192    0000000a     icm20948.obj (.text:icm20948_device_reset)
                  0000119c    00000008     icm20948.obj (.text:icm20948_who_am_i)
                  000011a4    00000008     icm20948.obj (.text:select_user_bank)
                  000011ac    00000006     driverlib.lib : gpio.obj (.text:GPIOIntClear)
                  000011b2    00000006     startup_ccs.obj (.text:ResetISR)
                  000011b8    00000006     driverlib.lib : sysctl.obj (.text:SysCtlDelay)
                  000011be    00000006                   : uart.obj (.text:UARTClockSourceSet)
                  000011c4    00000004     rtsv7M4_T_le_v4SPD16_eabi.lib : pre_init.c.obj (.text:_system_pre_init)
                  000011c8    00000004                                   : exit.c.obj (.text:abort:abort)

.const     0    000011cc    0000022c     
                  000011cc    000000c0     driverlib.lib : gpio.obj (.const:g_ppui32GPIOIntMapBlizzard)
                  0000128c    00000078                   : gpio.obj (.const:g_pui32GPIOBaseAddrs)
                  00001304    00000070                   : interrupt.obj (.const)
                  00001374    0000006c                   : sysctl.obj (.const:g_pui32Xtals)
                  000013e0    0000000c     uartstdio.obj (.const:g_ui32UARTBase)
                  000013ec    0000000c     uartstdio.obj (.const:g_ui32UARTPeriph)

.cinit     0    000013f8    00000030     
                  000013f8    0000000c     (__TI_handler_table)
                  00001404    00000004     --HOLE-- [fill = 0]
                  00001408    00000008     (.cinit..vtable.load) [load image, compression = zero_init]
                  00001410    00000007     (.cinit..data.load) [load image, compression = lzss]
                  00001417    00000001     --HOLE-- [fill = 0]
                  00001418    00000010     (__TI_cinit_table)

.init_array 
*          0    00000000    00000000     UNINITIALIZED

.vtable    0    20000000    0000026c     UNINITIALIZED
                  20000000    0000026c     driverlib.lib : interrupt.obj (.vtable)

.data      0    20000370    0000000d     UNINITIALIZED
                  20000370    00000005     main.obj (.data)
                  20000375    00000003     --HOLE--
                  20000378    00000005     uartstdio.obj (.data)

.stack     0    20000270    00000100     UNINITIALIZED
                  20000270    00000004     rtsv7M4_T_le_v4SPD16_eabi.lib : boot_cortex_m.c.obj (.stack)
                  20000274    000000fc     --HOLE--

__llvm_prf_cnts 
*          0    20000000    00000000     UNINITIALIZED

MODULE SUMMARY

       Module                       code   ro data   rw data
       ------                       ----   -------   -------
    .\
       icm20948.obj                 774    0         0      
       main.obj                     644    0         5      
       startup_ccs.obj              12     620       0      
       spi.obj                      424    0         0      
    +--+----------------------------+------+---------+---------+
       Total:                       1854   620       5      
                                                            
    .\utils\
       uartstdio.obj                688    24        5      
    +--+----------------------------+------+---------+---------+
       Total:                       688    24        5      
                                                            
    C:/ti/TivaWare_C_Series-1.1/driverlib/ccs/Debug/driverlib.lib
       interrupt.obj                148    112       620    
       sysctl.obj                   462    108       0      
       gpio.obj                     142    312       0      
       ssi.obj                      18     0         0      
       uart.obj                     6      0         0      
    +--+----------------------------+------+---------+---------+
       Total:                       776    532       620    
                                                            
    D:\ti\ccs1240\ccs\tools\compiler\ti-cgt-arm_20.2.7.LTS\lib\rtsv7M4_T_le_v4SPD16_eabi.lib
       memcpy_t2.asm.obj            156    0         0      
       memset_t2.asm.obj            122    0         0      
       copy_decompress_lzss.c.obj   104    0         0      
       autoinit.c.obj               68     0         0      
       u_divt2.asm.obj              64     0         0      
       boot_cortex_m.c.obj          52     0         0      
       copy_zero_init.c.obj         28     0         0      
       copy_decompress_none.c.obj   14     0         0      
       exit.c.obj                   4      0         0      
       pre_init.c.obj               4      0         0      
       div0.asm.obj                 2      0         0      
    +--+----------------------------+------+---------+---------+
       Total:                       618    0         0      
                                                            
       Stack:                       0      0         256    
       Linker Generated:            0      43        0      
    +--+----------------------------+------+---------+---------+
       Grand Total:                 3936   1219      886    


LINKER GENERATED COPY TABLES

__TI_cinit_table @ 00001418 records: 2, size/record: 8, table size: 16
	.vtable: load addr=00001408, load size=00000008 bytes, run addr=20000000, run size=0000026c bytes, compression=zero_init
	.data: load addr=00001410, load size=00000007 bytes, run addr=20000370, run size=0000000d bytes, compression=lzss


LINKER GENERATED HANDLER TABLE

__TI_handler_table @ 000013f8 records: 3, size/record: 4, table size: 12
	index: 0, handler: __TI_zero_init
	index: 1, handler: __TI_decompress_lzss
	index: 2, handler: __TI_decompress_none


GLOBAL SYMBOLS: SORTED ALPHABETICALLY BY Name 

address   name                          
-------   ----                          
000011c9  C$$EXIT                       
00000c3d  ConfigureUART                 
000011ad  GPIOIntClear                  
00001187  GPIOIntEnable                 
00001117  GPIOIntRegister               
00000e81  GPIOPinConfigure              
20000370  GPIOPinStatus                 
00000e2d  GPIOPortFHandler              
00000ec9  ICM_SPI_Read                  
00000f59  ICM_SPI_Write                 
00000d15  IntEnable                     
00001021  IntRegister                   
000011b3  ResetISR                      
00001089  SPIDataRead                   
000010a9  SPIDataWrite                  
00000871  SPIInit                       
00001157  SSIDataGetNonBlocking         
00000951  SysCtlClockGet                
0000076d  SysCtlClockSet                
000011b9  SysCtlDelay                   
000011bf  UARTClockSourceSet            
00000d75  UARTStdioConfig               
000010fd  UARTprintf                    
0000026d  UARTvprintf                   
00000f11  UARTwrite                     
20000370  __STACK_END                   
00000100  __STACK_SIZE                  
20000470  __STACK_TOP                   
00001418  __TI_CINIT_Base               
00001428  __TI_CINIT_Limit              
000013f8  __TI_Handler_Table_Base       
00001404  __TI_Handler_Table_Limit      
00000f9d  __TI_auto_init_nobinit_nopinit
00000cad  __TI_decompress_lzss          
00001179  __TI_decompress_none          
ffffffff  __TI_pprof_out_hndl           
ffffffff  __TI_prof_data_size           
ffffffff  __TI_prof_data_start          
00000000  __TI_static_base__            
000010e1  __TI_zero_init_nomemset       
00000e2b  __aeabi_idiv0                 
00000e2b  __aeabi_ldiv0                 
00000bc1  __aeabi_memclr                
00000bc1  __aeabi_memclr4               
00000bc1  __aeabi_memclr8               
00000a15  __aeabi_memcpy                
00000a15  __aeabi_memcpy4               
00000a15  __aeabi_memcpy8               
00000bc3  __aeabi_memset                
00000bc3  __aeabi_memset4               
00000bc3  __aeabi_memset8               
00000fe1  __aeabi_uidiv                 
00000fe1  __aeabi_uidivmod              
ffffffff  __binit__                     
ffffffff  __c_args__                    
UNDEFED   __mpu_init                    
20000270  __stack                       
20000000  __start___llvm_prf_cnts       
20000000  __stop___llvm_prf_cnts        
00001055  _c_int00_noargs               
UNDEFED   _system_post_cinit            
000011c5  _system_pre_init              
000011c9  abort                         
ffffffff  binit                         
20000000  g_pfnRAMVectors               
00000000  g_pfnVectors                  
00001193  icm20948_device_reset         
0000061d  icm20948_gyro_calibration     
00000ab1  icm20948_gyro_read            
0000112f  icm20948_init                 
00000dd5  icm20948_spi_slave_enable     
00000b45  icm20948_wakeup               
0000119d  icm20948_who_am_i             
0000045d  main                          
00000a15  memcpy                        
00000bc9  memset                        
00001169  read_single_icm20948_reg      
20000374  stop                          
00001143  write_single_icm20948_reg     


GLOBAL SYMBOLS: SORTED BY Symbol Address 

address   name                          
-------   ----                          
00000000  __TI_static_base__            
00000000  g_pfnVectors                  
00000100  __STACK_SIZE                  
0000026d  UARTvprintf                   
0000045d  main                          
0000061d  icm20948_gyro_calibration     
0000076d  SysCtlClockSet                
00000871  SPIInit                       
00000951  SysCtlClockGet                
00000a15  __aeabi_memcpy                
00000a15  __aeabi_memcpy4               
00000a15  __aeabi_memcpy8               
00000a15  memcpy                        
00000ab1  icm20948_gyro_read            
00000b45  icm20948_wakeup               
00000bc1  __aeabi_memclr                
00000bc1  __aeabi_memclr4               
00000bc1  __aeabi_memclr8               
00000bc3  __aeabi_memset                
00000bc3  __aeabi_memset4               
00000bc3  __aeabi_memset8               
00000bc9  memset                        
00000c3d  ConfigureUART                 
00000cad  __TI_decompress_lzss          
00000d15  IntEnable                     
00000d75  UARTStdioConfig               
00000dd5  icm20948_spi_slave_enable     
00000e2b  __aeabi_idiv0                 
00000e2b  __aeabi_ldiv0                 
00000e2d  GPIOPortFHandler              
00000e81  GPIOPinConfigure              
00000ec9  ICM_SPI_Read                  
00000f11  UARTwrite                     
00000f59  ICM_SPI_Write                 
00000f9d  __TI_auto_init_nobinit_nopinit
00000fe1  __aeabi_uidiv                 
00000fe1  __aeabi_uidivmod              
00001021  IntRegister                   
00001055  _c_int00_noargs               
00001089  SPIDataRead                   
000010a9  SPIDataWrite                  
000010e1  __TI_zero_init_nomemset       
000010fd  UARTprintf                    
00001117  GPIOIntRegister               
0000112f  icm20948_init                 
00001143  write_single_icm20948_reg     
00001157  SSIDataGetNonBlocking         
00001169  read_single_icm20948_reg      
00001179  __TI_decompress_none          
00001187  GPIOIntEnable                 
00001193  icm20948_device_reset         
0000119d  icm20948_who_am_i             
000011ad  GPIOIntClear                  
000011b3  ResetISR                      
000011b9  SysCtlDelay                   
000011bf  UARTClockSourceSet            
000011c5  _system_pre_init              
000011c9  C$$EXIT                       
000011c9  abort                         
000013f8  __TI_Handler_Table_Base       
00001404  __TI_Handler_Table_Limit      
00001418  __TI_CINIT_Base               
00001428  __TI_CINIT_Limit              
20000000  __start___llvm_prf_cnts       
20000000  __stop___llvm_prf_cnts        
20000000  g_pfnRAMVectors               
20000270  __stack                       
20000370  GPIOPinStatus                 
20000370  __STACK_END                   
20000374  stop                          
20000470  __STACK_TOP                   
ffffffff  __TI_pprof_out_hndl           
ffffffff  __TI_prof_data_size           
ffffffff  __TI_prof_data_start          
ffffffff  __binit__                     
ffffffff  __c_args__                    
ffffffff  binit                         
UNDEFED   __mpu_init                    
UNDEFED   _system_post_cinit            

[79 symbols]
