******************************************************************************
                  TI ARM Linker PC v20.2.7                     
******************************************************************************
>> Linked Wed Oct 11 10:16:50 2023

OUTPUT FILE NAME:   <ICM_20948_SPI.out>
ENTRY POINT SYMBOL: "_c_int00_noargs"  address: 00002cad


MEMORY CONFIGURATION

         name            origin    length      used     unused   attr    fill
----------------------  --------  ---------  --------  --------  ----  --------
  FLASH                 00000000   00040000  0000335c  0003cca4  R  X
  SRAM                  20000000   00008000  00000835  000077cb  RW X


SEGMENT ALLOCATION MAP

run origin  load origin   length   init length attrs members
----------  ----------- ---------- ----------- ----- -------
00000000    00000000    00003360   00003360    r-x
  00000000    00000000    0000026c   0000026c    r-- .intvecs
  0000026c    0000026c    00002e74   00002e74    r-x .text
  000030e0    000030e0    0000022c   0000022c    r-- .const
  00003310    00003310    00000050   00000050    r-- .cinit
20000000    20000000    00000838   00000000    rw-
  20000000    20000000    0000026c   00000000    rw- .vtable
  2000026c    2000026c    00000492   00000000    rw- .bss
  20000700    20000700    00000100   00000000    rw- .stack
  20000800    20000800    00000027   00000000    rw- .data
  20000828    20000828    00000010   00000000    rw- .sysmem


SECTION ALLOCATION MAP

 output                                  attributes/
section   page    origin      length       input sections
--------  ----  ----------  ----------   ----------------
.intvecs   0    00000000    0000026c     
                  00000000    0000026c     startup_ccs.obj (.intvecs)

.text      0    0000026c    00002e74     
                  0000026c    0000036c     main.obj (.text:main)
                  000005d8    00000308     ff.obj (.text:chk_mounted)
                  000008e0    00000235     icm20948.obj (.text:icm20948_accel_calibration)
                  00000b15    00000001     --HOLE-- [fill = 0]
                  00000b16    00000002     startup_ccs.obj (.text:FaultISR)
                  00000b18    0000021c     main.obj (.text:Timer5IntHandler)
                  00000d34    000001ee     uartstdio.obj (.text:UARTvprintf)
                  00000f22    00000002     startup_ccs.obj (.text:IntDefaultHandler)
                  00000f24    00000150     icm20948.obj (.text:icm20948_gyro_calibration)
                  00001074    00000148     ff.obj (.text:f_open)
                  000011bc    00000140     mmc-tm4c123g.obj (.text:disk_initialize)
                  000012fc    0000012b     ff.obj (.text:create_name)
                  00001427    00000001     --HOLE-- [fill = 0]
                  00001428    00000104     driverlib.lib : sysctl.obj (.text:SysCtlClockSet)
                  0000152c    00000100     rtsv7M4_T_le_v4SPD16_eabi.lib : memory.c.obj (.text:aligned_alloc)
                  0000162c    000000f8     ff.obj (.text:dir_next)
                  00001724    000000ec     mmc-tm4c123g.obj (.text:power_on)
                  00001810    000000e2     ff.obj (.text:put_fat)
                  000018f2    00000002     startup_ccs.obj (.text:NmiSR)
                  000018f4    000000e0     spi.obj (.text:SPIInit)
                  000019d4    000000cc     ff.obj (.text:get_fat)
                  00001aa0    000000c4     driverlib.lib : sysctl.obj (.text:SysCtlClockGet)
                  00001b64    000000b8     mmc-tm4c123g.obj (.text:disk_write)
                  00001c1c    0000009c     rtsv7M4_T_le_v4SPD16_eabi.lib : memcpy_t2.asm.obj (.text)
                  00001cb8    00000098     ff.obj (.text:create_chain)
                  00001d50    00000092     icm20948.obj (.text:icm20948_accel_read)
                  00001de2    00000092     icm20948.obj (.text:icm20948_gyro_read)
                  00001e74    00000090     mmc-tm4c123g.obj (.text:disk_read)
                  00001f04    0000007c     main.obj (.text:SW_int_init)
                  00001f80    0000007c     ff.obj (.text:dir_sdi)
                  00001ffc    0000007a     rtsv7M4_T_le_v4SPD16_eabi.lib : memset_t2.asm.obj (.text)
                  00002076    00000002                                   : _lock.c.obj (.text:_nop)
                  00002078    00000078     icm20948.obj (.text:icm20948_wakeup)
                  000020f0    00000074     ff.obj (.text:check_fs)
                  00002164    00000070     main.obj (.text:ConfigureUART)
                  000021d4    00000070     rtsv7M4_T_le_v4SPD16_eabi.lib : memory.c.obj (.text:split)
                  00002244    00000068                                   : copy_decompress_lzss.c.obj (.text:decompress:lzss:__TI_decompress_lzss)
                  000022ac    00000066     mmc-tm4c123g.obj (.text:send_cmd)
                  00002312    00000064     ff.obj (.text:follow_path)
                  00002376    00000002     rtsv7M4_T_le_v4SPD16_eabi.lib : div0.asm.obj (.text)
                  00002378    00000064     main.obj (.text:timer5_init)
                  000023dc    00000062     ff.obj (.text:remove_chain)
                  0000243e    00000002     --HOLE-- [fill = 0]
                  00002440    00000060     driverlib.lib : interrupt.obj (.text:IntEnable)
                  000024a0    00000060     uartstdio.obj (.text:UARTStdioConfig)
                  00002500    00000060     mmc-tm4c123g.obj (.text:send_initial_clock_train)
                  00002560    0000005c     icm20948.obj (.text:icm20948_accel_full_scale_select)
                  000025bc    0000005c     icm20948.obj (.text:icm20948_gyro_full_scale_select)
                  00002618    0000005a     icm20948.obj (.text:icm20948_gyro_low_pass_filter)
                  00002672    00000056     ff.obj (.text:sync_window)
                  000026c8    00000055     icm20948.obj (.text:icm20948_spi_slave_enable)
                  0000271d    00000003     --HOLE-- [fill = 0]
                  00002720    00000054     main.obj (.text:GPIOPortFHandler)
                  00002774    00000054     mmc-tm4c123g.obj (.text:set_max_speed)
                  000027c8    00000052     mmc-tm4c123g.obj (.text:xmit_datablock)
                  0000281a    00000002     --HOLE-- [fill = 0]
                  0000281c    00000051     icm20948.obj (.text:icm20948_clock_source)
                  0000286d    00000003     --HOLE-- [fill = 0]
                  00002870    00000050     icm20948.obj (.text:icm20948_device_reset)
                  000028c0    00000048     driverlib.lib : gpio.obj (.text:GPIOPinConfigure)
                  00002908    00000048     spi.obj (.text:ICM_SPI_Read)
                  00002950    00000048     uartstdio.obj (.text:UARTwrite)
                  00002998    00000048     ff.obj (.text:dir_find)
                  000029e0    00000048     icm20948.obj (.text:icm20948_accel_read_g)
                  00002a28    00000048     icm20948.obj (.text:icm20948_odr_align_enable)
                  00002a70    00000048     mmc-tm4c123g.obj (.text:rcvr_datablock)
                  00002ab8    00000046     icm20948.obj (.text:icm20948_init)
                  00002afe    00000002     --HOLE-- [fill = 0]
                  00002b00    00000044     spi.obj (.text:ICM_SPI_Write)
                  00002b44    00000044     rtsv7M4_T_le_v4SPD16_eabi.lib : autoinit.c.obj (.text:__TI_auto_init_nobinit_nopinit:__TI_auto_init_nobinit_nopinit)
                  00002b88    00000040                                   : u_divt2.asm.obj (.text)
                  00002bc8    0000003e     ff.obj (.text:dir_alloc)
                  00002c06    00000038     ff.obj (.text:dir_register)
                  00002c3e    00000002     --HOLE-- [fill = 0]
                  00002c40    00000038     icm20948.obj (.text:icm20948_gyro_read_dps)
                  00002c78    00000034     driverlib.lib : interrupt.obj (.text:IntRegister)
                  00002cac    00000034     rtsv7M4_T_le_v4SPD16_eabi.lib : boot_cortex_m.c.obj (.text:_c_int00_noargs:_c_int00_noargs)
                  00002ce0    00000032     mmc-tm4c123g.obj (.text:send_cmd12)
                  00002d12    0000002e     ff.obj (.text:move_window)
                  00002d40    0000002c     ff.obj (.text:f_mount)
                  00002d6c    0000002c     mmc-tm4c123g.obj (.text:rcvr_spi)
                  00002d98    00000028     rtsv7M4_T_le_v4SPD16_eabi.lib : memory.c.obj (.text:free_list_insert)
                  00002dc0    00000024     mmc-tm4c123g.obj (.text:xmit_spi)
                  00002de4    00000020     spi.obj (.text:SPIDataRead)
                  00002e04    00000020     mmc-tm4c123g.obj (.text:disk_timerproc)
                  00002e24    00000020     mmc-tm4c123g.obj (.text:wait_ready)
                  00002e44    0000001e     icm20948.obj (.text:icm20948_accel_sample_rate_divider)
                  00002e62    0000001e     ff.obj (.text:ld_clust)
                  00002e80    0000001c     mmc-tm4c123g.obj (.text:DESELECT)
                  00002e9c    0000001c     mmc-tm4c123g.obj (.text:SELECT)
                  00002eb8    0000001c     spi.obj (.text:SPIDataWrite)
                  00002ed4    0000001c     driverlib.lib : systick.obj (.text:SysTickIntRegister)
                  00002ef0    0000001c                   : gpio.obj (.text:_GPIOIntNumberGet)
                  00002f0c    0000001c     rtsv7M4_T_le_v4SPD16_eabi.lib : memory.c.obj (.text:free_list_remove)
                  00002f28    0000001c     ff.obj (.text:mem_cmp)
                  00002f44    0000001a     uartstdio.obj (.text:UARTprintf)
                  00002f5e    0000001a     icm20948.obj (.text:icm20948_accel_low_pass_filter)
                  00002f78    00000018     driverlib.lib : gpio.obj (.text:GPIOIntRegister)
                  00002f90    00000018     main.obj (.text:SysTickHandler)
                  00002fa8    00000018     ff.obj (.text:clust2sect)
                  00002fc0    00000016     ff.obj (.text:mem_cpy)
                  00002fd6    00000014     ff.obj (.text:mem_set)
                  00002fea    00000014     icm20948.obj (.text:write_single_icm20948_reg)
                  00002ffe    00000012     driverlib.lib : ssi.obj (.text:SSIDataGetNonBlocking)
                  00003010    00000012     ff.obj (.text:chk_chr)
                  00003022    00000002     --HOLE-- [fill = 0]
                  00003024    00000010     mmc-tm4c123g.obj (.text:disk_status)
                  00003034    00000010     icm20948.obj (.text:read_single_icm20948_reg)
                  00003044    00000010     ff.obj (.text:st_clust)
                  00003054    0000000e     rtsv7M4_T_le_v4SPD16_eabi.lib : copy_decompress_none.c.obj (.text:decompress:none:__TI_decompress_none)
                  00003062    0000000c     driverlib.lib : gpio.obj (.text:GPIOIntEnable)
                  0000306e    0000000c     rtsv7M4_T_le_v4SPD16_eabi.lib : copy_zero_init.c.obj (.text:decompress:ZI:__TI_zero_init)
                  0000307a    00000002     --HOLE-- [fill = 0]
                  0000307c    0000000c     mmc-tm4c123g.obj (.text:power_off)
                  00003088    0000000c     mmc-tm4c123g.obj (.text:rcvr_spi_m)
                  00003094    0000000a     icm20948.obj (.text:icm20948_gyro_sample_rate_divider)
                  0000309e    00000002     --HOLE-- [fill = 0]
                  000030a0    00000008     mmc-tm4c123g.obj (.text:get_fattime)
                  000030a8    00000008     icm20948.obj (.text:icm20948_who_am_i)
                  000030b0    00000008     rtsv7M4_T_le_v4SPD16_eabi.lib : memory.c.obj (.text:malloc)
                  000030b8    00000008     icm20948.obj (.text:select_user_bank)
                  000030c0    00000006     driverlib.lib : gpio.obj (.text:GPIOIntClear)
                  000030c6    00000006     startup_ccs.obj (.text:ResetISR)
                  000030cc    00000006     driverlib.lib : sysctl.obj (.text:SysCtlDelay)
                  000030d2    00000006                   : uart.obj (.text:UARTClockSourceSet)
                  000030d8    00000004     rtsv7M4_T_le_v4SPD16_eabi.lib : pre_init.c.obj (.text:_system_pre_init)
                  000030dc    00000004                                   : exit.c.obj (.text:abort:abort)

.const     0    000030e0    0000022c     
                  000030e0    000000c0     driverlib.lib : gpio.obj (.const:g_ppui32GPIOIntMapBlizzard)
                  000031a0    00000078                   : gpio.obj (.const:g_pui32GPIOBaseAddrs)
                  00003218    00000070                   : interrupt.obj (.const)
                  00003288    0000006c                   : sysctl.obj (.const:g_pui32Xtals)
                  000032f4    0000000c     uartstdio.obj (.const:g_ui32UARTBase)
                  00003300    0000000c     uartstdio.obj (.const:g_ui32UARTPeriph)

.cinit     0    00003310    00000050     
                  00003310    00000018     (.cinit..data.load) [load image, compression = lzss]
                  00003328    0000000c     (__TI_handler_table)
                  00003334    00000004     --HOLE-- [fill = 0]
                  00003338    00000008     (.cinit..bss.load) [load image, compression = zero_init]
                  00003340    00000008     (.cinit..vtable.load) [load image, compression = zero_init]
                  00003348    00000018     (__TI_cinit_table)

.init_array 
*          0    00000000    00000000     UNINITIALIZED

.vtable    0    20000000    0000026c     UNINITIALIZED
                  20000000    0000026c     driverlib.lib : interrupt.obj (.vtable)

.bss       0    2000026c    00000492     UNINITIALIZED
                  2000026c    00000234     (.common:fatfs)
                  200004a0    00000224     (.common:fil)
                  200006c4    0000000c     (.common:accel_axises)
                  200006d0    0000000c     (.common:gyro_axises)
                  200006dc    00000008     icm20948.obj (.bss)
                  200006e4    00000006     main.obj (.bss:accel_sign$3)
                  200006ea    00000006     main.obj (.bss:gyro_sign$2)
                  200006f0    00000004     ff.obj (.bss:FatFs)
                  200006f4    00000004     (.common:bufferA)
                  200006f8    00000003     mmc-tm4c123g.obj (.bss)
                  200006fb    00000001     (.common:rc)
                  200006fc    00000002     ff.obj (.bss)

.stack     0    20000700    00000100     UNINITIALIZED
                  20000700    00000004     rtsv7M4_T_le_v4SPD16_eabi.lib : boot_cortex_m.c.obj (.stack)
                  20000704    000000fc     --HOLE--

.data      0    20000800    00000027     UNINITIALIZED
                  20000800    00000010     main.obj (.data)
                  20000810    00000008     rtsv7M4_T_le_v4SPD16_eabi.lib : _lock.c.obj (.data:$O1$$)
                  20000818    00000008                                   : memory.c.obj (.data:$O1$$)
                  20000820    00000005     uartstdio.obj (.data)
                  20000825    00000002     mmc-tm4c123g.obj (.data)

.sysmem    0    20000828    00000010     UNINITIALIZED
                  20000828    00000010     rtsv7M4_T_le_v4SPD16_eabi.lib : memory.c.obj (.sysmem)

__llvm_prf_cnts 
*          0    20000000    00000000     UNINITIALIZED

MODULE SUMMARY

       Module                       code    ro data   rw data
       ------                       ----    -------   -------
    .\
       ff.obj                       3195    0         6      
       main.obj                     1860    0         1169   
       icm20948.obj                 2221    0         8      
       mmc-tm4c123g.obj             1618    0         5      
       startup_ccs.obj              12      620       0      
       spi.obj                      424     0         0      
    +--+----------------------------+-------+---------+---------+
       Total:                       9330    620       1188   
                                                             
    .\utils\
       uartstdio.obj                688     24        5      
    +--+----------------------------+-------+---------+---------+
       Total:                       688     24        5      
                                                             
    C:/ti/TivaWare_C_Series-1.1/driverlib/ccs/Debug/driverlib.lib
       interrupt.obj                148     112       620    
       sysctl.obj                   462     108       0      
       gpio.obj                     142     312       0      
       systick.obj                  28      0         0      
       ssi.obj                      18      0         0      
       uart.obj                     6       0         0      
    +--+----------------------------+-------+---------+---------+
       Total:                       804     532       620    
                                                             
    D:\ti\ccs1240\ccs\tools\compiler\ti-cgt-arm_20.2.7.LTS\lib\rtsv7M4_T_le_v4SPD16_eabi.lib
       memory.c.obj                 444     0         8      
       memcpy_t2.asm.obj            156     0         0      
       memset_t2.asm.obj            122     0         0      
       copy_decompress_lzss.c.obj   104     0         0      
       autoinit.c.obj               68      0         0      
       u_divt2.asm.obj              64      0         0      
       boot_cortex_m.c.obj          52      0         0      
       copy_decompress_none.c.obj   14      0         0      
       copy_zero_init.c.obj         12      0         0      
       _lock.c.obj                  2       0         8      
       exit.c.obj                   4       0         0      
       pre_init.c.obj               4       0         0      
       div0.asm.obj                 2       0         0      
    +--+----------------------------+-------+---------+---------+
       Total:                       1048    0         16     
                                                             
       Heap:                        0       0         16     
       Stack:                       0       0         256    
       Linker Generated:            0       76        0      
    +--+----------------------------+-------+---------+---------+
       Grand Total:                 11870   1252      2101   


LINKER GENERATED COPY TABLES

__TI_cinit_table @ 00003348 records: 3, size/record: 8, table size: 24
	.data: load addr=00003310, load size=00000018 bytes, run addr=20000800, run size=00000027 bytes, compression=lzss
	.bss: load addr=00003338, load size=00000008 bytes, run addr=2000026c, run size=00000492 bytes, compression=zero_init
	.vtable: load addr=00003340, load size=00000008 bytes, run addr=20000000, run size=0000026c bytes, compression=zero_init


LINKER GENERATED HANDLER TABLE

__TI_handler_table @ 00003328 records: 3, size/record: 4, table size: 12
	index: 0, handler: __TI_zero_init
	index: 1, handler: __TI_decompress_lzss
	index: 2, handler: __TI_decompress_none


GLOBAL SYMBOLS: SORTED ALPHABETICALLY BY Name 

address   name                              
-------   ----                              
000030dd  C$$EXIT                           
00002165  ConfigureUART                     
000030c1  GPIOIntClear                      
00003063  GPIOIntEnable                     
00002f79  GPIOIntRegister                   
000028c1  GPIOPinConfigure                  
20000800  GPIOPinStatus                     
00002721  GPIOPortFHandler                  
00002909  ICM_SPI_Read                      
00002b01  ICM_SPI_Write                     
00002441  IntEnable                         
00002c79  IntRegister                       
000030c7  ResetISR                          
00002de5  SPIDataRead                       
00002eb9  SPIDataWrite                      
000018f5  SPIInit                           
00002fff  SSIDataGetNonBlocking             
00001f05  SW_int_init                       
00001aa1  SysCtlClockGet                    
00001429  SysCtlClockSet                    
000030cd  SysCtlDelay                       
00002f91  SysTickHandler                    
00002ed5  SysTickIntRegister                
00000b19  Timer5IntHandler                  
000030d3  UARTClockSourceSet                
000024a1  UARTStdioConfig                   
00002f45  UARTprintf                        
00000d35  UARTvprintf                       
00002951  UARTwrite                         
20000800  __STACK_END                       
00000100  __STACK_SIZE                      
20000900  __STACK_TOP                       
00000010  __SYSMEM_SIZE                     
00003348  __TI_CINIT_Base                   
00003360  __TI_CINIT_Limit                  
00003328  __TI_Handler_Table_Base           
00003334  __TI_Handler_Table_Limit          
00002b45  __TI_auto_init_nobinit_nopinit    
00002245  __TI_decompress_lzss              
00003055  __TI_decompress_none              
ffffffff  __TI_pprof_out_hndl               
ffffffff  __TI_prof_data_size               
ffffffff  __TI_prof_data_start              
00000000  __TI_static_base__                
0000306f  __TI_zero_init                    
00002377  __aeabi_idiv0                     
00002377  __aeabi_ldiv0                     
00001ffd  __aeabi_memclr                    
00001ffd  __aeabi_memclr4                   
00001ffd  __aeabi_memclr8                   
00001c1d  __aeabi_memcpy                    
00001c1d  __aeabi_memcpy4                   
00001c1d  __aeabi_memcpy8                   
00001fff  __aeabi_memset                    
00001fff  __aeabi_memset4                   
00001fff  __aeabi_memset8                   
00002b89  __aeabi_uidiv                     
00002b89  __aeabi_uidivmod                  
ffffffff  __binit__                         
ffffffff  __c_args__                        
UNDEFED   __mpu_init                        
20000700  __stack                           
20000000  __start___llvm_prf_cnts           
20000000  __stop___llvm_prf_cnts            
00002cad  _c_int00_noargs                   
20000810  _lock                             
00002077  _nop                              
20000828  _sys_memory                       
UNDEFED   _system_post_cinit                
000030d9  _system_pre_init                  
20000814  _unlock                           
000030dd  abort                             
200006c4  accel_axises                      
0000152d  aligned_alloc                     
ffffffff  binit                             
200006f4  bufferA                           
20000808  buffer_size                       
00002fa9  clust2sect                        
000011bd  disk_initialize                   
00001e75  disk_read                         
00003025  disk_status                       
00002e05  disk_timerproc                    
00001b65  disk_write                        
00002d41  f_mount                           
00001075  f_open                            
2000026c  fatfs                             
200004a0  fil                               
20000000  g_pfnRAMVectors                   
00000000  g_pfnVectors                      
000019d5  get_fat                           
000030a1  get_fattime                       
200006d0  gyro_axises                       
000008e1  icm20948_accel_calibration        
00002561  icm20948_accel_full_scale_select  
00002f5f  icm20948_accel_low_pass_filter    
00001d51  icm20948_accel_read               
000029e1  icm20948_accel_read_g             
00002e45  icm20948_accel_sample_rate_divider
0000281d  icm20948_clock_source             
00002871  icm20948_device_reset             
00000f25  icm20948_gyro_calibration         
000025bd  icm20948_gyro_full_scale_select   
00002619  icm20948_gyro_low_pass_filter     
00001de3  icm20948_gyro_read                
00002c41  icm20948_gyro_read_dps            
00003095  icm20948_gyro_sample_rate_divider 
00002ab9  icm20948_init                     
00002a29  icm20948_odr_align_enable         
000026c9  icm20948_spi_slave_enable         
00002079  icm20948_wakeup                   
000030a9  icm20948_who_am_i                 
0000026d  main                              
000030b1  malloc                            
0000152d  memalign                          
00001c1d  memcpy                            
00002005  memset                            
00001811  put_fat                           
200006fb  rc                                
00003035  read_single_icm20948_reg          
2000080c  sample_nums                       
20000804  stop                              
00002379  timer5_init                       
00002feb  write_single_icm20948_reg         


GLOBAL SYMBOLS: SORTED BY Symbol Address 

address   name                              
-------   ----                              
00000000  __TI_static_base__                
00000000  g_pfnVectors                      
00000010  __SYSMEM_SIZE                     
00000100  __STACK_SIZE                      
0000026d  main                              
000008e1  icm20948_accel_calibration        
00000b19  Timer5IntHandler                  
00000d35  UARTvprintf                       
00000f25  icm20948_gyro_calibration         
00001075  f_open                            
000011bd  disk_initialize                   
00001429  SysCtlClockSet                    
0000152d  aligned_alloc                     
0000152d  memalign                          
00001811  put_fat                           
000018f5  SPIInit                           
000019d5  get_fat                           
00001aa1  SysCtlClockGet                    
00001b65  disk_write                        
00001c1d  __aeabi_memcpy                    
00001c1d  __aeabi_memcpy4                   
00001c1d  __aeabi_memcpy8                   
00001c1d  memcpy                            
00001d51  icm20948_accel_read               
00001de3  icm20948_gyro_read                
00001e75  disk_read                         
00001f05  SW_int_init                       
00001ffd  __aeabi_memclr                    
00001ffd  __aeabi_memclr4                   
00001ffd  __aeabi_memclr8                   
00001fff  __aeabi_memset                    
00001fff  __aeabi_memset4                   
00001fff  __aeabi_memset8                   
00002005  memset                            
00002077  _nop                              
00002079  icm20948_wakeup                   
00002165  ConfigureUART                     
00002245  __TI_decompress_lzss              
00002377  __aeabi_idiv0                     
00002377  __aeabi_ldiv0                     
00002379  timer5_init                       
00002441  IntEnable                         
000024a1  UARTStdioConfig                   
00002561  icm20948_accel_full_scale_select  
000025bd  icm20948_gyro_full_scale_select   
00002619  icm20948_gyro_low_pass_filter     
000026c9  icm20948_spi_slave_enable         
00002721  GPIOPortFHandler                  
0000281d  icm20948_clock_source             
00002871  icm20948_device_reset             
000028c1  GPIOPinConfigure                  
00002909  ICM_SPI_Read                      
00002951  UARTwrite                         
000029e1  icm20948_accel_read_g             
00002a29  icm20948_odr_align_enable         
00002ab9  icm20948_init                     
00002b01  ICM_SPI_Write                     
00002b45  __TI_auto_init_nobinit_nopinit    
00002b89  __aeabi_uidiv                     
00002b89  __aeabi_uidivmod                  
00002c41  icm20948_gyro_read_dps            
00002c79  IntRegister                       
00002cad  _c_int00_noargs                   
00002d41  f_mount                           
00002de5  SPIDataRead                       
00002e05  disk_timerproc                    
00002e45  icm20948_accel_sample_rate_divider
00002eb9  SPIDataWrite                      
00002ed5  SysTickIntRegister                
00002f45  UARTprintf                        
00002f5f  icm20948_accel_low_pass_filter    
00002f79  GPIOIntRegister                   
00002f91  SysTickHandler                    
00002fa9  clust2sect                        
00002feb  write_single_icm20948_reg         
00002fff  SSIDataGetNonBlocking             
00003025  disk_status                       
00003035  read_single_icm20948_reg          
00003055  __TI_decompress_none              
00003063  GPIOIntEnable                     
0000306f  __TI_zero_init                    
00003095  icm20948_gyro_sample_rate_divider 
000030a1  get_fattime                       
000030a9  icm20948_who_am_i                 
000030b1  malloc                            
000030c1  GPIOIntClear                      
000030c7  ResetISR                          
000030cd  SysCtlDelay                       
000030d3  UARTClockSourceSet                
000030d9  _system_pre_init                  
000030dd  C$$EXIT                           
000030dd  abort                             
00003328  __TI_Handler_Table_Base           
00003334  __TI_Handler_Table_Limit          
00003348  __TI_CINIT_Base                   
00003360  __TI_CINIT_Limit                  
20000000  __start___llvm_prf_cnts           
20000000  __stop___llvm_prf_cnts            
20000000  g_pfnRAMVectors                   
2000026c  fatfs                             
200004a0  fil                               
200006c4  accel_axises                      
200006d0  gyro_axises                       
200006f4  bufferA                           
200006fb  rc                                
20000700  __stack                           
20000800  GPIOPinStatus                     
20000800  __STACK_END                       
20000804  stop                              
20000808  buffer_size                       
2000080c  sample_nums                       
20000810  _lock                             
20000814  _unlock                           
20000828  _sys_memory                       
20000900  __STACK_TOP                       
ffffffff  __TI_pprof_out_hndl               
ffffffff  __TI_prof_data_size               
ffffffff  __TI_prof_data_start              
ffffffff  __binit__                         
ffffffff  __c_args__                        
ffffffff  binit                             
UNDEFED   __mpu_init                        
UNDEFED   _system_post_cinit                

[123 symbols]
