******************************************************************************
                  TI ARM Linker PC v20.2.7                     
******************************************************************************
>> Linked Tue Oct 10 15:34:35 2023

OUTPUT FILE NAME:   <ICM_20948_SPI.out>
ENTRY POINT SYMBOL: "_c_int00_noargs"  address: 00002b65


MEMORY CONFIGURATION

         name            origin    length      used     unused   attr    fill
----------------------  --------  ---------  --------  --------  ----  --------
  FLASH                 00000000   00040000  0000309e  0003cf62  R  X
  SRAM                  20000000   00008000  00000831  000077cf  RW X


SEGMENT ALLOCATION MAP

run origin  load origin   length   init length attrs members
----------  ----------- ---------- ----------- ----- -------
00000000    00000000    000030a0   000030a0    r-x
  00000000    00000000    0000026c   0000026c    r-- .intvecs
  0000026c    0000026c    00002ce6   00002ce6    r-x .text
  00002f54    00002f54    000000fc   000000fc    r-- .const
  00003050    00003050    00000050   00000050    r-- .cinit
20000000    20000000    00000838   00000000    rw-
  20000000    20000000    0000026c   00000000    rw- .vtable
  2000026c    2000026c    00000492   00000000    rw- .bss
  20000700    20000700    00000100   00000000    rw- .stack
  20000800    20000800    00000023   00000000    rw- .data
  20000828    20000828    00000010   00000000    rw- .sysmem


SECTION ALLOCATION MAP

 output                                  attributes/
section   page    origin      length       input sections
--------  ----  ----------  ----------   ----------------
.intvecs   0    00000000    0000026c     
                  00000000    0000026c     startup_ccs.obj (.intvecs)

.text      0    0000026c    00002ce6     
                  0000026c    00000308     ff.obj (.text:chk_mounted)
                  00000574    00000304     main.obj (.text:Timer5IntHandler)
                  00000878    000002f8     main.obj (.text:main)
                  00000b70    00000235     icm20948.obj (.text:icm20948_accel_calibration)
                  00000da5    00000001     --HOLE-- [fill = 0]
                  00000da6    00000002     startup_ccs.obj (.text:FaultISR)
                  00000da8    000001ee     uartstdio.obj (.text:UARTvprintf)
                  00000f96    00000002     startup_ccs.obj (.text:IntDefaultHandler)
                  00000f98    00000150     icm20948.obj (.text:icm20948_gyro_calibration)
                  000010e8    00000148     ff.obj (.text:f_open)
                  00001230    00000140     mmc-tm4c123g.obj (.text:disk_initialize)
                  00001370    0000012b     ff.obj (.text:create_name)
                  0000149b    00000001     --HOLE-- [fill = 0]
                  0000149c    00000100     rtsv7M4_T_le_v4SPD16_eabi.lib : memory.c.obj (.text:aligned_alloc)
                  0000159c    000000f8     ff.obj (.text:dir_next)
                  00001694    000000ec     mmc-tm4c123g.obj (.text:power_on)
                  00001780    000000e2     ff.obj (.text:put_fat)
                  00001862    00000002     startup_ccs.obj (.text:NmiSR)
                  00001864    000000e0     spi.obj (.text:SPIInit)
                  00001944    000000cc     ff.obj (.text:get_fat)
                  00001a10    000000c4     driverlib.lib : sysctl.obj (.text:SysCtlClockGet)
                  00001ad4    000000b8     mmc-tm4c123g.obj (.text:disk_write)
                  00001b8c    0000009c     rtsv7M4_T_le_v4SPD16_eabi.lib : memcpy_t2.asm.obj (.text)
                  00001c28    00000098     ff.obj (.text:create_chain)
                  00001cc0    00000092     icm20948.obj (.text:icm20948_accel_read)
                  00001d52    00000092     icm20948.obj (.text:icm20948_gyro_read)
                  00001de4    00000090     mmc-tm4c123g.obj (.text:disk_read)
                  00001e74    0000008c     main.obj (.text:timer5_init)
                  00001f00    0000007c     ff.obj (.text:dir_sdi)
                  00001f7c    0000007a     rtsv7M4_T_le_v4SPD16_eabi.lib : memset_t2.asm.obj (.text)
                  00001ff6    00000002                                   : _lock.c.obj (.text:_nop)
                  00001ff8    00000078     icm20948.obj (.text:icm20948_wakeup)
                  00002070    00000074     ff.obj (.text:check_fs)
                  000020e4    00000070     main.obj (.text:ConfigureUART)
                  00002154    00000070     rtsv7M4_T_le_v4SPD16_eabi.lib : memory.c.obj (.text:split)
                  000021c4    00000068                                   : copy_decompress_lzss.c.obj (.text:decompress:lzss:__TI_decompress_lzss)
                  0000222c    00000066     mmc-tm4c123g.obj (.text:send_cmd)
                  00002292    00000064     ff.obj (.text:follow_path)
                  000022f6    00000062     ff.obj (.text:remove_chain)
                  00002358    00000060     uartstdio.obj (.text:UARTStdioConfig)
                  000023b8    00000060     mmc-tm4c123g.obj (.text:send_initial_clock_train)
                  00002418    0000005c     icm20948.obj (.text:icm20948_accel_full_scale_select)
                  00002474    0000005c     icm20948.obj (.text:icm20948_gyro_full_scale_select)
                  000024d0    0000005a     icm20948.obj (.text:icm20948_gyro_low_pass_filter)
                  0000252a    00000056     ff.obj (.text:sync_window)
                  00002580    00000055     icm20948.obj (.text:icm20948_spi_slave_enable)
                  000025d5    00000001     --HOLE-- [fill = 0]
                  000025d6    00000002     rtsv7M4_T_le_v4SPD16_eabi.lib : div0.asm.obj (.text)
                  000025d8    00000054     main.obj (.text:GPIOPortFHandler)
                  0000262c    00000054     mmc-tm4c123g.obj (.text:set_max_speed)
                  00002680    00000052     mmc-tm4c123g.obj (.text:xmit_datablock)
                  000026d2    00000002     --HOLE-- [fill = 0]
                  000026d4    00000051     icm20948.obj (.text:icm20948_clock_source)
                  00002725    00000003     --HOLE-- [fill = 0]
                  00002728    00000050     icm20948.obj (.text:icm20948_device_reset)
                  00002778    00000048     driverlib.lib : gpio.obj (.text:GPIOPinConfigure)
                  000027c0    00000048     spi.obj (.text:ICM_SPI_Read)
                  00002808    00000048     uartstdio.obj (.text:UARTwrite)
                  00002850    00000048     ff.obj (.text:dir_find)
                  00002898    00000048     icm20948.obj (.text:icm20948_accel_read_g)
                  000028e0    00000048     icm20948.obj (.text:icm20948_odr_align_enable)
                  00002928    00000048     mmc-tm4c123g.obj (.text:rcvr_datablock)
                  00002970    00000046     icm20948.obj (.text:icm20948_init)
                  000029b6    00000002     --HOLE-- [fill = 0]
                  000029b8    00000044     spi.obj (.text:ICM_SPI_Write)
                  000029fc    00000044     rtsv7M4_T_le_v4SPD16_eabi.lib : autoinit.c.obj (.text:__TI_auto_init_nobinit_nopinit:__TI_auto_init_nobinit_nopinit)
                  00002a40    00000040                                   : u_divt2.asm.obj (.text)
                  00002a80    0000003e     ff.obj (.text:dir_alloc)
                  00002abe    00000038     ff.obj (.text:dir_register)
                  00002af6    00000002     --HOLE-- [fill = 0]
                  00002af8    00000038     icm20948.obj (.text:icm20948_gyro_read_dps)
                  00002b30    00000034     driverlib.lib : interrupt.obj (.text:IntRegister)
                  00002b64    00000034     rtsv7M4_T_le_v4SPD16_eabi.lib : boot_cortex_m.c.obj (.text:_c_int00_noargs:_c_int00_noargs)
                  00002b98    00000032     mmc-tm4c123g.obj (.text:send_cmd12)
                  00002bca    0000002e     ff.obj (.text:move_window)
                  00002bf8    0000002c     ff.obj (.text:f_mount)
                  00002c24    0000002c     mmc-tm4c123g.obj (.text:rcvr_spi)
                  00002c50    00000028     rtsv7M4_T_le_v4SPD16_eabi.lib : memory.c.obj (.text:free_list_insert)
                  00002c78    00000024     mmc-tm4c123g.obj (.text:xmit_spi)
                  00002c9c    00000020     spi.obj (.text:SPIDataRead)
                  00002cbc    00000020     mmc-tm4c123g.obj (.text:disk_timerproc)
                  00002cdc    00000020     mmc-tm4c123g.obj (.text:wait_ready)
                  00002cfc    0000001e     icm20948.obj (.text:icm20948_accel_sample_rate_divider)
                  00002d1a    0000001e     ff.obj (.text:ld_clust)
                  00002d38    0000001c     mmc-tm4c123g.obj (.text:DESELECT)
                  00002d54    0000001c     mmc-tm4c123g.obj (.text:SELECT)
                  00002d70    0000001c     spi.obj (.text:SPIDataWrite)
                  00002d8c    0000001c     driverlib.lib : systick.obj (.text:SysTickIntRegister)
                  00002da8    0000001c     rtsv7M4_T_le_v4SPD16_eabi.lib : memory.c.obj (.text:free_list_remove)
                  00002dc4    0000001c     ff.obj (.text:mem_cmp)
                  00002de0    0000001a     uartstdio.obj (.text:UARTprintf)
                  00002dfa    0000001a     icm20948.obj (.text:icm20948_accel_low_pass_filter)
                  00002e14    00000018     main.obj (.text:SysTickHandler)
                  00002e2c    00000018     ff.obj (.text:clust2sect)
                  00002e44    00000016     ff.obj (.text:mem_cpy)
                  00002e5a    00000014     ff.obj (.text:mem_set)
                  00002e6e    00000014     icm20948.obj (.text:write_single_icm20948_reg)
                  00002e82    00000012     driverlib.lib : ssi.obj (.text:SSIDataGetNonBlocking)
                  00002e94    00000012     ff.obj (.text:chk_chr)
                  00002ea6    00000002     --HOLE-- [fill = 0]
                  00002ea8    00000010     mmc-tm4c123g.obj (.text:disk_status)
                  00002eb8    00000010     icm20948.obj (.text:read_single_icm20948_reg)
                  00002ec8    00000010     ff.obj (.text:st_clust)
                  00002ed8    0000000e     rtsv7M4_T_le_v4SPD16_eabi.lib : copy_decompress_none.c.obj (.text:decompress:none:__TI_decompress_none)
                  00002ee6    0000000c                                   : copy_zero_init.c.obj (.text:decompress:ZI:__TI_zero_init)
                  00002ef2    00000002     --HOLE-- [fill = 0]
                  00002ef4    0000000c     mmc-tm4c123g.obj (.text:power_off)
                  00002f00    0000000c     mmc-tm4c123g.obj (.text:rcvr_spi_m)
                  00002f0c    0000000a     icm20948.obj (.text:icm20948_gyro_sample_rate_divider)
                  00002f16    00000002     --HOLE-- [fill = 0]
                  00002f18    00000008     mmc-tm4c123g.obj (.text:get_fattime)
                  00002f20    00000008     icm20948.obj (.text:icm20948_who_am_i)
                  00002f28    00000008     rtsv7M4_T_le_v4SPD16_eabi.lib : memory.c.obj (.text:malloc)
                  00002f30    00000008     icm20948.obj (.text:select_user_bank)
                  00002f38    00000006     driverlib.lib : gpio.obj (.text:GPIOIntClear)
                  00002f3e    00000006     startup_ccs.obj (.text:ResetISR)
                  00002f44    00000006     driverlib.lib : uart.obj (.text:UARTClockSourceSet)
                  00002f4a    00000004     rtsv7M4_T_le_v4SPD16_eabi.lib : pre_init.c.obj (.text:_system_pre_init)
                  00002f4e    00000004                                   : exit.c.obj (.text:abort:abort)

.const     0    00002f54    000000fc     
                  00002f54    00000078     driverlib.lib : gpio.obj (.const:g_pui32GPIOBaseAddrs)
                  00002fcc    0000006c                   : sysctl.obj (.const:g_pui32Xtals)
                  00003038    0000000c     uartstdio.obj (.const:g_ui32UARTBase)
                  00003044    0000000c     uartstdio.obj (.const:g_ui32UARTPeriph)

.cinit     0    00003050    00000050     
                  00003050    00000017     (.cinit..data.load) [load image, compression = lzss]
                  00003067    00000001     --HOLE-- [fill = 0]
                  00003068    0000000c     (__TI_handler_table)
                  00003074    00000004     --HOLE-- [fill = 0]
                  00003078    00000008     (.cinit..bss.load) [load image, compression = zero_init]
                  00003080    00000008     (.cinit..vtable.load) [load image, compression = zero_init]
                  00003088    00000018     (__TI_cinit_table)

.init_array 
*          0    00000000    00000000     UNINITIALIZED

.vtable    0    20000000    0000026c     UNINITIALIZED
                  20000000    0000026c     driverlib.lib : interrupt.obj (.vtable)

.bss       0    2000026c    00000492     UNINITIALIZED
                  2000026c    00000234     (.common:fatfs)
                  200004a0    00000224     (.common:fil)
                  200006c4    0000000c     (.common:accel_axises)
                  200006d0    0000000c     (.common:gyro_axises)
                  200006dc    00000008     icm20948.obj (.bss)
                  200006e4    00000006     main.obj (.bss:accel_sign$3)
                  200006ea    00000006     main.obj (.bss:gyro_sign$2)
                  200006f0    00000004     ff.obj (.bss:FatFs)
                  200006f4    00000004     (.common:bufferA)
                  200006f8    00000003     mmc-tm4c123g.obj (.bss)
                  200006fb    00000001     (.common:rc)
                  200006fc    00000002     ff.obj (.bss)

.stack     0    20000700    00000100     UNINITIALIZED
                  20000700    00000004     rtsv7M4_T_le_v4SPD16_eabi.lib : boot_cortex_m.c.obj (.stack)
                  20000704    000000fc     --HOLE--

.data      0    20000800    00000023     UNINITIALIZED
                  20000800    0000000c     main.obj (.data)
                  2000080c    00000008     rtsv7M4_T_le_v4SPD16_eabi.lib : _lock.c.obj (.data:$O1$$)
                  20000814    00000008                                   : memory.c.obj (.data:$O1$$)
                  2000081c    00000005     uartstdio.obj (.data)
                  20000821    00000002     mmc-tm4c123g.obj (.data)

.sysmem    0    20000828    00000010     UNINITIALIZED
                  20000828    00000010     rtsv7M4_T_le_v4SPD16_eabi.lib : memory.c.obj (.sysmem)

__llvm_prf_cnts 
*          0    20000000    00000000     UNINITIALIZED

MODULE SUMMARY

       Module                       code    ro data   rw data
       ------                       ----    -------   -------
    .\
       ff.obj                       3195    0         6      
       main.obj                     1892    0         1165   
       icm20948.obj                 2221    0         8      
       mmc-tm4c123g.obj             1618    0         5      
       startup_ccs.obj              12      620       0      
       spi.obj                      424     0         0      
    +--+----------------------------+-------+---------+---------+
       Total:                       9362    620       1184   
                                                             
    .\utils\
       uartstdio.obj                688     24        5      
    +--+----------------------------+-------+---------+---------+
       Total:                       688     24        5      
                                                             
    C:/ti/TivaWare_C_Series-1.1/driverlib/ccs/Debug/driverlib.lib
       interrupt.obj                52      0         620    
       sysctl.obj                   196     108       0      
       gpio.obj                     78      120       0      
       systick.obj                  28      0         0      
       ssi.obj                      18      0         0      
       uart.obj                     6       0         0      
    +--+----------------------------+-------+---------+---------+
       Total:                       378     228       620    
                                                             
    D:\ti\ccs1240\ccs\tools\compiler\ti-cgt-arm_20.2.7.LTS\lib\rtsv7M4_T_le_v4SPD16_eabi.lib
       memory.c.obj                 444     0         8      
       memcpy_t2.asm.obj            156     0         0      
       memset_t2.asm.obj            122     0         0      
       copy_decompress_lzss.c.obj   104     0         0      
       autoinit.c.obj               68      0         0      
       u_divt2.asm.obj              64      0         0      
       boot_cortex_m.c.obj          52      0         0      
       copy_decompress_none.c.obj   14      0         0      
       copy_zero_init.c.obj         12      0         0      
       _lock.c.obj                  2       0         8      
       exit.c.obj                   4       0         0      
       pre_init.c.obj               4       0         0      
       div0.asm.obj                 2       0         0      
    +--+----------------------------+-------+---------+---------+
       Total:                       1048    0         16     
                                                             
       Heap:                        0       0         16     
       Stack:                       0       0         256    
       Linker Generated:            0       75        0      
    +--+----------------------------+-------+---------+---------+
       Grand Total:                 11476   947       2097   


LINKER GENERATED COPY TABLES

__TI_cinit_table @ 00003088 records: 3, size/record: 8, table size: 24
	.data: load addr=00003050, load size=00000017 bytes, run addr=20000800, run size=00000023 bytes, compression=lzss
	.bss: load addr=00003078, load size=00000008 bytes, run addr=2000026c, run size=00000492 bytes, compression=zero_init
	.vtable: load addr=00003080, load size=00000008 bytes, run addr=20000000, run size=0000026c bytes, compression=zero_init


LINKER GENERATED HANDLER TABLE

__TI_handler_table @ 00003068 records: 3, size/record: 4, table size: 12
	index: 0, handler: __TI_zero_init
	index: 1, handler: __TI_decompress_lzss
	index: 2, handler: __TI_decompress_none


GLOBAL SYMBOLS: SORTED ALPHABETICALLY BY Name 

address   name                              
-------   ----                              
00002f4f  C$$EXIT                           
000020e5  ConfigureUART                     
00002f39  GPIOIntClear                      
00002779  GPIOPinConfigure                  
20000800  GPIOPinStatus                     
000025d9  GPIOPortFHandler                  
000027c1  ICM_SPI_Read                      
000029b9  ICM_SPI_Write                     
00002b31  IntRegister                       
00002f3f  ResetISR                          
00002c9d  SPIDataRead                       
00002d71  SPIDataWrite                      
00001865  SPIInit                           
00002e83  SSIDataGetNonBlocking             
00001a11  SysCtlClockGet                    
00002e15  SysTickHandler                    
00002d8d  SysTickIntRegister                
00000575  Timer5IntHandler                  
00002f45  UARTClockSourceSet                
00002359  UARTStdioConfig                   
00002de1  UARTprintf                        
00000da9  UARTvprintf                       
00002809  UARTwrite                         
20000800  __STACK_END                       
00000100  __STACK_SIZE                      
20000900  __STACK_TOP                       
00000010  __SYSMEM_SIZE                     
00003088  __TI_CINIT_Base                   
000030a0  __TI_CINIT_Limit                  
00003068  __TI_Handler_Table_Base           
00003074  __TI_Handler_Table_Limit          
000029fd  __TI_auto_init_nobinit_nopinit    
000021c5  __TI_decompress_lzss              
00002ed9  __TI_decompress_none              
ffffffff  __TI_pprof_out_hndl               
ffffffff  __TI_prof_data_size               
ffffffff  __TI_prof_data_start              
00000000  __TI_static_base__                
00002ee7  __TI_zero_init                    
000025d7  __aeabi_idiv0                     
000025d7  __aeabi_ldiv0                     
00001f7d  __aeabi_memclr                    
00001f7d  __aeabi_memclr4                   
00001f7d  __aeabi_memclr8                   
00001b8d  __aeabi_memcpy                    
00001b8d  __aeabi_memcpy4                   
00001b8d  __aeabi_memcpy8                   
00001f7f  __aeabi_memset                    
00001f7f  __aeabi_memset4                   
00001f7f  __aeabi_memset8                   
00002a41  __aeabi_uidiv                     
00002a41  __aeabi_uidivmod                  
ffffffff  __binit__                         
ffffffff  __c_args__                        
UNDEFED   __mpu_init                        
20000700  __stack                           
20000000  __start___llvm_prf_cnts           
20000000  __stop___llvm_prf_cnts            
00002b65  _c_int00_noargs                   
2000080c  _lock                             
00001ff7  _nop                              
20000828  _sys_memory                       
UNDEFED   _system_post_cinit                
00002f4b  _system_pre_init                  
20000810  _unlock                           
00002f4f  abort                             
200006c4  accel_axises                      
0000149d  aligned_alloc                     
ffffffff  binit                             
200006f4  bufferA                           
20000808  buffer_size                       
00002e2d  clust2sect                        
00001231  disk_initialize                   
00001de5  disk_read                         
00002ea9  disk_status                       
00002cbd  disk_timerproc                    
00001ad5  disk_write                        
00002bf9  f_mount                           
000010e9  f_open                            
2000026c  fatfs                             
200004a0  fil                               
20000000  g_pfnRAMVectors                   
00000000  g_pfnVectors                      
00001945  get_fat                           
00002f19  get_fattime                       
200006d0  gyro_axises                       
00000b71  icm20948_accel_calibration        
00002419  icm20948_accel_full_scale_select  
00002dfb  icm20948_accel_low_pass_filter    
00001cc1  icm20948_accel_read               
00002899  icm20948_accel_read_g             
00002cfd  icm20948_accel_sample_rate_divider
000026d5  icm20948_clock_source             
00002729  icm20948_device_reset             
00000f99  icm20948_gyro_calibration         
00002475  icm20948_gyro_full_scale_select   
000024d1  icm20948_gyro_low_pass_filter     
00001d53  icm20948_gyro_read                
00002af9  icm20948_gyro_read_dps            
00002f0d  icm20948_gyro_sample_rate_divider 
00002971  icm20948_init                     
000028e1  icm20948_odr_align_enable         
00002581  icm20948_spi_slave_enable         
00001ff9  icm20948_wakeup                   
00002f21  icm20948_who_am_i                 
00000879  main                              
00002f29  malloc                            
0000149d  memalign                          
00001b8d  memcpy                            
00001f85  memset                            
00001781  put_fat                           
200006fb  rc                                
00002eb9  read_single_icm20948_reg          
20000804  stop                              
00001e75  timer5_init                       
00002e6f  write_single_icm20948_reg         


GLOBAL SYMBOLS: SORTED BY Symbol Address 

address   name                              
-------   ----                              
00000000  __TI_static_base__                
00000000  g_pfnVectors                      
00000010  __SYSMEM_SIZE                     
00000100  __STACK_SIZE                      
00000575  Timer5IntHandler                  
00000879  main                              
00000b71  icm20948_accel_calibration        
00000da9  UARTvprintf                       
00000f99  icm20948_gyro_calibration         
000010e9  f_open                            
00001231  disk_initialize                   
0000149d  aligned_alloc                     
0000149d  memalign                          
00001781  put_fat                           
00001865  SPIInit                           
00001945  get_fat                           
00001a11  SysCtlClockGet                    
00001ad5  disk_write                        
00001b8d  __aeabi_memcpy                    
00001b8d  __aeabi_memcpy4                   
00001b8d  __aeabi_memcpy8                   
00001b8d  memcpy                            
00001cc1  icm20948_accel_read               
00001d53  icm20948_gyro_read                
00001de5  disk_read                         
00001e75  timer5_init                       
00001f7d  __aeabi_memclr                    
00001f7d  __aeabi_memclr4                   
00001f7d  __aeabi_memclr8                   
00001f7f  __aeabi_memset                    
00001f7f  __aeabi_memset4                   
00001f7f  __aeabi_memset8                   
00001f85  memset                            
00001ff7  _nop                              
00001ff9  icm20948_wakeup                   
000020e5  ConfigureUART                     
000021c5  __TI_decompress_lzss              
00002359  UARTStdioConfig                   
00002419  icm20948_accel_full_scale_select  
00002475  icm20948_gyro_full_scale_select   
000024d1  icm20948_gyro_low_pass_filter     
00002581  icm20948_spi_slave_enable         
000025d7  __aeabi_idiv0                     
000025d7  __aeabi_ldiv0                     
000025d9  GPIOPortFHandler                  
000026d5  icm20948_clock_source             
00002729  icm20948_device_reset             
00002779  GPIOPinConfigure                  
000027c1  ICM_SPI_Read                      
00002809  UARTwrite                         
00002899  icm20948_accel_read_g             
000028e1  icm20948_odr_align_enable         
00002971  icm20948_init                     
000029b9  ICM_SPI_Write                     
000029fd  __TI_auto_init_nobinit_nopinit    
00002a41  __aeabi_uidiv                     
00002a41  __aeabi_uidivmod                  
00002af9  icm20948_gyro_read_dps            
00002b31  IntRegister                       
00002b65  _c_int00_noargs                   
00002bf9  f_mount                           
00002c9d  SPIDataRead                       
00002cbd  disk_timerproc                    
00002cfd  icm20948_accel_sample_rate_divider
00002d71  SPIDataWrite                      
00002d8d  SysTickIntRegister                
00002de1  UARTprintf                        
00002dfb  icm20948_accel_low_pass_filter    
00002e15  SysTickHandler                    
00002e2d  clust2sect                        
00002e6f  write_single_icm20948_reg         
00002e83  SSIDataGetNonBlocking             
00002ea9  disk_status                       
00002eb9  read_single_icm20948_reg          
00002ed9  __TI_decompress_none              
00002ee7  __TI_zero_init                    
00002f0d  icm20948_gyro_sample_rate_divider 
00002f19  get_fattime                       
00002f21  icm20948_who_am_i                 
00002f29  malloc                            
00002f39  GPIOIntClear                      
00002f3f  ResetISR                          
00002f45  UARTClockSourceSet                
00002f4b  _system_pre_init                  
00002f4f  C$$EXIT                           
00002f4f  abort                             
00003068  __TI_Handler_Table_Base           
00003074  __TI_Handler_Table_Limit          
00003088  __TI_CINIT_Base                   
000030a0  __TI_CINIT_Limit                  
20000000  __start___llvm_prf_cnts           
20000000  __stop___llvm_prf_cnts            
20000000  g_pfnRAMVectors                   
2000026c  fatfs                             
200004a0  fil                               
200006c4  accel_axises                      
200006d0  gyro_axises                       
200006f4  bufferA                           
200006fb  rc                                
20000700  __stack                           
20000800  GPIOPinStatus                     
20000800  __STACK_END                       
20000804  stop                              
20000808  buffer_size                       
2000080c  _lock                             
20000810  _unlock                           
20000828  _sys_memory                       
20000900  __STACK_TOP                       
ffffffff  __TI_pprof_out_hndl               
ffffffff  __TI_prof_data_size               
ffffffff  __TI_prof_data_start              
ffffffff  __binit__                         
ffffffff  __c_args__                        
ffffffff  binit                             
UNDEFED   __mpu_init                        
UNDEFED   _system_post_cinit                

[116 symbols]
