******************************************************************************
                  TI ARM Linker PC v20.2.7                     
******************************************************************************
>> Linked Mon Oct  2 16:09:24 2023

OUTPUT FILE NAME:   <ICM_20948_SPI.out>
ENTRY POINT SYMBOL: "_c_int00_noargs"  address: 00000d89


MEMORY CONFIGURATION

         name            origin    length      used     unused   attr    fill
----------------------  --------  ---------  --------  --------  ----  --------
  FLASH                 00000000   00040000  00001110  0003eef0  R  X
  SRAM                  20000000   00008000  00000379  00007c87  RW X


SEGMENT ALLOCATION MAP

run origin  load origin   length   init length attrs members
----------  ----------- ---------- ----------- ----- -------
00000000    00000000    00001110   00001110    r-x
  00000000    00000000    0000026c   0000026c    r-- .intvecs
  0000026c    0000026c    00000c48   00000c48    r-x .text
  00000eb4    00000eb4    0000022c   0000022c    r-- .const
  000010e0    000010e0    00000030   00000030    r-- .cinit
20000000    20000000    0000037d   00000000    rw-
  20000000    20000000    0000026c   00000000    rw- .vtable
  20000270    20000270    00000100   00000000    rw- .stack
  20000370    20000370    0000000d   00000000    rw- .data


SECTION ALLOCATION MAP

 output                                  attributes/
section   page    origin      length       input sections
--------  ----  ----------  ----------   ----------------
.intvecs   0    00000000    0000026c     
                  00000000    0000026c     startup_ccs.obj (.intvecs)

.text      0    0000026c    00000c48     
                  0000026c    000001ee     uartstdio.obj (.text:UARTvprintf)
                  0000045a    00000002     startup_ccs.obj (.text:FaultISR)
                  0000045c    00000170     main.obj (.text:main)
                  000005cc    00000104     driverlib.lib : sysctl.obj (.text:SysCtlClockSet)
                  000006d0    000000e0     spi.obj (.text:SPIInit)
                  000007b0    000000c4     driverlib.lib : sysctl.obj (.text:SysCtlClockGet)
                  00000874    000000b8                   : gpio.obj (.text:GPIOPadConfigSet)
                  0000092c    0000009c     rtsv7M4_T_le_v4SPD16_eabi.lib : memcpy_t2.asm.obj (.text)
                  000009c8    00000070     main.obj (.text:ConfigureUART)
                  00000a38    00000068     rtsv7M4_T_le_v4SPD16_eabi.lib : copy_decompress_lzss.c.obj (.text:decompress:lzss:__TI_decompress_lzss)
                  00000aa0    00000060     driverlib.lib : interrupt.obj (.text:IntEnable)
                  00000b00    00000060     uartstdio.obj (.text:UARTStdioConfig)
                  00000b60    00000054     main.obj (.text:GPIOPortFHandler)
                  00000bb4    00000048     driverlib.lib : gpio.obj (.text:GPIOPinConfigure)
                  00000bfc    00000048     spi.obj (.text:ICM_SPI_Read)
                  00000c44    00000048     uartstdio.obj (.text:UARTwrite)
                  00000c8c    00000044     spi.obj (.text:ICM_SPI_Write)
                  00000cd0    00000044     rtsv7M4_T_le_v4SPD16_eabi.lib : autoinit.c.obj (.text:__TI_auto_init_nobinit_nopinit:__TI_auto_init_nobinit_nopinit)
                  00000d14    00000040                                   : u_divt2.asm.obj (.text)
                  00000d54    00000034     driverlib.lib : interrupt.obj (.text:IntRegister)
                  00000d88    00000034     rtsv7M4_T_le_v4SPD16_eabi.lib : boot_cortex_m.c.obj (.text:_c_int00_noargs:_c_int00_noargs)
                  00000dbc    00000020     spi.obj (.text:SPIDataRead)
                  00000ddc    0000001c     spi.obj (.text:SPIDataWrite)
                  00000df8    0000001c     driverlib.lib : gpio.obj (.text:_GPIOIntNumberGet)
                  00000e14    0000001c     rtsv7M4_T_le_v4SPD16_eabi.lib : copy_zero_init.c.obj (.text:decompress:ZI:__TI_zero_init_nomemset:__TI_zero_init_nomemset)
                  00000e30    0000001a     uartstdio.obj (.text:UARTprintf)
                  00000e4a    00000018     driverlib.lib : gpio.obj (.text:GPIOIntRegister)
                  00000e62    00000012                   : ssi.obj (.text:SSIDataGetNonBlocking)
                  00000e74    0000000e     rtsv7M4_T_le_v4SPD16_eabi.lib : copy_decompress_none.c.obj (.text:decompress:none:__TI_decompress_none)
                  00000e82    0000000c     driverlib.lib : gpio.obj (.text:GPIOIntEnable)
                  00000e8e    00000006                   : gpio.obj (.text:GPIOIntClear)
                  00000e94    00000006     startup_ccs.obj (.text:ResetISR)
                  00000e9a    00000006     driverlib.lib : sysctl.obj (.text:SysCtlDelay)
                  00000ea0    00000006                   : uart.obj (.text:UARTClockSourceSet)
                  00000ea6    00000004     rtsv7M4_T_le_v4SPD16_eabi.lib : pre_init.c.obj (.text:_system_pre_init)
                  00000eaa    00000004                                   : exit.c.obj (.text:abort:abort)
                  00000eae    00000002     startup_ccs.obj (.text:IntDefaultHandler)
                  00000eb0    00000002     startup_ccs.obj (.text:NmiSR)
                  00000eb2    00000002     rtsv7M4_T_le_v4SPD16_eabi.lib : div0.asm.obj (.text)

.const     0    00000eb4    0000022c     
                  00000eb4    000000c0     driverlib.lib : gpio.obj (.const:g_ppui32GPIOIntMapBlizzard)
                  00000f74    00000078                   : gpio.obj (.const:g_pui32GPIOBaseAddrs)
                  00000fec    00000070                   : interrupt.obj (.const)
                  0000105c    0000006c                   : sysctl.obj (.const:g_pui32Xtals)
                  000010c8    0000000c     uartstdio.obj (.const:g_ui32UARTBase)
                  000010d4    0000000c     uartstdio.obj (.const:g_ui32UARTPeriph)

.cinit     0    000010e0    00000030     
                  000010e0    0000000c     (__TI_handler_table)
                  000010ec    00000004     --HOLE-- [fill = 0]
                  000010f0    00000008     (.cinit..vtable.load) [load image, compression = zero_init]
                  000010f8    00000007     (.cinit..data.load) [load image, compression = lzss]
                  000010ff    00000001     --HOLE-- [fill = 0]
                  00001100    00000010     (__TI_cinit_table)

.init_array 
*          0    00000000    00000000     UNINITIALIZED

.vtable    0    20000000    0000026c     UNINITIALIZED
                  20000000    0000026c     driverlib.lib : interrupt.obj (.vtable)

.data      0    20000370    0000000d     UNINITIALIZED
                  20000370    00000005     main.obj (.data)
                  20000375    00000003     --HOLE--
                  20000378    00000005     uartstdio.obj (.data)

.stack     0    20000270    00000100     UNINITIALIZED
                  20000270    00000004     rtsv7M4_T_le_v4SPD16_eabi.lib : boot_cortex_m.c.obj (.stack)
                  20000274    000000fc     --HOLE--

__llvm_prf_cnts 
*          0    20000000    00000000     UNINITIALIZED

MODULE SUMMARY

       Module                       code   ro data   rw data
       ------                       ----   -------   -------
    .\
       startup_ccs.obj              12     620       0      
       main.obj                     564    0         5      
       spi.obj                      424    0         0      
    +--+----------------------------+------+---------+---------+
       Total:                       1000   620       5      
                                                            
    .\utils\
       uartstdio.obj                688    24        5      
    +--+----------------------------+------+---------+---------+
       Total:                       688    24        5      
                                                            
    C:/ti/TivaWare_C_Series-1.1/driverlib/ccs/Debug/driverlib.lib
       interrupt.obj                148    112       620    
       gpio.obj                     326    312       0      
       sysctl.obj                   462    108       0      
       ssi.obj                      18     0         0      
       uart.obj                     6      0         0      
    +--+----------------------------+------+---------+---------+
       Total:                       960    532       620    
                                                            
    D:\ti\ccs1240\ccs\tools\compiler\ti-cgt-arm_20.2.7.LTS\lib\rtsv7M4_T_le_v4SPD16_eabi.lib
       memcpy_t2.asm.obj            156    0         0      
       copy_decompress_lzss.c.obj   104    0         0      
       autoinit.c.obj               68     0         0      
       u_divt2.asm.obj              64     0         0      
       boot_cortex_m.c.obj          52     0         0      
       copy_zero_init.c.obj         28     0         0      
       copy_decompress_none.c.obj   14     0         0      
       exit.c.obj                   4      0         0      
       pre_init.c.obj               4      0         0      
       div0.asm.obj                 2      0         0      
    +--+----------------------------+------+---------+---------+
       Total:                       496    0         0      
                                                            
       Stack:                       0      0         256    
       Linker Generated:            0      43        0      
    +--+----------------------------+------+---------+---------+
       Grand Total:                 3144   1219      886    


LINKER GENERATED COPY TABLES

__TI_cinit_table @ 00001100 records: 2, size/record: 8, table size: 16
	.vtable: load addr=000010f0, load size=00000008 bytes, run addr=20000000, run size=0000026c bytes, compression=zero_init
	.data: load addr=000010f8, load size=00000007 bytes, run addr=20000370, run size=0000000d bytes, compression=lzss


LINKER GENERATED HANDLER TABLE

__TI_handler_table @ 000010e0 records: 3, size/record: 4, table size: 12
	index: 0, handler: __TI_zero_init
	index: 1, handler: __TI_decompress_lzss
	index: 2, handler: __TI_decompress_none


GLOBAL SYMBOLS: SORTED ALPHABETICALLY BY Name 

address   name                          
-------   ----                          
00000eab  C$$EXIT                       
000009c9  ConfigureUART                 
00000e8f  GPIOIntClear                  
00000e83  GPIOIntEnable                 
00000e4b  GPIOIntRegister               
00000875  GPIOPadConfigSet              
00000bb5  GPIOPinConfigure              
20000370  GPIOPinStatus                 
00000b61  GPIOPortFHandler              
00000bfd  ICM_SPI_Read                  
00000c8d  ICM_SPI_Write                 
00000aa1  IntEnable                     
00000d55  IntRegister                   
00000e95  ResetISR                      
00000dbd  SPIDataRead                   
00000ddd  SPIDataWrite                  
000006d1  SPIInit                       
00000e63  SSIDataGetNonBlocking         
000007b1  SysCtlClockGet                
000005cd  SysCtlClockSet                
00000e9b  SysCtlDelay                   
00000ea1  UARTClockSourceSet            
00000b01  UARTStdioConfig               
00000e31  UARTprintf                    
0000026d  UARTvprintf                   
00000c45  UARTwrite                     
20000370  __STACK_END                   
00000100  __STACK_SIZE                  
20000470  __STACK_TOP                   
00001100  __TI_CINIT_Base               
00001110  __TI_CINIT_Limit              
000010e0  __TI_Handler_Table_Base       
000010ec  __TI_Handler_Table_Limit      
00000cd1  __TI_auto_init_nobinit_nopinit
00000a39  __TI_decompress_lzss          
00000e75  __TI_decompress_none          
ffffffff  __TI_pprof_out_hndl           
ffffffff  __TI_prof_data_size           
ffffffff  __TI_prof_data_start          
00000000  __TI_static_base__            
00000e15  __TI_zero_init_nomemset       
00000eb3  __aeabi_idiv0                 
00000eb3  __aeabi_ldiv0                 
0000092d  __aeabi_memcpy                
0000092d  __aeabi_memcpy4               
0000092d  __aeabi_memcpy8               
00000d15  __aeabi_uidiv                 
00000d15  __aeabi_uidivmod              
ffffffff  __binit__                     
ffffffff  __c_args__                    
UNDEFED   __mpu_init                    
20000270  __stack                       
20000000  __start___llvm_prf_cnts       
20000000  __stop___llvm_prf_cnts        
00000d89  _c_int00_noargs               
UNDEFED   _system_post_cinit            
00000ea7  _system_pre_init              
00000eab  abort                         
ffffffff  binit                         
20000000  g_pfnRAMVectors               
00000000  g_pfnVectors                  
0000045d  main                          
0000092d  memcpy                        
20000374  stop                          


GLOBAL SYMBOLS: SORTED BY Symbol Address 

address   name                          
-------   ----                          
00000000  __TI_static_base__            
00000000  g_pfnVectors                  
00000100  __STACK_SIZE                  
0000026d  UARTvprintf                   
0000045d  main                          
000005cd  SysCtlClockSet                
000006d1  SPIInit                       
000007b1  SysCtlClockGet                
00000875  GPIOPadConfigSet              
0000092d  __aeabi_memcpy                
0000092d  __aeabi_memcpy4               
0000092d  __aeabi_memcpy8               
0000092d  memcpy                        
000009c9  ConfigureUART                 
00000a39  __TI_decompress_lzss          
00000aa1  IntEnable                     
00000b01  UARTStdioConfig               
00000b61  GPIOPortFHandler              
00000bb5  GPIOPinConfigure              
00000bfd  ICM_SPI_Read                  
00000c45  UARTwrite                     
00000c8d  ICM_SPI_Write                 
00000cd1  __TI_auto_init_nobinit_nopinit
00000d15  __aeabi_uidiv                 
00000d15  __aeabi_uidivmod              
00000d55  IntRegister                   
00000d89  _c_int00_noargs               
00000dbd  SPIDataRead                   
00000ddd  SPIDataWrite                  
00000e15  __TI_zero_init_nomemset       
00000e31  UARTprintf                    
00000e4b  GPIOIntRegister               
00000e63  SSIDataGetNonBlocking         
00000e75  __TI_decompress_none          
00000e83  GPIOIntEnable                 
00000e8f  GPIOIntClear                  
00000e95  ResetISR                      
00000e9b  SysCtlDelay                   
00000ea1  UARTClockSourceSet            
00000ea7  _system_pre_init              
00000eab  C$$EXIT                       
00000eab  abort                         
00000eb3  __aeabi_idiv0                 
00000eb3  __aeabi_ldiv0                 
000010e0  __TI_Handler_Table_Base       
000010ec  __TI_Handler_Table_Limit      
00001100  __TI_CINIT_Base               
00001110  __TI_CINIT_Limit              
20000000  __start___llvm_prf_cnts       
20000000  __stop___llvm_prf_cnts        
20000000  g_pfnRAMVectors               
20000270  __stack                       
20000370  GPIOPinStatus                 
20000370  __STACK_END                   
20000374  stop                          
20000470  __STACK_TOP                   
ffffffff  __TI_pprof_out_hndl           
ffffffff  __TI_prof_data_size           
ffffffff  __TI_prof_data_start          
ffffffff  __binit__                     
ffffffff  __c_args__                    
ffffffff  binit                         
UNDEFED   __mpu_init                    
UNDEFED   _system_post_cinit            

[64 symbols]
