******************************************************************************
                  TI ARM Linker PC v20.2.7                     
******************************************************************************
>> Linked Tue Oct  3 20:23:14 2023

OUTPUT FILE NAME:   <ICM_20948_SPI.out>
ENTRY POINT SYMBOL: "_c_int00_noargs"  address: 000015b9


MEMORY CONFIGURATION

         name            origin    length      used     unused   attr    fill
----------------------  --------  ---------  --------  --------  ----  --------
  FLASH                 00000000   00040000  000019cc  0003e634  R  X
  SRAM                  20000000   00008000  00000381  00007c7f  RW X


SEGMENT ALLOCATION MAP

run origin  load origin   length   init length attrs members
----------  ----------- ---------- ----------- ----- -------
00000000    00000000    000019d0   000019d0    r-x
  00000000    00000000    0000026c   0000026c    r-- .intvecs
  0000026c    0000026c    000014f4   000014f4    r-x .text
  00001760    00001760    0000022c   0000022c    r-- .const
  00001990    00001990    00000040   00000040    r-- .cinit
20000000    20000000    00000388   00000000    rw-
  20000000    20000000    0000026c   00000000    rw- .vtable
  20000270    20000270    00000100   00000000    rw- .stack
  20000370    20000370    0000000d   00000000    rw- .data
  20000380    20000380    00000008   00000000    rw- .bss


SECTION ALLOCATION MAP

 output                                  attributes/
section   page    origin      length       input sections
--------  ----  ----------  ----------   ----------------
.intvecs   0    00000000    0000026c     
                  00000000    0000026c     startup_ccs.obj (.intvecs)

.text      0    0000026c    000014f4     
                  0000026c    00000235     icm20948.obj (.text:icm20948_accel_calibration)
                  000004a1    00000001     --HOLE-- [fill = 0]
                  000004a2    00000002     startup_ccs.obj (.text:FaultISR)
                  000004a4    00000210     main.obj (.text:main)
                  000006b4    000001ee     uartstdio.obj (.text:UARTvprintf)
                  000008a2    00000002     startup_ccs.obj (.text:IntDefaultHandler)
                  000008a4    00000150     icm20948.obj (.text:icm20948_gyro_calibration)
                  000009f4    00000104     driverlib.lib : sysctl.obj (.text:SysCtlClockSet)
                  00000af8    000000e0     spi.obj (.text:SPIInit)
                  00000bd8    000000c4     driverlib.lib : sysctl.obj (.text:SysCtlClockGet)
                  00000c9c    000000a0     icm20948.obj (.text:icm20948_accel_read)
                  00000d3c    0000009c     rtsv7M4_T_le_v4SPD16_eabi.lib : memcpy_t2.asm.obj (.text)
                  00000dd8    00000092     icm20948.obj (.text:icm20948_gyro_read)
                  00000e6a    0000007a     rtsv7M4_T_le_v4SPD16_eabi.lib : memset_t2.asm.obj (.text)
                  00000ee4    00000078     icm20948.obj (.text:icm20948_wakeup)
                  00000f5c    00000070     main.obj (.text:ConfigureUART)
                  00000fcc    00000068     rtsv7M4_T_le_v4SPD16_eabi.lib : copy_decompress_lzss.c.obj (.text:decompress:lzss:__TI_decompress_lzss)
                  00001034    00000060     driverlib.lib : interrupt.obj (.text:IntEnable)
                  00001094    00000060     uartstdio.obj (.text:UARTStdioConfig)
                  000010f4    0000005c     icm20948.obj (.text:icm20948_accel_full_scale_select)
                  00001150    0000005c     icm20948.obj (.text:icm20948_gyro_full_scale_select)
                  000011ac    00000055     icm20948.obj (.text:icm20948_spi_slave_enable)
                  00001201    00000001     --HOLE-- [fill = 0]
                  00001202    00000002     startup_ccs.obj (.text:NmiSR)
                  00001204    00000054     main.obj (.text:GPIOPortFHandler)
                  00001258    00000052     icm20948.obj (.text:icm20948_gyro_low_pass_filter)
                  000012aa    00000002     rtsv7M4_T_le_v4SPD16_eabi.lib : div0.asm.obj (.text)
                  000012ac    00000048     driverlib.lib : gpio.obj (.text:GPIOPinConfigure)
                  000012f4    00000048     spi.obj (.text:ICM_SPI_Read)
                  0000133c    00000048     uartstdio.obj (.text:UARTwrite)
                  00001384    00000048     icm20948.obj (.text:icm20948_odr_align_enable)
                  000013cc    00000044     spi.obj (.text:ICM_SPI_Write)
                  00001410    00000044     rtsv7M4_T_le_v4SPD16_eabi.lib : autoinit.c.obj (.text:__TI_auto_init_nobinit_nopinit:__TI_auto_init_nobinit_nopinit)
                  00001454    00000044     icm20948.obj (.text:icm20948_init)
                  00001498    00000040     rtsv7M4_T_le_v4SPD16_eabi.lib : u_divt2.asm.obj (.text)
                  000014d8    00000039     icm20948.obj (.text:icm20948_clock_source)
                  00001511    00000003     --HOLE-- [fill = 0]
                  00001514    00000038     icm20948.obj (.text:icm20948_gyro_read_dps)
                  0000154c    00000038     rtsv7M4_T_le_v4SPD16_eabi.lib : fs_tod_t2.asm.obj (.text)
                  00001584    00000034     driverlib.lib : interrupt.obj (.text:IntRegister)
                  000015b8    00000034     rtsv7M4_T_le_v4SPD16_eabi.lib : boot_cortex_m.c.obj (.text:_c_int00_noargs:_c_int00_noargs)
                  000015ec    00000020     spi.obj (.text:SPIDataRead)
                  0000160c    0000001e     icm20948.obj (.text:icm20948_accel_sample_rate_divider)
                  0000162a    00000002     --HOLE-- [fill = 0]
                  0000162c    0000001c     spi.obj (.text:SPIDataWrite)
                  00001648    0000001c     driverlib.lib : gpio.obj (.text:_GPIOIntNumberGet)
                  00001664    0000001c     rtsv7M4_T_le_v4SPD16_eabi.lib : copy_zero_init.c.obj (.text:decompress:ZI:__TI_zero_init_nomemset:__TI_zero_init_nomemset)
                  00001680    0000001a     uartstdio.obj (.text:UARTprintf)
                  0000169a    0000001a     icm20948.obj (.text:icm20948_accel_low_pass_filter)
                  000016b4    00000018     driverlib.lib : gpio.obj (.text:GPIOIntRegister)
                  000016cc    00000014     icm20948.obj (.text:write_single_icm20948_reg)
                  000016e0    00000012     driverlib.lib : ssi.obj (.text:SSIDataGetNonBlocking)
                  000016f2    00000010     icm20948.obj (.text:read_single_icm20948_reg)
                  00001702    0000000e     rtsv7M4_T_le_v4SPD16_eabi.lib : copy_decompress_none.c.obj (.text:decompress:none:__TI_decompress_none)
                  00001710    0000000c     driverlib.lib : gpio.obj (.text:GPIOIntEnable)
                  0000171c    0000000a     icm20948.obj (.text:icm20948_device_reset)
                  00001726    0000000a     icm20948.obj (.text:icm20948_gyro_sample_rate_divider)
                  00001730    00000008     icm20948.obj (.text:icm20948_who_am_i)
                  00001738    00000008     icm20948.obj (.text:select_user_bank)
                  00001740    00000006     driverlib.lib : gpio.obj (.text:GPIOIntClear)
                  00001746    00000006     startup_ccs.obj (.text:ResetISR)
                  0000174c    00000006     driverlib.lib : sysctl.obj (.text:SysCtlDelay)
                  00001752    00000006                   : uart.obj (.text:UARTClockSourceSet)
                  00001758    00000004     rtsv7M4_T_le_v4SPD16_eabi.lib : pre_init.c.obj (.text:_system_pre_init)
                  0000175c    00000004                                   : exit.c.obj (.text:abort:abort)

.const     0    00001760    0000022c     
                  00001760    000000c0     driverlib.lib : gpio.obj (.const:g_ppui32GPIOIntMapBlizzard)
                  00001820    00000078                   : gpio.obj (.const:g_pui32GPIOBaseAddrs)
                  00001898    00000070                   : interrupt.obj (.const)
                  00001908    0000006c                   : sysctl.obj (.const:g_pui32Xtals)
                  00001974    0000000c     uartstdio.obj (.const:g_ui32UARTBase)
                  00001980    0000000c     uartstdio.obj (.const:g_ui32UARTPeriph)

.cinit     0    00001990    00000040     
                  00001990    0000000c     (__TI_handler_table)
                  0000199c    00000004     --HOLE-- [fill = 0]
                  000019a0    00000008     (.cinit..bss.load) [load image, compression = zero_init]
                  000019a8    00000008     (.cinit..vtable.load) [load image, compression = zero_init]
                  000019b0    00000007     (.cinit..data.load) [load image, compression = lzss]
                  000019b7    00000001     --HOLE-- [fill = 0]
                  000019b8    00000018     (__TI_cinit_table)

.init_array 
*          0    00000000    00000000     UNINITIALIZED

.vtable    0    20000000    0000026c     UNINITIALIZED
                  20000000    0000026c     driverlib.lib : interrupt.obj (.vtable)

.data      0    20000370    0000000d     UNINITIALIZED
                  20000370    00000005     main.obj (.data)
                  20000375    00000003     --HOLE--
                  20000378    00000005     uartstdio.obj (.data)

.bss       0    20000380    00000008     UNINITIALIZED
                  20000380    00000008     icm20948.obj (.bss)

.stack     0    20000270    00000100     UNINITIALIZED
                  20000270    00000004     rtsv7M4_T_le_v4SPD16_eabi.lib : boot_cortex_m.c.obj (.stack)
                  20000274    000000fc     --HOLE--

__llvm_prf_cnts 
*          0    20000000    00000000     UNINITIALIZED

MODULE SUMMARY

       Module                       code   ro data   rw data
       ------                       ----   -------   -------
    .\
       icm20948.obj                 2059   0         8      
       main.obj                     724    0         5      
       startup_ccs.obj              12     620       0      
       spi.obj                      424    0         0      
    +--+----------------------------+------+---------+---------+
       Total:                       3219   620       13     
                                                            
    .\utils\
       uartstdio.obj                688    24        5      
    +--+----------------------------+------+---------+---------+
       Total:                       688    24        5      
                                                            
    C:/ti/TivaWare_C_Series-1.1/driverlib/ccs/Debug/driverlib.lib
       interrupt.obj                148    112       620    
       sysctl.obj                   462    108       0      
       gpio.obj                     142    312       0      
       ssi.obj                      18     0         0      
       uart.obj                     6      0         0      
    +--+----------------------------+------+---------+---------+
       Total:                       776    532       620    
                                                            
    D:\ti\ccs1240\ccs\tools\compiler\ti-cgt-arm_20.2.7.LTS\lib\rtsv7M4_T_le_v4SPD16_eabi.lib
       memcpy_t2.asm.obj            156    0         0      
       memset_t2.asm.obj            122    0         0      
       copy_decompress_lzss.c.obj   104    0         0      
       autoinit.c.obj               68     0         0      
       u_divt2.asm.obj              64     0         0      
       fs_tod_t2.asm.obj            56     0         0      
       boot_cortex_m.c.obj          52     0         0      
       copy_zero_init.c.obj         28     0         0      
       copy_decompress_none.c.obj   14     0         0      
       exit.c.obj                   4      0         0      
       pre_init.c.obj               4      0         0      
       div0.asm.obj                 2      0         0      
    +--+----------------------------+------+---------+---------+
       Total:                       674    0         0      
                                                            
       Stack:                       0      0         256    
       Linker Generated:            0      59        0      
    +--+----------------------------+------+---------+---------+
       Grand Total:                 5357   1235      894    


LINKER GENERATED COPY TABLES

__TI_cinit_table @ 000019b8 records: 3, size/record: 8, table size: 24
	.bss: load addr=000019a0, load size=00000008 bytes, run addr=20000380, run size=00000008 bytes, compression=zero_init
	.vtable: load addr=000019a8, load size=00000008 bytes, run addr=20000000, run size=0000026c bytes, compression=zero_init
	.data: load addr=000019b0, load size=00000007 bytes, run addr=20000370, run size=0000000d bytes, compression=lzss


LINKER GENERATED HANDLER TABLE

__TI_handler_table @ 00001990 records: 3, size/record: 4, table size: 12
	index: 0, handler: __TI_zero_init
	index: 1, handler: __TI_decompress_lzss
	index: 2, handler: __TI_decompress_none


GLOBAL SYMBOLS: SORTED ALPHABETICALLY BY Name 

address   name                              
-------   ----                              
0000175d  C$$EXIT                           
00000f5d  ConfigureUART                     
00001741  GPIOIntClear                      
00001711  GPIOIntEnable                     
000016b5  GPIOIntRegister                   
000012ad  GPIOPinConfigure                  
20000370  GPIOPinStatus                     
00001205  GPIOPortFHandler                  
000012f5  ICM_SPI_Read                      
000013cd  ICM_SPI_Write                     
00001035  IntEnable                         
00001585  IntRegister                       
00001747  ResetISR                          
000015ed  SPIDataRead                       
0000162d  SPIDataWrite                      
00000af9  SPIInit                           
000016e1  SSIDataGetNonBlocking             
00000bd9  SysCtlClockGet                    
000009f5  SysCtlClockSet                    
0000174d  SysCtlDelay                       
00001753  UARTClockSourceSet                
00001095  UARTStdioConfig                   
00001681  UARTprintf                        
000006b5  UARTvprintf                       
0000133d  UARTwrite                         
20000370  __STACK_END                       
00000100  __STACK_SIZE                      
20000470  __STACK_TOP                       
000019b8  __TI_CINIT_Base                   
000019d0  __TI_CINIT_Limit                  
00001990  __TI_Handler_Table_Base           
0000199c  __TI_Handler_Table_Limit          
00001411  __TI_auto_init_nobinit_nopinit    
00000fcd  __TI_decompress_lzss              
00001703  __TI_decompress_none              
ffffffff  __TI_pprof_out_hndl               
ffffffff  __TI_prof_data_size               
ffffffff  __TI_prof_data_start              
00000000  __TI_static_base__                
00001665  __TI_zero_init_nomemset           
0000154d  __aeabi_f2d                       
000012ab  __aeabi_idiv0                     
000012ab  __aeabi_ldiv0                     
00000e6b  __aeabi_memclr                    
00000e6b  __aeabi_memclr4                   
00000e6b  __aeabi_memclr8                   
00000d3d  __aeabi_memcpy                    
00000d3d  __aeabi_memcpy4                   
00000d3d  __aeabi_memcpy8                   
00000e6d  __aeabi_memset                    
00000e6d  __aeabi_memset4                   
00000e6d  __aeabi_memset8                   
00001499  __aeabi_uidiv                     
00001499  __aeabi_uidivmod                  
ffffffff  __binit__                         
ffffffff  __c_args__                        
UNDEFED   __mpu_init                        
20000270  __stack                           
20000000  __start___llvm_prf_cnts           
20000000  __stop___llvm_prf_cnts            
000015b9  _c_int00_noargs                   
UNDEFED   _system_post_cinit                
00001759  _system_pre_init                  
0000175d  abort                             
ffffffff  binit                             
20000000  g_pfnRAMVectors                   
00000000  g_pfnVectors                      
0000026d  icm20948_accel_calibration        
000010f5  icm20948_accel_full_scale_select  
0000169b  icm20948_accel_low_pass_filter    
00000c9d  icm20948_accel_read               
0000160d  icm20948_accel_sample_rate_divider
000014d9  icm20948_clock_source             
0000171d  icm20948_device_reset             
000008a5  icm20948_gyro_calibration         
00001151  icm20948_gyro_full_scale_select   
00001259  icm20948_gyro_low_pass_filter     
00000dd9  icm20948_gyro_read                
00001515  icm20948_gyro_read_dps            
00001727  icm20948_gyro_sample_rate_divider 
00001455  icm20948_init                     
00001385  icm20948_odr_align_enable         
000011ad  icm20948_spi_slave_enable         
00000ee5  icm20948_wakeup                   
00001731  icm20948_who_am_i                 
000004a5  main                              
00000d3d  memcpy                            
00000e73  memset                            
000016f3  read_single_icm20948_reg          
20000374  stop                              
000016cd  write_single_icm20948_reg         


GLOBAL SYMBOLS: SORTED BY Symbol Address 

address   name                              
-------   ----                              
00000000  __TI_static_base__                
00000000  g_pfnVectors                      
00000100  __STACK_SIZE                      
0000026d  icm20948_accel_calibration        
000004a5  main                              
000006b5  UARTvprintf                       
000008a5  icm20948_gyro_calibration         
000009f5  SysCtlClockSet                    
00000af9  SPIInit                           
00000bd9  SysCtlClockGet                    
00000c9d  icm20948_accel_read               
00000d3d  __aeabi_memcpy                    
00000d3d  __aeabi_memcpy4                   
00000d3d  __aeabi_memcpy8                   
00000d3d  memcpy                            
00000dd9  icm20948_gyro_read                
00000e6b  __aeabi_memclr                    
00000e6b  __aeabi_memclr4                   
00000e6b  __aeabi_memclr8                   
00000e6d  __aeabi_memset                    
00000e6d  __aeabi_memset4                   
00000e6d  __aeabi_memset8                   
00000e73  memset                            
00000ee5  icm20948_wakeup                   
00000f5d  ConfigureUART                     
00000fcd  __TI_decompress_lzss              
00001035  IntEnable                         
00001095  UARTStdioConfig                   
000010f5  icm20948_accel_full_scale_select  
00001151  icm20948_gyro_full_scale_select   
000011ad  icm20948_spi_slave_enable         
00001205  GPIOPortFHandler                  
00001259  icm20948_gyro_low_pass_filter     
000012ab  __aeabi_idiv0                     
000012ab  __aeabi_ldiv0                     
000012ad  GPIOPinConfigure                  
000012f5  ICM_SPI_Read                      
0000133d  UARTwrite                         
00001385  icm20948_odr_align_enable         
000013cd  ICM_SPI_Write                     
00001411  __TI_auto_init_nobinit_nopinit    
00001455  icm20948_init                     
00001499  __aeabi_uidiv                     
00001499  __aeabi_uidivmod                  
000014d9  icm20948_clock_source             
00001515  icm20948_gyro_read_dps            
0000154d  __aeabi_f2d                       
00001585  IntRegister                       
000015b9  _c_int00_noargs                   
000015ed  SPIDataRead                       
0000160d  icm20948_accel_sample_rate_divider
0000162d  SPIDataWrite                      
00001665  __TI_zero_init_nomemset           
00001681  UARTprintf                        
0000169b  icm20948_accel_low_pass_filter    
000016b5  GPIOIntRegister                   
000016cd  write_single_icm20948_reg         
000016e1  SSIDataGetNonBlocking             
000016f3  read_single_icm20948_reg          
00001703  __TI_decompress_none              
00001711  GPIOIntEnable                     
0000171d  icm20948_device_reset             
00001727  icm20948_gyro_sample_rate_divider 
00001731  icm20948_who_am_i                 
00001741  GPIOIntClear                      
00001747  ResetISR                          
0000174d  SysCtlDelay                       
00001753  UARTClockSourceSet                
00001759  _system_pre_init                  
0000175d  C$$EXIT                           
0000175d  abort                             
00001990  __TI_Handler_Table_Base           
0000199c  __TI_Handler_Table_Limit          
000019b8  __TI_CINIT_Base                   
000019d0  __TI_CINIT_Limit                  
20000000  __start___llvm_prf_cnts           
20000000  __stop___llvm_prf_cnts            
20000000  g_pfnRAMVectors                   
20000270  __stack                           
20000370  GPIOPinStatus                     
20000370  __STACK_END                       
20000374  stop                              
20000470  __STACK_TOP                       
ffffffff  __TI_pprof_out_hndl               
ffffffff  __TI_prof_data_size               
ffffffff  __TI_prof_data_start              
ffffffff  __binit__                         
ffffffff  __c_args__                        
ffffffff  binit                             
UNDEFED   __mpu_init                        
UNDEFED   _system_post_cinit                

[91 symbols]
