******************************************************************************
                  TI ARM Linker PC v20.2.7                     
******************************************************************************
>> Linked Tue Oct  3 14:53:15 2023

OUTPUT FILE NAME:   <ICM_20948_SPI.out>
ENTRY POINT SYMBOL: "_c_int00_noargs"  address: 00000d81


MEMORY CONFIGURATION

         name            origin    length      used     unused   attr    fill
----------------------  --------  ---------  --------  --------  ----  --------
  FLASH                 00000000   00040000  00001152  0003eeae  R  X
  SRAM                  20000000   00008000  00000379  00007c87  RW X


SEGMENT ALLOCATION MAP

run origin  load origin   length   init length attrs members
----------  ----------- ---------- ----------- ----- -------
00000000    00000000    00001158   00001158    r-x
  00000000    00000000    0000026c   0000026c    r-- .intvecs
  0000026c    0000026c    00000c8a   00000c8a    r-x .text
  00000ef8    00000ef8    0000022c   0000022c    r-- .const
  00001128    00001128    00000030   00000030    r-- .cinit
20000000    20000000    0000037d   00000000    rw-
  20000000    20000000    0000026c   00000000    rw- .vtable
  20000270    20000270    00000100   00000000    rw- .stack
  20000370    20000370    0000000d   00000000    rw- .data


SECTION ALLOCATION MAP

 output                                  attributes/
section   page    origin      length       input sections
--------  ----  ----------  ----------   ----------------
.intvecs   0    00000000    0000026c     
                  00000000    0000026c     startup_ccs.obj (.intvecs)

.text      0    0000026c    00000c8a     
                  0000026c    000001ee     uartstdio.obj (.text:UARTvprintf)
                  0000045a    00000002     startup_ccs.obj (.text:FaultISR)
                  0000045c    000001b8     main.obj (.text:main)
                  00000614    00000104     driverlib.lib : sysctl.obj (.text:SysCtlClockSet)
                  00000718    000000e0     spi.obj (.text:SPIInit)
                  000007f8    000000c4     driverlib.lib : sysctl.obj (.text:SysCtlClockGet)
                  000008bc    0000009c     rtsv7M4_T_le_v4SPD16_eabi.lib : memcpy_t2.asm.obj (.text)
                  00000958    00000070     main.obj (.text:ConfigureUART)
                  000009c8    00000068     rtsv7M4_T_le_v4SPD16_eabi.lib : copy_decompress_lzss.c.obj (.text:decompress:lzss:__TI_decompress_lzss)
                  00000a30    00000068     icm20948.obj (.text:icm20948_wakeup)
                  00000a98    00000060     driverlib.lib : interrupt.obj (.text:IntEnable)
                  00000af8    00000060     uartstdio.obj (.text:UARTStdioConfig)
                  00000b58    00000054     main.obj (.text:GPIOPortFHandler)
                  00000bac    00000048     driverlib.lib : gpio.obj (.text:GPIOPinConfigure)
                  00000bf4    00000048     spi.obj (.text:ICM_SPI_Read)
                  00000c3c    00000048     uartstdio.obj (.text:UARTwrite)
                  00000c84    00000044     spi.obj (.text:ICM_SPI_Write)
                  00000cc8    00000044     rtsv7M4_T_le_v4SPD16_eabi.lib : autoinit.c.obj (.text:__TI_auto_init_nobinit_nopinit:__TI_auto_init_nobinit_nopinit)
                  00000d0c    00000040                                   : u_divt2.asm.obj (.text)
                  00000d4c    00000034     driverlib.lib : interrupt.obj (.text:IntRegister)
                  00000d80    00000034     rtsv7M4_T_le_v4SPD16_eabi.lib : boot_cortex_m.c.obj (.text:_c_int00_noargs:_c_int00_noargs)
                  00000db4    00000020     spi.obj (.text:SPIDataRead)
                  00000dd4    0000001c     spi.obj (.text:SPIDataWrite)
                  00000df0    0000001c     driverlib.lib : gpio.obj (.text:_GPIOIntNumberGet)
                  00000e0c    0000001c     rtsv7M4_T_le_v4SPD16_eabi.lib : copy_zero_init.c.obj (.text:decompress:ZI:__TI_zero_init_nomemset:__TI_zero_init_nomemset)
                  00000e28    0000001a     uartstdio.obj (.text:UARTprintf)
                  00000e42    00000018     driverlib.lib : gpio.obj (.text:GPIOIntRegister)
                  00000e5a    00000014     icm20948.obj (.text:write_single_icm20948_reg)
                  00000e6e    00000012     driverlib.lib : ssi.obj (.text:SSIDataGetNonBlocking)
                  00000e80    00000010     icm20948.obj (.text:read_single_icm20948_reg)
                  00000e90    0000000e     rtsv7M4_T_le_v4SPD16_eabi.lib : copy_decompress_none.c.obj (.text:decompress:none:__TI_decompress_none)
                  00000e9e    0000000c     driverlib.lib : gpio.obj (.text:GPIOIntEnable)
                  00000eaa    0000000c     icm20948.obj (.text:icm20948_init)
                  00000eb6    0000000a     icm20948.obj (.text:icm20948_device_reset)
                  00000ec0    00000008     icm20948.obj (.text:icm20948_who_am_i)
                  00000ec8    00000008     icm20948.obj (.text:select_user_bank)
                  00000ed0    00000006     driverlib.lib : gpio.obj (.text:GPIOIntClear)
                  00000ed6    00000006     startup_ccs.obj (.text:ResetISR)
                  00000edc    00000006     driverlib.lib : sysctl.obj (.text:SysCtlDelay)
                  00000ee2    00000006                   : uart.obj (.text:UARTClockSourceSet)
                  00000ee8    00000004     rtsv7M4_T_le_v4SPD16_eabi.lib : pre_init.c.obj (.text:_system_pre_init)
                  00000eec    00000004                                   : exit.c.obj (.text:abort:abort)
                  00000ef0    00000002     startup_ccs.obj (.text:IntDefaultHandler)
                  00000ef2    00000002     startup_ccs.obj (.text:NmiSR)
                  00000ef4    00000002     rtsv7M4_T_le_v4SPD16_eabi.lib : div0.asm.obj (.text)

.const     0    00000ef8    0000022c     
                  00000ef8    000000c0     driverlib.lib : gpio.obj (.const:g_ppui32GPIOIntMapBlizzard)
                  00000fb8    00000078                   : gpio.obj (.const:g_pui32GPIOBaseAddrs)
                  00001030    00000070                   : interrupt.obj (.const)
                  000010a0    0000006c                   : sysctl.obj (.const:g_pui32Xtals)
                  0000110c    0000000c     uartstdio.obj (.const:g_ui32UARTBase)
                  00001118    0000000c     uartstdio.obj (.const:g_ui32UARTPeriph)

.cinit     0    00001128    00000030     
                  00001128    0000000c     (__TI_handler_table)
                  00001134    00000004     --HOLE-- [fill = 0]
                  00001138    00000008     (.cinit..vtable.load) [load image, compression = zero_init]
                  00001140    00000007     (.cinit..data.load) [load image, compression = lzss]
                  00001147    00000001     --HOLE-- [fill = 0]
                  00001148    00000010     (__TI_cinit_table)

.init_array 
*          0    00000000    00000000     UNINITIALIZED

.vtable    0    20000000    0000026c     UNINITIALIZED
                  20000000    0000026c     driverlib.lib : interrupt.obj (.vtable)

.data      0    20000370    0000000d     UNINITIALIZED
                  20000370    00000005     main.obj (.data)
                  20000375    00000003     --HOLE--
                  20000378    00000005     uartstdio.obj (.data)

.stack     0    20000270    00000100     UNINITIALIZED
                  20000270    00000004     rtsv7M4_T_le_v4SPD16_eabi.lib : boot_cortex_m.c.obj (.stack)
                  20000274    000000fc     --HOLE--

__llvm_prf_cnts 
*          0    20000000    00000000     UNINITIALIZED

MODULE SUMMARY

       Module                       code   ro data   rw data
       ------                       ----   -------   -------
    .\
       main.obj                     636    0         5      
       startup_ccs.obj              12     620       0      
       spi.obj                      424    0         0      
       icm20948.obj                 178    0         0      
    +--+----------------------------+------+---------+---------+
       Total:                       1250   620       5      
                                                            
    .\utils\
       uartstdio.obj                688    24        5      
    +--+----------------------------+------+---------+---------+
       Total:                       688    24        5      
                                                            
    C:/ti/TivaWare_C_Series-1.1/driverlib/ccs/Debug/driverlib.lib
       interrupt.obj                148    112       620    
       sysctl.obj                   462    108       0      
       gpio.obj                     142    312       0      
       ssi.obj                      18     0         0      
       uart.obj                     6      0         0      
    +--+----------------------------+------+---------+---------+
       Total:                       776    532       620    
                                                            
    D:\ti\ccs1240\ccs\tools\compiler\ti-cgt-arm_20.2.7.LTS\lib\rtsv7M4_T_le_v4SPD16_eabi.lib
       memcpy_t2.asm.obj            156    0         0      
       copy_decompress_lzss.c.obj   104    0         0      
       autoinit.c.obj               68     0         0      
       u_divt2.asm.obj              64     0         0      
       boot_cortex_m.c.obj          52     0         0      
       copy_zero_init.c.obj         28     0         0      
       copy_decompress_none.c.obj   14     0         0      
       exit.c.obj                   4      0         0      
       pre_init.c.obj               4      0         0      
       div0.asm.obj                 2      0         0      
    +--+----------------------------+------+---------+---------+
       Total:                       496    0         0      
                                                            
       Stack:                       0      0         256    
       Linker Generated:            0      43        0      
    +--+----------------------------+------+---------+---------+
       Grand Total:                 3210   1219      886    


LINKER GENERATED COPY TABLES

__TI_cinit_table @ 00001148 records: 2, size/record: 8, table size: 16
	.vtable: load addr=00001138, load size=00000008 bytes, run addr=20000000, run size=0000026c bytes, compression=zero_init
	.data: load addr=00001140, load size=00000007 bytes, run addr=20000370, run size=0000000d bytes, compression=lzss


LINKER GENERATED HANDLER TABLE

__TI_handler_table @ 00001128 records: 3, size/record: 4, table size: 12
	index: 0, handler: __TI_zero_init
	index: 1, handler: __TI_decompress_lzss
	index: 2, handler: __TI_decompress_none


GLOBAL SYMBOLS: SORTED ALPHABETICALLY BY Name 

address   name                          
-------   ----                          
00000eed  C$$EXIT                       
00000959  ConfigureUART                 
00000ed1  GPIOIntClear                  
00000e9f  GPIOIntEnable                 
00000e43  GPIOIntRegister               
00000bad  GPIOPinConfigure              
20000370  GPIOPinStatus                 
00000b59  GPIOPortFHandler              
00000bf5  ICM_SPI_Read                  
00000c85  ICM_SPI_Write                 
00000a99  IntEnable                     
00000d4d  IntRegister                   
00000ed7  ResetISR                      
00000db5  SPIDataRead                   
00000dd5  SPIDataWrite                  
00000719  SPIInit                       
00000e6f  SSIDataGetNonBlocking         
000007f9  SysCtlClockGet                
00000615  SysCtlClockSet                
00000edd  SysCtlDelay                   
00000ee3  UARTClockSourceSet            
00000af9  UARTStdioConfig               
00000e29  UARTprintf                    
0000026d  UARTvprintf                   
00000c3d  UARTwrite                     
20000370  __STACK_END                   
00000100  __STACK_SIZE                  
20000470  __STACK_TOP                   
00001148  __TI_CINIT_Base               
00001158  __TI_CINIT_Limit              
00001128  __TI_Handler_Table_Base       
00001134  __TI_Handler_Table_Limit      
00000cc9  __TI_auto_init_nobinit_nopinit
000009c9  __TI_decompress_lzss          
00000e91  __TI_decompress_none          
ffffffff  __TI_pprof_out_hndl           
ffffffff  __TI_prof_data_size           
ffffffff  __TI_prof_data_start          
00000000  __TI_static_base__            
00000e0d  __TI_zero_init_nomemset       
00000ef5  __aeabi_idiv0                 
00000ef5  __aeabi_ldiv0                 
000008bd  __aeabi_memcpy                
000008bd  __aeabi_memcpy4               
000008bd  __aeabi_memcpy8               
00000d0d  __aeabi_uidiv                 
00000d0d  __aeabi_uidivmod              
ffffffff  __binit__                     
ffffffff  __c_args__                    
UNDEFED   __mpu_init                    
20000270  __stack                       
20000000  __start___llvm_prf_cnts       
20000000  __stop___llvm_prf_cnts        
00000d81  _c_int00_noargs               
UNDEFED   _system_post_cinit            
00000ee9  _system_pre_init              
00000eed  abort                         
ffffffff  binit                         
20000000  g_pfnRAMVectors               
00000000  g_pfnVectors                  
00000eb7  icm20948_device_reset         
00000eab  icm20948_init                 
00000a31  icm20948_wakeup               
00000ec1  icm20948_who_am_i             
0000045d  main                          
000008bd  memcpy                        
00000e81  read_single_icm20948_reg      
20000374  stop                          
00000e5b  write_single_icm20948_reg     


GLOBAL SYMBOLS: SORTED BY Symbol Address 

address   name                          
-------   ----                          
00000000  __TI_static_base__            
00000000  g_pfnVectors                  
00000100  __STACK_SIZE                  
0000026d  UARTvprintf                   
0000045d  main                          
00000615  SysCtlClockSet                
00000719  SPIInit                       
000007f9  SysCtlClockGet                
000008bd  __aeabi_memcpy                
000008bd  __aeabi_memcpy4               
000008bd  __aeabi_memcpy8               
000008bd  memcpy                        
00000959  ConfigureUART                 
000009c9  __TI_decompress_lzss          
00000a31  icm20948_wakeup               
00000a99  IntEnable                     
00000af9  UARTStdioConfig               
00000b59  GPIOPortFHandler              
00000bad  GPIOPinConfigure              
00000bf5  ICM_SPI_Read                  
00000c3d  UARTwrite                     
00000c85  ICM_SPI_Write                 
00000cc9  __TI_auto_init_nobinit_nopinit
00000d0d  __aeabi_uidiv                 
00000d0d  __aeabi_uidivmod              
00000d4d  IntRegister                   
00000d81  _c_int00_noargs               
00000db5  SPIDataRead                   
00000dd5  SPIDataWrite                  
00000e0d  __TI_zero_init_nomemset       
00000e29  UARTprintf                    
00000e43  GPIOIntRegister               
00000e5b  write_single_icm20948_reg     
00000e6f  SSIDataGetNonBlocking         
00000e81  read_single_icm20948_reg      
00000e91  __TI_decompress_none          
00000e9f  GPIOIntEnable                 
00000eab  icm20948_init                 
00000eb7  icm20948_device_reset         
00000ec1  icm20948_who_am_i             
00000ed1  GPIOIntClear                  
00000ed7  ResetISR                      
00000edd  SysCtlDelay                   
00000ee3  UARTClockSourceSet            
00000ee9  _system_pre_init              
00000eed  C$$EXIT                       
00000eed  abort                         
00000ef5  __aeabi_idiv0                 
00000ef5  __aeabi_ldiv0                 
00001128  __TI_Handler_Table_Base       
00001134  __TI_Handler_Table_Limit      
00001148  __TI_CINIT_Base               
00001158  __TI_CINIT_Limit              
20000000  __start___llvm_prf_cnts       
20000000  __stop___llvm_prf_cnts        
20000000  g_pfnRAMVectors               
20000270  __stack                       
20000370  GPIOPinStatus                 
20000370  __STACK_END                   
20000374  stop                          
20000470  __STACK_TOP                   
ffffffff  __TI_pprof_out_hndl           
ffffffff  __TI_prof_data_size           
ffffffff  __TI_prof_data_start          
ffffffff  __binit__                     
ffffffff  __c_args__                    
ffffffff  binit                         
UNDEFED   __mpu_init                    
UNDEFED   _system_post_cinit            

[69 symbols]
