******************************************************************************
                  TI ARM Linker PC v20.2.7                     
******************************************************************************
>> Linked Tue Oct 10 08:12:44 2023

OUTPUT FILE NAME:   <ICM_20948_SPI.out>
ENTRY POINT SYMBOL: "_c_int00_noargs"  address: 00001a41


MEMORY CONFIGURATION

         name            origin    length      used     unused   attr    fill
----------------------  --------  ---------  --------  --------  ----  --------
  FLASH                 00000000   00040000  00001eba  0003e146  R  X
  SRAM                  20000000   00008000  000005e1  00007a1f  RW X


SEGMENT ALLOCATION MAP

run origin  load origin   length   init length attrs members
----------  ----------- ---------- ----------- ----- -------
00000000    00000000    00001ec0   00001ec0    r-x
  00000000    00000000    0000026c   0000026c    r-- .intvecs
  0000026c    0000026c    000019e2   000019e2    r-x .text
  00001c50    00001c50    0000022c   0000022c    r-- .const
  00001e80    00001e80    00000040   00000040    r-- .cinit
20000000    20000000    000005e5   00000000    rw-
  20000000    20000000    0000026c   00000000    rw- .vtable
  2000026c    2000026c    00000268   00000000    rw- .bss
  200004d8    200004d8    00000100   00000000    rw- .stack
  200005d8    200005d8    0000000d   00000000    rw- .data


SECTION ALLOCATION MAP

 output                                  attributes/
section   page    origin      length       input sections
--------  ----  ----------  ----------   ----------------
.intvecs   0    00000000    0000026c     
                  00000000    0000026c     startup_ccs.obj (.intvecs)

.text      0    0000026c    000019e2     
                  0000026c    000002f4     main.obj (.text:Timer5IntHandler)
                  00000560    000002a0     main.obj (.text:main)
                  00000800    00000235     icm20948.obj (.text:icm20948_accel_calibration)
                  00000a35    00000001     --HOLE-- [fill = 0]
                  00000a36    00000002     startup_ccs.obj (.text:FaultISR)
                  00000a38    000001ee     uartstdio.obj (.text:UARTvprintf)
                  00000c26    00000002     startup_ccs.obj (.text:IntDefaultHandler)
                  00000c28    00000150     icm20948.obj (.text:icm20948_gyro_calibration)
                  00000d78    00000104     driverlib.lib : sysctl.obj (.text:SysCtlClockSet)
                  00000e7c    000000e0     spi.obj (.text:SPIInit)
                  00000f5c    000000c4     driverlib.lib : sysctl.obj (.text:SysCtlClockGet)
                  00001020    0000009c     rtsv7M4_T_le_v4SPD16_eabi.lib : memcpy_t2.asm.obj (.text)
                  000010bc    00000092     icm20948.obj (.text:icm20948_accel_read)
                  0000114e    00000092     icm20948.obj (.text:icm20948_gyro_read)
                  000011e0    0000008c     main.obj (.text:timer5_init)
                  0000126c    0000007a     rtsv7M4_T_le_v4SPD16_eabi.lib : memset_t2.asm.obj (.text)
                  000012e6    00000002     startup_ccs.obj (.text:NmiSR)
                  000012e8    00000078     icm20948.obj (.text:icm20948_wakeup)
                  00001360    00000070     main.obj (.text:ConfigureUART)
                  000013d0    00000068     rtsv7M4_T_le_v4SPD16_eabi.lib : copy_decompress_lzss.c.obj (.text:decompress:lzss:__TI_decompress_lzss)
                  00001438    00000060     driverlib.lib : interrupt.obj (.text:IntEnable)
                  00001498    00000060     uartstdio.obj (.text:UARTStdioConfig)
                  000014f8    0000005c     icm20948.obj (.text:icm20948_accel_full_scale_select)
                  00001554    0000005c     icm20948.obj (.text:icm20948_gyro_full_scale_select)
                  000015b0    0000005a     icm20948.obj (.text:icm20948_gyro_low_pass_filter)
                  0000160a    00000002     rtsv7M4_T_le_v4SPD16_eabi.lib : div0.asm.obj (.text)
                  0000160c    00000055     icm20948.obj (.text:icm20948_spi_slave_enable)
                  00001661    00000003     --HOLE-- [fill = 0]
                  00001664    00000054     main.obj (.text:GPIOPortFHandler)
                  000016b8    00000051     icm20948.obj (.text:icm20948_clock_source)
                  00001709    00000003     --HOLE-- [fill = 0]
                  0000170c    00000050     icm20948.obj (.text:icm20948_device_reset)
                  0000175c    00000048     driverlib.lib : gpio.obj (.text:GPIOPinConfigure)
                  000017a4    00000048     spi.obj (.text:ICM_SPI_Read)
                  000017ec    00000048     uartstdio.obj (.text:UARTwrite)
                  00001834    00000048     icm20948.obj (.text:icm20948_accel_read_g)
                  0000187c    00000048     icm20948.obj (.text:icm20948_odr_align_enable)
                  000018c4    00000046     icm20948.obj (.text:icm20948_init)
                  0000190a    00000002     --HOLE-- [fill = 0]
                  0000190c    00000044     spi.obj (.text:ICM_SPI_Write)
                  00001950    00000044     rtsv7M4_T_le_v4SPD16_eabi.lib : autoinit.c.obj (.text:__TI_auto_init_nobinit_nopinit:__TI_auto_init_nobinit_nopinit)
                  00001994    00000040                                   : u_divt2.asm.obj (.text)
                  000019d4    00000038     icm20948.obj (.text:icm20948_gyro_read_dps)
                  00001a0c    00000034     driverlib.lib : interrupt.obj (.text:IntRegister)
                  00001a40    00000034     rtsv7M4_T_le_v4SPD16_eabi.lib : boot_cortex_m.c.obj (.text:_c_int00_noargs:_c_int00_noargs)
                  00001a74    0000002c     ff.obj (.text:f_mount)
                  00001aa0    00000020     spi.obj (.text:SPIDataRead)
                  00001ac0    00000020     mmc-tm4c123g.obj (.text:disk_timerproc)
                  00001ae0    0000001e     icm20948.obj (.text:icm20948_accel_sample_rate_divider)
                  00001afe    00000002     --HOLE-- [fill = 0]
                  00001b00    0000001c     spi.obj (.text:SPIDataWrite)
                  00001b1c    0000001c     driverlib.lib : systick.obj (.text:SysTickIntRegister)
                  00001b38    0000001c                   : gpio.obj (.text:_GPIOIntNumberGet)
                  00001b54    0000001a     uartstdio.obj (.text:UARTprintf)
                  00001b6e    0000001a     icm20948.obj (.text:icm20948_accel_low_pass_filter)
                  00001b88    00000018     driverlib.lib : gpio.obj (.text:GPIOIntRegister)
                  00001ba0    00000018     main.obj (.text:SysTickHandler)
                  00001bb8    00000014     icm20948.obj (.text:write_single_icm20948_reg)
                  00001bcc    00000012     driverlib.lib : ssi.obj (.text:SSIDataGetNonBlocking)
                  00001bde    00000010     icm20948.obj (.text:read_single_icm20948_reg)
                  00001bee    0000000e     rtsv7M4_T_le_v4SPD16_eabi.lib : copy_decompress_none.c.obj (.text:decompress:none:__TI_decompress_none)
                  00001bfc    0000000c     driverlib.lib : gpio.obj (.text:GPIOIntEnable)
                  00001c08    0000000c     rtsv7M4_T_le_v4SPD16_eabi.lib : copy_zero_init.c.obj (.text:decompress:ZI:__TI_zero_init)
                  00001c14    0000000a     icm20948.obj (.text:icm20948_gyro_sample_rate_divider)
                  00001c1e    00000008     icm20948.obj (.text:icm20948_who_am_i)
                  00001c26    00000008     icm20948.obj (.text:select_user_bank)
                  00001c2e    00000006     driverlib.lib : gpio.obj (.text:GPIOIntClear)
                  00001c34    00000006     startup_ccs.obj (.text:ResetISR)
                  00001c3a    00000006     driverlib.lib : sysctl.obj (.text:SysCtlDelay)
                  00001c40    00000006                   : uart.obj (.text:UARTClockSourceSet)
                  00001c46    00000004     rtsv7M4_T_le_v4SPD16_eabi.lib : pre_init.c.obj (.text:_system_pre_init)
                  00001c4a    00000004                                   : exit.c.obj (.text:abort:abort)

.const     0    00001c50    0000022c     
                  00001c50    000000c0     driverlib.lib : gpio.obj (.const:g_ppui32GPIOIntMapBlizzard)
                  00001d10    00000078                   : gpio.obj (.const:g_pui32GPIOBaseAddrs)
                  00001d88    00000070                   : interrupt.obj (.const)
                  00001df8    0000006c                   : sysctl.obj (.const:g_pui32Xtals)
                  00001e64    0000000c     uartstdio.obj (.const:g_ui32UARTBase)
                  00001e70    0000000c     uartstdio.obj (.const:g_ui32UARTPeriph)

.cinit     0    00001e80    00000040     
                  00001e80    0000000c     (__TI_handler_table)
                  00001e8c    00000004     --HOLE-- [fill = 0]
                  00001e90    00000008     (.cinit..bss.load) [load image, compression = zero_init]
                  00001e98    00000008     (.cinit..vtable.load) [load image, compression = zero_init]
                  00001ea0    00000007     (.cinit..data.load) [load image, compression = lzss]
                  00001ea7    00000001     --HOLE-- [fill = 0]
                  00001ea8    00000018     (__TI_cinit_table)

.init_array 
*          0    00000000    00000000     UNINITIALIZED

.vtable    0    20000000    0000026c     UNINITIALIZED
                  20000000    0000026c     driverlib.lib : interrupt.obj (.vtable)

.bss       0    2000026c    00000268     UNINITIALIZED
                  2000026c    00000234     (.common:fatfs)
                  200004a0    0000000c     (.common:accel_axises)
                  200004ac    0000000c     (.common:gyro_axises)
                  200004b8    00000008     icm20948.obj (.bss)
                  200004c0    00000006     main.obj (.bss:accel_sign$3)
                  200004c6    00000006     main.obj (.bss:gyro_sign$2)
                  200004cc    00000004     ff.obj (.bss:FatFs)
                  200004d0    00000003     mmc-tm4c123g.obj (.bss)
                  200004d3    00000001     (.common:rc)

.data      0    200005d8    0000000d     UNINITIALIZED
                  200005d8    00000005     main.obj (.data)
                  200005dd    00000003     --HOLE--
                  200005e0    00000005     uartstdio.obj (.data)

.stack     0    200004d8    00000100     UNINITIALIZED
                  200004d8    00000004     rtsv7M4_T_le_v4SPD16_eabi.lib : boot_cortex_m.c.obj (.stack)
                  200004dc    000000fc     --HOLE--

__llvm_prf_cnts 
*          0    20000000    00000000     UNINITIALIZED

MODULE SUMMARY

       Module                       code   ro data   rw data
       ------                       ----   -------   -------
    .\
       main.obj                     1788   0         606    
       icm20948.obj                 2221   0         8      
       startup_ccs.obj              12     620       0      
       spi.obj                      424    0         0      
       ff.obj                       44     0         4      
       mmc-tm4c123g.obj             32     0         3      
    +--+----------------------------+------+---------+---------+
       Total:                       4521   620       621    
                                                            
    .\utils\
       uartstdio.obj                688    24        5      
    +--+----------------------------+------+---------+---------+
       Total:                       688    24        5      
                                                            
    C:/ti/TivaWare_C_Series-1.1/driverlib/ccs/Debug/driverlib.lib
       interrupt.obj                148    112       620    
       sysctl.obj                   462    108       0      
       gpio.obj                     142    312       0      
       systick.obj                  28     0         0      
       ssi.obj                      18     0         0      
       uart.obj                     6      0         0      
    +--+----------------------------+------+---------+---------+
       Total:                       804    532       620    
                                                            
    D:\ti\ccs1240\ccs\tools\compiler\ti-cgt-arm_20.2.7.LTS\lib\rtsv7M4_T_le_v4SPD16_eabi.lib
       memcpy_t2.asm.obj            156    0         0      
       memset_t2.asm.obj            122    0         0      
       copy_decompress_lzss.c.obj   104    0         0      
       autoinit.c.obj               68     0         0      
       u_divt2.asm.obj              64     0         0      
       boot_cortex_m.c.obj          52     0         0      
       copy_decompress_none.c.obj   14     0         0      
       copy_zero_init.c.obj         12     0         0      
       exit.c.obj                   4      0         0      
       pre_init.c.obj               4      0         0      
       div0.asm.obj                 2      0         0      
    +--+----------------------------+------+---------+---------+
       Total:                       602    0         0      
                                                            
       Stack:                       0      0         256    
       Linker Generated:            0      59        0      
    +--+----------------------------+------+---------+---------+
       Grand Total:                 6615   1235      1502   


LINKER GENERATED COPY TABLES

__TI_cinit_table @ 00001ea8 records: 3, size/record: 8, table size: 24
	.bss: load addr=00001e90, load size=00000008 bytes, run addr=2000026c, run size=00000268 bytes, compression=zero_init
	.vtable: load addr=00001e98, load size=00000008 bytes, run addr=20000000, run size=0000026c bytes, compression=zero_init
	.data: load addr=00001ea0, load size=00000007 bytes, run addr=200005d8, run size=0000000d bytes, compression=lzss


LINKER GENERATED HANDLER TABLE

__TI_handler_table @ 00001e80 records: 3, size/record: 4, table size: 12
	index: 0, handler: __TI_zero_init
	index: 1, handler: __TI_decompress_lzss
	index: 2, handler: __TI_decompress_none


GLOBAL SYMBOLS: SORTED ALPHABETICALLY BY Name 

address   name                              
-------   ----                              
00001c4b  C$$EXIT                           
00001361  ConfigureUART                     
00001c2f  GPIOIntClear                      
00001bfd  GPIOIntEnable                     
00001b89  GPIOIntRegister                   
0000175d  GPIOPinConfigure                  
200005d8  GPIOPinStatus                     
00001665  GPIOPortFHandler                  
000017a5  ICM_SPI_Read                      
0000190d  ICM_SPI_Write                     
00001439  IntEnable                         
00001a0d  IntRegister                       
00001c35  ResetISR                          
00001aa1  SPIDataRead                       
00001b01  SPIDataWrite                      
00000e7d  SPIInit                           
00001bcd  SSIDataGetNonBlocking             
00000f5d  SysCtlClockGet                    
00000d79  SysCtlClockSet                    
00001c3b  SysCtlDelay                       
00001ba1  SysTickHandler                    
00001b1d  SysTickIntRegister                
0000026d  Timer5IntHandler                  
00001c41  UARTClockSourceSet                
00001499  UARTStdioConfig                   
00001b55  UARTprintf                        
00000a39  UARTvprintf                       
000017ed  UARTwrite                         
200005d8  __STACK_END                       
00000100  __STACK_SIZE                      
200006d8  __STACK_TOP                       
00001ea8  __TI_CINIT_Base                   
00001ec0  __TI_CINIT_Limit                  
00001e80  __TI_Handler_Table_Base           
00001e8c  __TI_Handler_Table_Limit          
00001951  __TI_auto_init_nobinit_nopinit    
000013d1  __TI_decompress_lzss              
00001bef  __TI_decompress_none              
ffffffff  __TI_pprof_out_hndl               
ffffffff  __TI_prof_data_size               
ffffffff  __TI_prof_data_start              
00000000  __TI_static_base__                
00001c09  __TI_zero_init                    
0000160b  __aeabi_idiv0                     
0000160b  __aeabi_ldiv0                     
0000126d  __aeabi_memclr                    
0000126d  __aeabi_memclr4                   
0000126d  __aeabi_memclr8                   
00001021  __aeabi_memcpy                    
00001021  __aeabi_memcpy4                   
00001021  __aeabi_memcpy8                   
0000126f  __aeabi_memset                    
0000126f  __aeabi_memset4                   
0000126f  __aeabi_memset8                   
00001995  __aeabi_uidiv                     
00001995  __aeabi_uidivmod                  
ffffffff  __binit__                         
ffffffff  __c_args__                        
UNDEFED   __mpu_init                        
200004d8  __stack                           
20000000  __start___llvm_prf_cnts           
20000000  __stop___llvm_prf_cnts            
00001a41  _c_int00_noargs                   
UNDEFED   _system_post_cinit                
00001c47  _system_pre_init                  
00001c4b  abort                             
200004a0  accel_axises                      
ffffffff  binit                             
00001ac1  disk_timerproc                    
00001a75  f_mount                           
2000026c  fatfs                             
20000000  g_pfnRAMVectors                   
00000000  g_pfnVectors                      
200004ac  gyro_axises                       
00000801  icm20948_accel_calibration        
000014f9  icm20948_accel_full_scale_select  
00001b6f  icm20948_accel_low_pass_filter    
000010bd  icm20948_accel_read               
00001835  icm20948_accel_read_g             
00001ae1  icm20948_accel_sample_rate_divider
000016b9  icm20948_clock_source             
0000170d  icm20948_device_reset             
00000c29  icm20948_gyro_calibration         
00001555  icm20948_gyro_full_scale_select   
000015b1  icm20948_gyro_low_pass_filter     
0000114f  icm20948_gyro_read                
000019d5  icm20948_gyro_read_dps            
00001c15  icm20948_gyro_sample_rate_divider 
000018c5  icm20948_init                     
0000187d  icm20948_odr_align_enable         
0000160d  icm20948_spi_slave_enable         
000012e9  icm20948_wakeup                   
00001c1f  icm20948_who_am_i                 
00000561  main                              
00001021  memcpy                            
00001275  memset                            
200004d3  rc                                
00001bdf  read_single_icm20948_reg          
200005dc  stop                              
000011e1  timer5_init                       
00001bb9  write_single_icm20948_reg         


GLOBAL SYMBOLS: SORTED BY Symbol Address 

address   name                              
-------   ----                              
00000000  __TI_static_base__                
00000000  g_pfnVectors                      
00000100  __STACK_SIZE                      
0000026d  Timer5IntHandler                  
00000561  main                              
00000801  icm20948_accel_calibration        
00000a39  UARTvprintf                       
00000c29  icm20948_gyro_calibration         
00000d79  SysCtlClockSet                    
00000e7d  SPIInit                           
00000f5d  SysCtlClockGet                    
00001021  __aeabi_memcpy                    
00001021  __aeabi_memcpy4                   
00001021  __aeabi_memcpy8                   
00001021  memcpy                            
000010bd  icm20948_accel_read               
0000114f  icm20948_gyro_read                
000011e1  timer5_init                       
0000126d  __aeabi_memclr                    
0000126d  __aeabi_memclr4                   
0000126d  __aeabi_memclr8                   
0000126f  __aeabi_memset                    
0000126f  __aeabi_memset4                   
0000126f  __aeabi_memset8                   
00001275  memset                            
000012e9  icm20948_wakeup                   
00001361  ConfigureUART                     
000013d1  __TI_decompress_lzss              
00001439  IntEnable                         
00001499  UARTStdioConfig                   
000014f9  icm20948_accel_full_scale_select  
00001555  icm20948_gyro_full_scale_select   
000015b1  icm20948_gyro_low_pass_filter     
0000160b  __aeabi_idiv0                     
0000160b  __aeabi_ldiv0                     
0000160d  icm20948_spi_slave_enable         
00001665  GPIOPortFHandler                  
000016b9  icm20948_clock_source             
0000170d  icm20948_device_reset             
0000175d  GPIOPinConfigure                  
000017a5  ICM_SPI_Read                      
000017ed  UARTwrite                         
00001835  icm20948_accel_read_g             
0000187d  icm20948_odr_align_enable         
000018c5  icm20948_init                     
0000190d  ICM_SPI_Write                     
00001951  __TI_auto_init_nobinit_nopinit    
00001995  __aeabi_uidiv                     
00001995  __aeabi_uidivmod                  
000019d5  icm20948_gyro_read_dps            
00001a0d  IntRegister                       
00001a41  _c_int00_noargs                   
00001a75  f_mount                           
00001aa1  SPIDataRead                       
00001ac1  disk_timerproc                    
00001ae1  icm20948_accel_sample_rate_divider
00001b01  SPIDataWrite                      
00001b1d  SysTickIntRegister                
00001b55  UARTprintf                        
00001b6f  icm20948_accel_low_pass_filter    
00001b89  GPIOIntRegister                   
00001ba1  SysTickHandler                    
00001bb9  write_single_icm20948_reg         
00001bcd  SSIDataGetNonBlocking             
00001bdf  read_single_icm20948_reg          
00001bef  __TI_decompress_none              
00001bfd  GPIOIntEnable                     
00001c09  __TI_zero_init                    
00001c15  icm20948_gyro_sample_rate_divider 
00001c1f  icm20948_who_am_i                 
00001c2f  GPIOIntClear                      
00001c35  ResetISR                          
00001c3b  SysCtlDelay                       
00001c41  UARTClockSourceSet                
00001c47  _system_pre_init                  
00001c4b  C$$EXIT                           
00001c4b  abort                             
00001e80  __TI_Handler_Table_Base           
00001e8c  __TI_Handler_Table_Limit          
00001ea8  __TI_CINIT_Base                   
00001ec0  __TI_CINIT_Limit                  
20000000  __start___llvm_prf_cnts           
20000000  __stop___llvm_prf_cnts            
20000000  g_pfnRAMVectors                   
2000026c  fatfs                             
200004a0  accel_axises                      
200004ac  gyro_axises                       
200004d3  rc                                
200004d8  __stack                           
200005d8  GPIOPinStatus                     
200005d8  __STACK_END                       
200005dc  stop                              
200006d8  __STACK_TOP                       
ffffffff  __TI_pprof_out_hndl               
ffffffff  __TI_prof_data_size               
ffffffff  __TI_prof_data_start              
ffffffff  __binit__                         
ffffffff  __c_args__                        
ffffffff  binit                             
UNDEFED   __mpu_init                        
UNDEFED   _system_post_cinit                

[101 symbols]
