******************************************************************************
                  TI ARM Linker PC v20.2.5                     
******************************************************************************
>> Linked Sun Sep  3 16:01:02 2023

OUTPUT FILE NAME:   <ICM_20948_v2.out>
ENTRY POINT SYMBOL: "_c_int00_noargs"  address: 000009ed


MEMORY CONFIGURATION

         name            origin    length      used     unused   attr    fill
----------------------  --------  ---------  --------  --------  ----  --------
  FLASH                 00000000   00040000  00000bf8  0003f408  R  X
  SRAM                  20000000   00008000  00000185  00007e7b  RW X


SEGMENT ALLOCATION MAP

run origin  load origin   length   init length attrs members
----------  ----------- ---------- ----------- ----- -------
00000000    00000000    00000bf8   00000bf8    r-x
  00000000    00000000    0000026c   0000026c    r-- .intvecs
  0000026c    0000026c    00000860   00000860    r-x .text
  00000acc    00000acc    000000fc   000000fc    r-- .const
  00000bc8    00000bc8    00000030   00000030    r-- .cinit
20000000    20000000    00000185   00000000    rw-
  20000000    20000000    00000100   00000000    rw- .stack
  20000100    20000100    00000080   00000000    rw- .bss
  20000180    20000180    00000005   00000000    rw- .data


SECTION ALLOCATION MAP

 output                                  attributes/
section   page    origin      length       input sections
--------  ----  ----------  ----------   ----------------
.intvecs   0    00000000    0000026c     
                  00000000    0000026c     startup_ccs.obj (.intvecs)

.text      0    0000026c    00000860     
                  0000026c    000001ee     uartstdio.obj (.text:UARTvprintf)
                  0000045a    00000002     startup_ccs.obj (.text:FaultISR)
                  0000045c    000000e0     spi.obj (.text:SPIInit)
                  0000053c    000000c4     driverlib.lib : sysctl.obj (.text:SysCtlClockGet)
                  00000600    000000bc     main.obj (.text:main)
                  000006bc    0000009c     rtsv7M4_T_le_v4SPD16_eabi.lib : memcpy_t2.asm.obj (.text)
                  00000758    00000070     main.obj (.text:ConfigureUART)
                  000007c8    00000068     rtsv7M4_T_le_v4SPD16_eabi.lib : copy_decompress_lzss.c.obj (.text:decompress:lzss:__TI_decompress_lzss)
                  00000830    00000060     uartstdio.obj (.text:UARTStdioConfig)
                  00000890    00000048     driverlib.lib : gpio.obj (.text:GPIOPinConfigure)
                  000008d8    00000048     spi.obj (.text:ICM_SPI_Read)
                  00000920    00000048     uartstdio.obj (.text:UARTwrite)
                  00000968    00000044     rtsv7M4_T_le_v4SPD16_eabi.lib : autoinit.c.obj (.text:__TI_auto_init_nobinit_nopinit:__TI_auto_init_nobinit_nopinit)
                  000009ac    00000040                                   : u_divt2.asm.obj (.text)
                  000009ec    00000034                                   : boot_cortex_m.c.obj (.text:_c_int00_noargs:_c_int00_noargs)
                  00000a20    00000020     spi.obj (.text:SPIDataRead)
                  00000a40    0000001c     spi.obj (.text:SPIDataWrite)
                  00000a5c    0000001c     rtsv7M4_T_le_v4SPD16_eabi.lib : copy_zero_init.c.obj (.text:decompress:ZI:__TI_zero_init_nomemset:__TI_zero_init_nomemset)
                  00000a78    0000001a     uartstdio.obj (.text:UARTprintf)
                  00000a92    00000012     driverlib.lib : ssi.obj (.text:SSIDataGetNonBlocking)
                  00000aa4    0000000e     rtsv7M4_T_le_v4SPD16_eabi.lib : copy_decompress_none.c.obj (.text:decompress:none:__TI_decompress_none)
                  00000ab2    00000006     startup_ccs.obj (.text:ResetISR)
                  00000ab8    00000006     driverlib.lib : uart.obj (.text:UARTClockSourceSet)
                  00000abe    00000004     rtsv7M4_T_le_v4SPD16_eabi.lib : pre_init.c.obj (.text:_system_pre_init)
                  00000ac2    00000004                                   : exit.c.obj (.text:abort:abort)
                  00000ac6    00000002     startup_ccs.obj (.text:IntDefaultHandler)
                  00000ac8    00000002     startup_ccs.obj (.text:NmiSR)
                  00000aca    00000002     rtsv7M4_T_le_v4SPD16_eabi.lib : div0.asm.obj (.text)

.const     0    00000acc    000000fc     
                  00000acc    00000078     driverlib.lib : gpio.obj (.const:g_pui32GPIOBaseAddrs)
                  00000b44    0000006c                   : sysctl.obj (.const:g_pui32Xtals)
                  00000bb0    0000000c     uartstdio.obj (.const:g_ui32UARTBase)
                  00000bbc    0000000c     uartstdio.obj (.const:g_ui32UARTPeriph)

.cinit     0    00000bc8    00000030     
                  00000bc8    0000000c     (__TI_handler_table)
                  00000bd4    00000004     --HOLE-- [fill = 0]
                  00000bd8    00000008     (.cinit..bss.load) [load image, compression = zero_init]
                  00000be0    00000007     (.cinit..data.load) [load image, compression = lzss]
                  00000be7    00000001     --HOLE-- [fill = 0]
                  00000be8    00000010     (__TI_cinit_table)

.init_array 
*          0    00000000    00000000     UNINITIALIZED

.bss       0    20000100    00000080     UNINITIALIZED
                  20000100    00000080     (.common:ui32TxBuffer)

.data      0    20000180    00000005     UNINITIALIZED
                  20000180    00000005     uartstdio.obj (.data)

.stack     0    20000000    00000100     UNINITIALIZED
                  20000000    00000004     rtsv7M4_T_le_v4SPD16_eabi.lib : boot_cortex_m.c.obj (.stack)
                  20000004    000000fc     --HOLE--

__llvm_prf_cnts 
*          0    20000000    00000000     UNINITIALIZED

MODULE SUMMARY

       Module                       code   ro data   rw data
       ------                       ----   -------   -------
    .\
       startup_ccs.obj              12     620       0      
       main.obj                     300    0         128    
       spi.obj                      356    0         0      
    +--+----------------------------+------+---------+---------+
       Total:                       668    620       128    
                                                            
    .\utils\
       uartstdio.obj                688    24        5      
    +--+----------------------------+------+---------+---------+
       Total:                       688    24        5      
                                                            
    C:/ti/TivaWare_C_Series-1.1/driverlib/ccs/Debug/driverlib.lib
       sysctl.obj                   196    108       0      
       gpio.obj                     72     120       0      
       ssi.obj                      18     0         0      
       uart.obj                     6      0         0      
    +--+----------------------------+------+---------+---------+
       Total:                       292    228       0      
                                                            
    C:\ti\ccs1120\ccs\tools\compiler\ti-cgt-arm_20.2.5.LTS\lib\rtsv7M4_T_le_v4SPD16_eabi.lib
       memcpy_t2.asm.obj            156    0         0      
       copy_decompress_lzss.c.obj   104    0         0      
       autoinit.c.obj               68     0         0      
       u_divt2.asm.obj              64     0         0      
       boot_cortex_m.c.obj          52     0         0      
       copy_zero_init.c.obj         28     0         0      
       copy_decompress_none.c.obj   14     0         0      
       exit.c.obj                   4      0         0      
       pre_init.c.obj               4      0         0      
       div0.asm.obj                 2      0         0      
    +--+----------------------------+------+---------+---------+
       Total:                       496    0         0      
                                                            
       Stack:                       0      0         256    
       Linker Generated:            0      43        0      
    +--+----------------------------+------+---------+---------+
       Grand Total:                 2144   915       389    


LINKER GENERATED COPY TABLES

__TI_cinit_table @ 00000be8 records: 2, size/record: 8, table size: 16
	.bss: load addr=00000bd8, load size=00000008 bytes, run addr=20000100, run size=00000080 bytes, compression=zero_init
	.data: load addr=00000be0, load size=00000007 bytes, run addr=20000180, run size=00000005 bytes, compression=lzss


LINKER GENERATED HANDLER TABLE

__TI_handler_table @ 00000bc8 records: 3, size/record: 4, table size: 12
	index: 0, handler: __TI_decompress_lzss
	index: 1, handler: __TI_decompress_none
	index: 2, handler: __TI_zero_init


GLOBAL SYMBOLS: SORTED ALPHABETICALLY BY Name 

address   name                          
-------   ----                          
00000ac3  C$$EXIT                       
00000759  ConfigureUART                 
00000891  GPIOPinConfigure              
000008d9  ICM_SPI_Read                  
00000ab3  ResetISR                      
00000a21  SPIDataRead                   
00000a41  SPIDataWrite                  
0000045d  SPIInit                       
00000a93  SSIDataGetNonBlocking         
0000053d  SysCtlClockGet                
00000ab9  UARTClockSourceSet            
00000831  UARTStdioConfig               
00000a79  UARTprintf                    
0000026d  UARTvprintf                   
00000921  UARTwrite                     
20000100  __STACK_END                   
00000100  __STACK_SIZE                  
20000400  __STACK_TOP                   
00000be8  __TI_CINIT_Base               
00000bf8  __TI_CINIT_Limit              
00000bc8  __TI_Handler_Table_Base       
00000bd4  __TI_Handler_Table_Limit      
00000969  __TI_auto_init_nobinit_nopinit
000007c9  __TI_decompress_lzss          
00000aa5  __TI_decompress_none          
ffffffff  __TI_pprof_out_hndl           
ffffffff  __TI_prof_data_size           
ffffffff  __TI_prof_data_start          
00000000  __TI_static_base__            
00000a5d  __TI_zero_init_nomemset       
00000acb  __aeabi_idiv0                 
00000acb  __aeabi_ldiv0                 
000006bd  __aeabi_memcpy                
000006bd  __aeabi_memcpy4               
000006bd  __aeabi_memcpy8               
000009ad  __aeabi_uidiv                 
000009ad  __aeabi_uidivmod              
ffffffff  __binit__                     
ffffffff  __c_args__                    
UNDEFED   __mpu_init                    
20000000  __stack                       
20000000  __start___llvm_prf_cnts       
20000000  __stop___llvm_prf_cnts        
000009ed  _c_int00_noargs               
UNDEFED   _system_post_cinit            
00000abf  _system_pre_init              
00000ac3  abort                         
ffffffff  binit                         
00000000  g_pfnVectors                  
00000601  main                          
000006bd  memcpy                        
20000100  ui32TxBuffer                  


GLOBAL SYMBOLS: SORTED BY Symbol Address 

address   name                          
-------   ----                          
00000000  __TI_static_base__            
00000000  g_pfnVectors                  
00000100  __STACK_SIZE                  
0000026d  UARTvprintf                   
0000045d  SPIInit                       
0000053d  SysCtlClockGet                
00000601  main                          
000006bd  __aeabi_memcpy                
000006bd  __aeabi_memcpy4               
000006bd  __aeabi_memcpy8               
000006bd  memcpy                        
00000759  ConfigureUART                 
000007c9  __TI_decompress_lzss          
00000831  UARTStdioConfig               
00000891  GPIOPinConfigure              
000008d9  ICM_SPI_Read                  
00000921  UARTwrite                     
00000969  __TI_auto_init_nobinit_nopinit
000009ad  __aeabi_uidiv                 
000009ad  __aeabi_uidivmod              
000009ed  _c_int00_noargs               
00000a21  SPIDataRead                   
00000a41  SPIDataWrite                  
00000a5d  __TI_zero_init_nomemset       
00000a79  UARTprintf                    
00000a93  SSIDataGetNonBlocking         
00000aa5  __TI_decompress_none          
00000ab3  ResetISR                      
00000ab9  UARTClockSourceSet            
00000abf  _system_pre_init              
00000ac3  C$$EXIT                       
00000ac3  abort                         
00000acb  __aeabi_idiv0                 
00000acb  __aeabi_ldiv0                 
00000bc8  __TI_Handler_Table_Base       
00000bd4  __TI_Handler_Table_Limit      
00000be8  __TI_CINIT_Base               
00000bf8  __TI_CINIT_Limit              
20000000  __stack                       
20000000  __start___llvm_prf_cnts       
20000000  __stop___llvm_prf_cnts        
20000100  __STACK_END                   
20000100  ui32TxBuffer                  
20000400  __STACK_TOP                   
ffffffff  __TI_pprof_out_hndl           
ffffffff  __TI_prof_data_size           
ffffffff  __TI_prof_data_start          
ffffffff  __binit__                     
ffffffff  __c_args__                    
ffffffff  binit                         
UNDEFED   __mpu_init                    
UNDEFED   _system_post_cinit            

[52 symbols]
