******************************************************************************
                  TI ARM Linker PC v20.2.7                     
******************************************************************************
>> Linked Mon Oct  2 20:59:13 2023

OUTPUT FILE NAME:   <ICM_20948_SPI.out>
ENTRY POINT SYMBOL: "_c_int00_noargs"  address: 00000d05


MEMORY CONFIGURATION

         name            origin    length      used     unused   attr    fill
----------------------  --------  ---------  --------  --------  ----  --------
  FLASH                 00000000   00040000  000010f0  0003ef10  R  X
  SRAM                  20000000   00008000  00000379  00007c87  RW X


SEGMENT ALLOCATION MAP

run origin  load origin   length   init length attrs members
----------  ----------- ---------- ----------- ----- -------
00000000    00000000    000010f0   000010f0    r-x
  00000000    00000000    0000026c   0000026c    r-- .intvecs
  0000026c    0000026c    00000c28   00000c28    r-x .text
  00000e94    00000e94    0000022c   0000022c    r-- .const
  000010c0    000010c0    00000030   00000030    r-- .cinit
20000000    20000000    0000037d   00000000    rw-
  20000000    20000000    0000026c   00000000    rw- .vtable
  20000270    20000270    00000100   00000000    rw- .stack
  20000370    20000370    0000000d   00000000    rw- .data


SECTION ALLOCATION MAP

 output                                  attributes/
section   page    origin      length       input sections
--------  ----  ----------  ----------   ----------------
.intvecs   0    00000000    0000026c     
                  00000000    0000026c     startup_ccs.obj (.intvecs)

.text      0    0000026c    00000c28     
                  0000026c    000001ee     uartstdio.obj (.text:UARTvprintf)
                  0000045a    00000002     startup_ccs.obj (.text:FaultISR)
                  0000045c    000001a4     main.obj (.text:main)
                  00000600    00000104     driverlib.lib : sysctl.obj (.text:SysCtlClockSet)
                  00000704    000000e0     spi.obj (.text:SPIInit)
                  000007e4    000000c4     driverlib.lib : sysctl.obj (.text:SysCtlClockGet)
                  000008a8    0000009c     rtsv7M4_T_le_v4SPD16_eabi.lib : memcpy_t2.asm.obj (.text)
                  00000944    00000070     main.obj (.text:ConfigureUART)
                  000009b4    00000068     rtsv7M4_T_le_v4SPD16_eabi.lib : copy_decompress_lzss.c.obj (.text:decompress:lzss:__TI_decompress_lzss)
                  00000a1c    00000060     driverlib.lib : interrupt.obj (.text:IntEnable)
                  00000a7c    00000060     uartstdio.obj (.text:UARTStdioConfig)
                  00000adc    00000054     main.obj (.text:GPIOPortFHandler)
                  00000b30    00000048     driverlib.lib : gpio.obj (.text:GPIOPinConfigure)
                  00000b78    00000048     spi.obj (.text:ICM_SPI_Read)
                  00000bc0    00000048     uartstdio.obj (.text:UARTwrite)
                  00000c08    00000044     spi.obj (.text:ICM_SPI_Write)
                  00000c4c    00000044     rtsv7M4_T_le_v4SPD16_eabi.lib : autoinit.c.obj (.text:__TI_auto_init_nobinit_nopinit:__TI_auto_init_nobinit_nopinit)
                  00000c90    00000040                                   : u_divt2.asm.obj (.text)
                  00000cd0    00000034     driverlib.lib : interrupt.obj (.text:IntRegister)
                  00000d04    00000034     rtsv7M4_T_le_v4SPD16_eabi.lib : boot_cortex_m.c.obj (.text:_c_int00_noargs:_c_int00_noargs)
                  00000d38    00000020     spi.obj (.text:SPIDataRead)
                  00000d58    0000001c     spi.obj (.text:SPIDataWrite)
                  00000d74    0000001c     driverlib.lib : gpio.obj (.text:_GPIOIntNumberGet)
                  00000d90    0000001c     icm20948.obj (.text:cs_high)
                  00000dac    0000001c     icm20948.obj (.text:cs_low)
                  00000dc8    0000001c     rtsv7M4_T_le_v4SPD16_eabi.lib : copy_zero_init.c.obj (.text:decompress:ZI:__TI_zero_init_nomemset:__TI_zero_init_nomemset)
                  00000de4    0000001c     icm20948.obj (.text:read_single_icm20948_reg)
                  00000e00    0000001a     uartstdio.obj (.text:UARTprintf)
                  00000e1a    00000018     driverlib.lib : gpio.obj (.text:GPIOIntRegister)
                  00000e32    00000012                   : ssi.obj (.text:SSIDataGetNonBlocking)
                  00000e44    0000000e     rtsv7M4_T_le_v4SPD16_eabi.lib : copy_decompress_none.c.obj (.text:decompress:none:__TI_decompress_none)
                  00000e52    0000000c     driverlib.lib : gpio.obj (.text:GPIOIntEnable)
                  00000e5e    00000008     icm20948.obj (.text:icm20948_who_am_i)
                  00000e66    00000008     icm20948.obj (.text:select_user_bank)
                  00000e6e    00000006     driverlib.lib : gpio.obj (.text:GPIOIntClear)
                  00000e74    00000006     startup_ccs.obj (.text:ResetISR)
                  00000e7a    00000006     driverlib.lib : sysctl.obj (.text:SysCtlDelay)
                  00000e80    00000006                   : uart.obj (.text:UARTClockSourceSet)
                  00000e86    00000004     rtsv7M4_T_le_v4SPD16_eabi.lib : pre_init.c.obj (.text:_system_pre_init)
                  00000e8a    00000004                                   : exit.c.obj (.text:abort:abort)
                  00000e8e    00000002     startup_ccs.obj (.text:IntDefaultHandler)
                  00000e90    00000002     startup_ccs.obj (.text:NmiSR)
                  00000e92    00000002     rtsv7M4_T_le_v4SPD16_eabi.lib : div0.asm.obj (.text)

.const     0    00000e94    0000022c     
                  00000e94    000000c0     driverlib.lib : gpio.obj (.const:g_ppui32GPIOIntMapBlizzard)
                  00000f54    00000078                   : gpio.obj (.const:g_pui32GPIOBaseAddrs)
                  00000fcc    00000070                   : interrupt.obj (.const)
                  0000103c    0000006c                   : sysctl.obj (.const:g_pui32Xtals)
                  000010a8    0000000c     uartstdio.obj (.const:g_ui32UARTBase)
                  000010b4    0000000c     uartstdio.obj (.const:g_ui32UARTPeriph)

.cinit     0    000010c0    00000030     
                  000010c0    0000000c     (__TI_handler_table)
                  000010cc    00000004     --HOLE-- [fill = 0]
                  000010d0    00000008     (.cinit..vtable.load) [load image, compression = zero_init]
                  000010d8    00000007     (.cinit..data.load) [load image, compression = lzss]
                  000010df    00000001     --HOLE-- [fill = 0]
                  000010e0    00000010     (__TI_cinit_table)

.init_array 
*          0    00000000    00000000     UNINITIALIZED

.vtable    0    20000000    0000026c     UNINITIALIZED
                  20000000    0000026c     driverlib.lib : interrupt.obj (.vtable)

.data      0    20000370    0000000d     UNINITIALIZED
                  20000370    00000005     main.obj (.data)
                  20000375    00000003     --HOLE--
                  20000378    00000005     uartstdio.obj (.data)

.stack     0    20000270    00000100     UNINITIALIZED
                  20000270    00000004     rtsv7M4_T_le_v4SPD16_eabi.lib : boot_cortex_m.c.obj (.stack)
                  20000274    000000fc     --HOLE--

__llvm_prf_cnts 
*          0    20000000    00000000     UNINITIALIZED

MODULE SUMMARY

       Module                       code   ro data   rw data
       ------                       ----   -------   -------
    .\
       startup_ccs.obj              12     620       0      
       main.obj                     616    0         5      
       spi.obj                      424    0         0      
       icm20948.obj                 100    0         0      
    +--+----------------------------+------+---------+---------+
       Total:                       1152   620       5      
                                                            
    .\utils\
       uartstdio.obj                688    24        5      
    +--+----------------------------+------+---------+---------+
       Total:                       688    24        5      
                                                            
    C:/ti/TivaWare_C_Series-1.1/driverlib/ccs/Debug/driverlib.lib
       interrupt.obj                148    112       620    
       sysctl.obj                   462    108       0      
       gpio.obj                     142    312       0      
       ssi.obj                      18     0         0      
       uart.obj                     6      0         0      
    +--+----------------------------+------+---------+---------+
       Total:                       776    532       620    
                                                            
    D:\ti\ccs1240\ccs\tools\compiler\ti-cgt-arm_20.2.7.LTS\lib\rtsv7M4_T_le_v4SPD16_eabi.lib
       memcpy_t2.asm.obj            156    0         0      
       copy_decompress_lzss.c.obj   104    0         0      
       autoinit.c.obj               68     0         0      
       u_divt2.asm.obj              64     0         0      
       boot_cortex_m.c.obj          52     0         0      
       copy_zero_init.c.obj         28     0         0      
       copy_decompress_none.c.obj   14     0         0      
       exit.c.obj                   4      0         0      
       pre_init.c.obj               4      0         0      
       div0.asm.obj                 2      0         0      
    +--+----------------------------+------+---------+---------+
       Total:                       496    0         0      
                                                            
       Stack:                       0      0         256    
       Linker Generated:            0      43        0      
    +--+----------------------------+------+---------+---------+
       Grand Total:                 3112   1219      886    


LINKER GENERATED COPY TABLES

__TI_cinit_table @ 000010e0 records: 2, size/record: 8, table size: 16
	.vtable: load addr=000010d0, load size=00000008 bytes, run addr=20000000, run size=0000026c bytes, compression=zero_init
	.data: load addr=000010d8, load size=00000007 bytes, run addr=20000370, run size=0000000d bytes, compression=lzss


LINKER GENERATED HANDLER TABLE

__TI_handler_table @ 000010c0 records: 3, size/record: 4, table size: 12
	index: 0, handler: __TI_zero_init
	index: 1, handler: __TI_decompress_lzss
	index: 2, handler: __TI_decompress_none


GLOBAL SYMBOLS: SORTED ALPHABETICALLY BY Name 

address   name                          
-------   ----                          
00000e8b  C$$EXIT                       
00000945  ConfigureUART                 
00000e6f  GPIOIntClear                  
00000e53  GPIOIntEnable                 
00000e1b  GPIOIntRegister               
00000b31  GPIOPinConfigure              
20000370  GPIOPinStatus                 
00000add  GPIOPortFHandler              
00000b79  ICM_SPI_Read                  
00000c09  ICM_SPI_Write                 
00000a1d  IntEnable                     
00000cd1  IntRegister                   
00000e75  ResetISR                      
00000d39  SPIDataRead                   
00000d59  SPIDataWrite                  
00000705  SPIInit                       
00000e33  SSIDataGetNonBlocking         
000007e5  SysCtlClockGet                
00000601  SysCtlClockSet                
00000e7b  SysCtlDelay                   
00000e81  UARTClockSourceSet            
00000a7d  UARTStdioConfig               
00000e01  UARTprintf                    
0000026d  UARTvprintf                   
00000bc1  UARTwrite                     
20000370  __STACK_END                   
00000100  __STACK_SIZE                  
20000470  __STACK_TOP                   
000010e0  __TI_CINIT_Base               
000010f0  __TI_CINIT_Limit              
000010c0  __TI_Handler_Table_Base       
000010cc  __TI_Handler_Table_Limit      
00000c4d  __TI_auto_init_nobinit_nopinit
000009b5  __TI_decompress_lzss          
00000e45  __TI_decompress_none          
ffffffff  __TI_pprof_out_hndl           
ffffffff  __TI_prof_data_size           
ffffffff  __TI_prof_data_start          
00000000  __TI_static_base__            
00000dc9  __TI_zero_init_nomemset       
00000e93  __aeabi_idiv0                 
00000e93  __aeabi_ldiv0                 
000008a9  __aeabi_memcpy                
000008a9  __aeabi_memcpy4               
000008a9  __aeabi_memcpy8               
00000c91  __aeabi_uidiv                 
00000c91  __aeabi_uidivmod              
ffffffff  __binit__                     
ffffffff  __c_args__                    
UNDEFED   __mpu_init                    
20000270  __stack                       
20000000  __start___llvm_prf_cnts       
20000000  __stop___llvm_prf_cnts        
00000d05  _c_int00_noargs               
UNDEFED   _system_post_cinit            
00000e87  _system_pre_init              
00000e8b  abort                         
ffffffff  binit                         
20000000  g_pfnRAMVectors               
00000000  g_pfnVectors                  
00000e5f  icm20948_who_am_i             
0000045d  main                          
000008a9  memcpy                        
20000374  stop                          


GLOBAL SYMBOLS: SORTED BY Symbol Address 

address   name                          
-------   ----                          
00000000  __TI_static_base__            
00000000  g_pfnVectors                  
00000100  __STACK_SIZE                  
0000026d  UARTvprintf                   
0000045d  main                          
00000601  SysCtlClockSet                
00000705  SPIInit                       
000007e5  SysCtlClockGet                
000008a9  __aeabi_memcpy                
000008a9  __aeabi_memcpy4               
000008a9  __aeabi_memcpy8               
000008a9  memcpy                        
00000945  ConfigureUART                 
000009b5  __TI_decompress_lzss          
00000a1d  IntEnable                     
00000a7d  UARTStdioConfig               
00000add  GPIOPortFHandler              
00000b31  GPIOPinConfigure              
00000b79  ICM_SPI_Read                  
00000bc1  UARTwrite                     
00000c09  ICM_SPI_Write                 
00000c4d  __TI_auto_init_nobinit_nopinit
00000c91  __aeabi_uidiv                 
00000c91  __aeabi_uidivmod              
00000cd1  IntRegister                   
00000d05  _c_int00_noargs               
00000d39  SPIDataRead                   
00000d59  SPIDataWrite                  
00000dc9  __TI_zero_init_nomemset       
00000e01  UARTprintf                    
00000e1b  GPIOIntRegister               
00000e33  SSIDataGetNonBlocking         
00000e45  __TI_decompress_none          
00000e53  GPIOIntEnable                 
00000e5f  icm20948_who_am_i             
00000e6f  GPIOIntClear                  
00000e75  ResetISR                      
00000e7b  SysCtlDelay                   
00000e81  UARTClockSourceSet            
00000e87  _system_pre_init              
00000e8b  C$$EXIT                       
00000e8b  abort                         
00000e93  __aeabi_idiv0                 
00000e93  __aeabi_ldiv0                 
000010c0  __TI_Handler_Table_Base       
000010cc  __TI_Handler_Table_Limit      
000010e0  __TI_CINIT_Base               
000010f0  __TI_CINIT_Limit              
20000000  __start___llvm_prf_cnts       
20000000  __stop___llvm_prf_cnts        
20000000  g_pfnRAMVectors               
20000270  __stack                       
20000370  GPIOPinStatus                 
20000370  __STACK_END                   
20000374  stop                          
20000470  __STACK_TOP                   
ffffffff  __TI_pprof_out_hndl           
ffffffff  __TI_prof_data_size           
ffffffff  __TI_prof_data_start          
ffffffff  __binit__                     
ffffffff  __c_args__                    
ffffffff  binit                         
UNDEFED   __mpu_init                    
UNDEFED   _system_post_cinit            

[64 symbols]
