******************************************************************************
                  TI ARM Linker PC v20.2.7                     
******************************************************************************
>> Linked Sun Oct  8 22:34:19 2023

OUTPUT FILE NAME:   <ICM_20948_SPI.out>
ENTRY POINT SYMBOL: "_c_int00_noargs"  address: 00003289


MEMORY CONFIGURATION

         name            origin    length      used     unused   attr    fill
----------------------  --------  ---------  --------  --------  ----  --------
  FLASH                 00000000   00040000  00003864  0003c79c  R  X
  SRAM                  20000000   00008000  00000388  00007c78  RW X


SEGMENT ALLOCATION MAP

run origin  load origin   length   init length attrs members
----------  ----------- ---------- ----------- ----- -------
00000000    00000000    00003868   00003868    r-x
  00000000    00000000    0000026c   0000026c    r-- .intvecs
  0000026c    0000026c    00003288   00003288    r-x .text
  000034f4    000034f4    00000330   00000330    r-- .const
  00003828    00003828    00000040   00000040    r-- .cinit
20000000    20000000    0000038c   00000000    rw-
  20000000    20000000    0000026c   00000000    rw- .vtable
  20000270    20000270    00000100   00000000    rw- .stack
  20000370    20000370    00000014   00000000    rw- .data
  20000384    20000384    00000008   00000000    rw- .bss


SECTION ALLOCATION MAP

 output                                  attributes/
section   page    origin      length       input sections
--------  ----  ----------  ----------   ----------------
.intvecs   0    00000000    0000026c     
                  00000000    0000026c     startup_ccs.obj (.intvecs)

.text      0    0000026c    00003288     
                  0000026c    00000a4e     rtsv7M4_T_le_v4SPD16_eabi.lib : _printfi.c.obj (.text:__TI_printfi)
                  00000cba    00000002     startup_ccs.obj (.text:FaultISR)
                  00000cbc    00000344     main.obj (.text:main)
                  00001000    00000270     rtsv7M4_T_le_v4SPD16_eabi.lib : _printfi.c.obj (.text:_pconv_a)
                  00001270    00000235     icm20948.obj (.text:icm20948_accel_calibration)
                  000014a5    00000001     --HOLE-- [fill = 0]
                  000014a6    00000002     startup_ccs.obj (.text:IntDefaultHandler)
                  000014a8    000001ee     uartstdio.obj (.text:UARTvprintf)
                  00001696    00000002     startup_ccs.obj (.text:NmiSR)
                  00001698    000001d0     rtsv7M4_T_le_v4SPD16_eabi.lib : _printfi.c.obj (.text:_pconv_g)
                  00001868    000001b6                                   : fd_add_t2.asm.obj (.text)
                  00001a1e    00000002                                   : div0.asm.obj (.text)
                  00001a20    00000150     icm20948.obj (.text:icm20948_gyro_calibration)
                  00001b70    0000013c     rtsv7M4_T_le_v4SPD16_eabi.lib : _printfi.c.obj (.text:_pconv_e)
                  00001cac    00000136                                   : fd_div_t2.asm.obj (.text)
                  00001de2    00000002     --HOLE-- [fill = 0]
                  00001de4    00000124                                   : _printfi.c.obj (.text:fcvt)
                  00001f08    00000110                                   : s_scalbn.c.obj (.text:scalbn)
                  00002018    00000104     driverlib.lib : sysctl.obj (.text:SysCtlClockSet)
                  0000211c    000000fc     rtsv7M4_T_le_v4SPD16_eabi.lib : fd_mul_t2.asm.obj (.text)
                  00002218    000000e0     spi.obj (.text:SPIInit)
                  000022f8    000000c4     driverlib.lib : sysctl.obj (.text:SysCtlClockGet)
                  000023bc    000000b1     rtsv7M4_T_le_v4SPD16_eabi.lib : _printfi.c.obj (.text:_ltostr)
                  0000246d    00000001     --HOLE-- [fill = 0]
                  0000246e    0000009c                                   : memcpy_t2.asm.obj (.text)
                  0000250a    00000096                                   : ull_div_t2.asm.obj (.text)
                  000025a0    00000092     icm20948.obj (.text:icm20948_accel_read)
                  00002632    00000092     icm20948.obj (.text:icm20948_gyro_read)
                  000026c4    00000086     rtsv7M4_T_le_v4SPD16_eabi.lib : fd_cmp_t2.asm.obj (.text:__aeabi_cdcmple)
                  0000274a    00000086                                   : fd_cmp_t2.asm.obj (.text:__aeabi_cdrcmple)
                  000027d0    0000007a                                   : memset_t2.asm.obj (.text)
                  0000284a    00000002     --HOLE-- [fill = 0]
                  0000284c    00000078     icm20948.obj (.text:icm20948_wakeup)
                  000028c4    00000070     main.obj (.text:ConfigureUART)
                  00002934    0000006e     rtsv7M4_T_le_v4SPD16_eabi.lib : _printfi.c.obj (.text:_mcpy)
                  000029a2    00000068                                   : copy_decompress_lzss.c.obj (.text:decompress:lzss:__TI_decompress_lzss)
                  00002a0a    00000002     --HOLE-- [fill = 0]
                  00002a0c    00000064                                   : s_frexp.c.obj (.text:frexp)
                  00002a70    00000060     driverlib.lib : interrupt.obj (.text:IntEnable)
                  00002ad0    00000060     uartstdio.obj (.text:UARTStdioConfig)
                  00002b30    0000005c     icm20948.obj (.text:icm20948_accel_full_scale_select)
                  00002b8c    0000005c     icm20948.obj (.text:icm20948_gyro_full_scale_select)
                  00002be8    0000005a     icm20948.obj (.text:icm20948_gyro_low_pass_filter)
                  00002c42    00000056     rtsv7M4_T_le_v4SPD16_eabi.lib : _printfi.c.obj (.text:_pconv_f)
                  00002c98    00000055     icm20948.obj (.text:icm20948_spi_slave_enable)
                  00002ced    00000003     --HOLE-- [fill = 0]
                  00002cf0    00000054     main.obj (.text:GPIOPortFHandler)
                  00002d44    00000054     rtsv7M4_T_le_v4SPD16_eabi.lib : _ltoa.c.obj (.text:__TI_ltoa)
                  00002d98    00000052                                   : _printfi.c.obj (.text:_ecpy)
                  00002dea    00000002     --HOLE-- [fill = 0]
                  00002dec    00000051     icm20948.obj (.text:icm20948_clock_source)
                  00002e3d    00000003     --HOLE-- [fill = 0]
                  00002e40    00000050     icm20948.obj (.text:icm20948_device_reset)
                  00002e90    0000004c     rtsv7M4_T_le_v4SPD16_eabi.lib : atoi.c.obj (.text:atoi)
                  00002edc    00000048     driverlib.lib : gpio.obj (.text:GPIOPinConfigure)
                  00002f24    00000048     spi.obj (.text:ICM_SPI_Read)
                  00002f6c    00000048     uartstdio.obj (.text:UARTwrite)
                  00002fb4    00000048     icm20948.obj (.text:icm20948_accel_read_g)
                  00002ffc    00000048     icm20948.obj (.text:icm20948_odr_align_enable)
                  00003044    00000048     rtsv7M4_T_le_v4SPD16_eabi.lib : fd_toi_t2.asm.obj (.text)
                  0000308c    00000046     icm20948.obj (.text:icm20948_init)
                  000030d2    00000002     --HOLE-- [fill = 0]
                  000030d4    00000044     spi.obj (.text:ICM_SPI_Write)
                  00003118    00000044     rtsv7M4_T_le_v4SPD16_eabi.lib : autoinit.c.obj (.text:__TI_auto_init_nobinit_nopinit:__TI_auto_init_nobinit_nopinit)
                  0000315c    00000040                                   : u_divt2.asm.obj (.text)
                  0000319c    00000040                                   : sprintf.c.obj (.text:sprintf)
                  000031dc    0000003e                                   : _printfi.c.obj (.text:_fcpy)
                  0000321a    00000002     --HOLE-- [fill = 0]
                  0000321c    00000038     icm20948.obj (.text:icm20948_gyro_read_dps)
                  00003254    00000034     driverlib.lib : interrupt.obj (.text:IntRegister)
                  00003288    00000034     rtsv7M4_T_le_v4SPD16_eabi.lib : boot_cortex_m.c.obj (.text:_c_int00_noargs:_c_int00_noargs)
                  000032bc    0000002e                                   : i_tofd_t2.asm.obj (.text)
                  000032ea    00000002     --HOLE-- [fill = 0]
                  000032ec    00000020     spi.obj (.text:SPIDataRead)
                  0000330c    0000001e     icm20948.obj (.text:icm20948_accel_sample_rate_divider)
                  0000332a    00000002     --HOLE-- [fill = 0]
                  0000332c    0000001c     spi.obj (.text:SPIDataWrite)
                  00003348    0000001c     driverlib.lib : gpio.obj (.text:_GPIOIntNumberGet)
                  00003364    0000001c     rtsv7M4_T_le_v4SPD16_eabi.lib : copy_zero_init.c.obj (.text:decompress:ZI:__TI_zero_init_nomemset:__TI_zero_init_nomemset)
                  00003380    0000001c                                   : memccpy.c.obj (.text:memccpy)
                  0000339c    0000001a     uartstdio.obj (.text:UARTprintf)
                  000033b6    0000001a     rtsv7M4_T_le_v4SPD16_eabi.lib : s_copysign.c.obj (.text:copysign)
                  000033d0    0000001a     icm20948.obj (.text:icm20948_accel_low_pass_filter)
                  000033ea    00000018     driverlib.lib : gpio.obj (.text:GPIOIntRegister)
                  00003402    00000018     rtsv7M4_T_le_v4SPD16_eabi.lib : sprintf.c.obj (.text:_outs)
                  0000341a    00000016                                   : strchr.c.obj (.text:strchr)
                  00003430    00000014                                   : strlen.c.obj (.text:strlen)
                  00003444    00000014     icm20948.obj (.text:write_single_icm20948_reg)
                  00003458    00000012     driverlib.lib : ssi.obj (.text:SSIDataGetNonBlocking)
                  0000346a    00000012     rtsv7M4_T_le_v4SPD16_eabi.lib : wcslen.c.obj (.text:wcslen)
                  0000347c    00000010     icm20948.obj (.text:read_single_icm20948_reg)
                  0000348c    0000000e     rtsv7M4_T_le_v4SPD16_eabi.lib : copy_decompress_none.c.obj (.text:decompress:none:__TI_decompress_none)
                  0000349a    0000000c     driverlib.lib : gpio.obj (.text:GPIOIntEnable)
                  000034a6    0000000a     rtsv7M4_T_le_v4SPD16_eabi.lib : sprintf.c.obj (.text:_outc)
                  000034b0    0000000a     icm20948.obj (.text:icm20948_gyro_sample_rate_divider)
                  000034ba    00000002     --HOLE-- [fill = 0]
                  000034bc    00000008     rtsv7M4_T_le_v4SPD16_eabi.lib : errno.c.obj (.text:__aeabi_errno_addr)
                  000034c4    00000008     icm20948.obj (.text:icm20948_who_am_i)
                  000034cc    00000008     icm20948.obj (.text:select_user_bank)
                  000034d4    00000006     driverlib.lib : gpio.obj (.text:GPIOIntClear)
                  000034da    00000006     startup_ccs.obj (.text:ResetISR)
                  000034e0    00000006     driverlib.lib : sysctl.obj (.text:SysCtlDelay)
                  000034e6    00000006                   : uart.obj (.text:UARTClockSourceSet)
                  000034ec    00000004     rtsv7M4_T_le_v4SPD16_eabi.lib : pre_init.c.obj (.text:_system_pre_init)
                  000034f0    00000004                                   : exit.c.obj (.text:abort:abort)

.const     0    000034f4    00000330     
                  000034f4    00000101     rtsv7M4_T_le_v4SPD16_eabi.lib : ctype.c.obj (.const:.string:_ctypes_)
                  000035f5    00000003     --HOLE-- [fill = 0]
                  000035f8    000000c0     driverlib.lib : gpio.obj (.const:g_ppui32GPIOIntMapBlizzard)
                  000036b8    00000078                   : gpio.obj (.const:g_pui32GPIOBaseAddrs)
                  00003730    00000070                   : interrupt.obj (.const)
                  000037a0    0000006c                   : sysctl.obj (.const:g_pui32Xtals)
                  0000380c    0000000c     uartstdio.obj (.const:g_ui32UARTBase)
                  00003818    0000000c     uartstdio.obj (.const:g_ui32UARTPeriph)

.cinit     0    00003828    00000040     
                  00003828    0000000c     (__TI_handler_table)
                  00003834    00000004     --HOLE-- [fill = 0]
                  00003838    00000008     (.cinit..bss.load) [load image, compression = zero_init]
                  00003840    00000008     (.cinit..data.load) [load image, compression = lzss]
                  00003848    00000008     (.cinit..vtable.load) [load image, compression = zero_init]
                  00003850    00000018     (__TI_cinit_table)

.init_array 
*          0    00000000    00000000     UNINITIALIZED

.vtable    0    20000000    0000026c     UNINITIALIZED
                  20000000    0000026c     driverlib.lib : interrupt.obj (.vtable)

.data      0    20000370    00000014     UNINITIALIZED
                  20000370    00000005     main.obj (.data)
                  20000375    00000003     --HOLE--
                  20000378    00000005     uartstdio.obj (.data)
                  2000037d    00000003     --HOLE--
                  20000380    00000004     rtsv7M4_T_le_v4SPD16_eabi.lib : errno.c.obj (.data)

.bss       0    20000384    00000008     UNINITIALIZED
                  20000384    00000008     icm20948.obj (.bss)

.stack     0    20000270    00000100     UNINITIALIZED
                  20000270    00000004     rtsv7M4_T_le_v4SPD16_eabi.lib : boot_cortex_m.c.obj (.stack)
                  20000274    000000fc     --HOLE--

__llvm_prf_cnts 
*          0    20000000    00000000     UNINITIALIZED

MODULE SUMMARY

       Module                       code    ro data   rw data
       ------                       ----    -------   -------
    .\
       icm20948.obj                 2221    0         8      
       main.obj                     1032    0         5      
       startup_ccs.obj              12      620       0      
       spi.obj                      424     0         0      
    +--+----------------------------+-------+---------+---------+
       Total:                       3689    620       13     
                                                             
    .\utils\
       uartstdio.obj                688     24        5      
    +--+----------------------------+-------+---------+---------+
       Total:                       688     24        5      
                                                             
    C:/ti/TivaWare_C_Series-1.1/driverlib/ccs/Debug/driverlib.lib
       interrupt.obj                148     112       620    
       sysctl.obj                   462     108       0      
       gpio.obj                     142     312       0      
       ssi.obj                      18      0         0      
       uart.obj                     6       0         0      
    +--+----------------------------+-------+---------+---------+
       Total:                       776     532       620    
                                                             
    D:\ti\ccs1240\ccs\tools\compiler\ti-cgt-arm_20.2.7.LTS\lib\rtsv7M4_T_le_v4SPD16_eabi.lib
       _printfi.c.obj               4851    0         0      
       fd_add_t2.asm.obj            438     0         0      
       fd_div_t2.asm.obj            310     0         0      
       s_scalbn.c.obj               272     0         0      
       fd_cmp_t2.asm.obj            268     0         0      
       ctype.c.obj                  0       257       0      
       fd_mul_t2.asm.obj            252     0         0      
       memcpy_t2.asm.obj            156     0         0      
       ull_div_t2.asm.obj           150     0         0      
       memset_t2.asm.obj            122     0         0      
       copy_decompress_lzss.c.obj   104     0         0      
       s_frexp.c.obj                100     0         0      
       sprintf.c.obj                98      0         0      
       _ltoa.c.obj                  84      0         0      
       atoi.c.obj                   76      0         0      
       fd_toi_t2.asm.obj            72      0         0      
       autoinit.c.obj               68      0         0      
       u_divt2.asm.obj              64      0         0      
       boot_cortex_m.c.obj          52      0         0      
       i_tofd_t2.asm.obj            46      0         0      
       copy_zero_init.c.obj         28      0         0      
       memccpy.c.obj                28      0         0      
       s_copysign.c.obj             26      0         0      
       strchr.c.obj                 22      0         0      
       strlen.c.obj                 20      0         0      
       wcslen.c.obj                 18      0         0      
       copy_decompress_none.c.obj   14      0         0      
       errno.c.obj                  8       0         4      
       exit.c.obj                   4       0         0      
       pre_init.c.obj               4       0         0      
       div0.asm.obj                 2       0         0      
    +--+----------------------------+-------+---------+---------+
       Total:                       7757    257       4      
                                                             
       Stack:                       0       0         256    
       Linker Generated:            0       60        0      
    +--+----------------------------+-------+---------+---------+
       Grand Total:                 12910   1493      898    


LINKER GENERATED COPY TABLES

__TI_cinit_table @ 00003850 records: 3, size/record: 8, table size: 24
	.bss: load addr=00003838, load size=00000008 bytes, run addr=20000384, run size=00000008 bytes, compression=zero_init
	.data: load addr=00003840, load size=00000008 bytes, run addr=20000370, run size=00000014 bytes, compression=lzss
	.vtable: load addr=00003848, load size=00000008 bytes, run addr=20000000, run size=0000026c bytes, compression=zero_init


LINKER GENERATED HANDLER TABLE

__TI_handler_table @ 00003828 records: 3, size/record: 4, table size: 12
	index: 0, handler: __TI_zero_init
	index: 1, handler: __TI_decompress_lzss
	index: 2, handler: __TI_decompress_none


GLOBAL SYMBOLS: SORTED ALPHABETICALLY BY Name 

address   name                              
-------   ----                              
000034f1  C$$EXIT                           
000028c5  ConfigureUART                     
000034d5  GPIOIntClear                      
0000349b  GPIOIntEnable                     
000033eb  GPIOIntRegister                   
00002edd  GPIOPinConfigure                  
20000370  GPIOPinStatus                     
00002cf1  GPIOPortFHandler                  
00002f25  ICM_SPI_Read                      
000030d5  ICM_SPI_Write                     
00002a71  IntEnable                         
00003255  IntRegister                       
000034db  ResetISR                          
000032ed  SPIDataRead                       
0000332d  SPIDataWrite                      
00002219  SPIInit                           
00003459  SSIDataGetNonBlocking             
000022f9  SysCtlClockGet                    
00002019  SysCtlClockSet                    
000034e1  SysCtlDelay                       
000034e7  UARTClockSourceSet                
00002ad1  UARTStdioConfig                   
0000339d  UARTprintf                        
000014a9  UARTvprintf                       
00002f6d  UARTwrite                         
20000370  __STACK_END                       
00000100  __STACK_SIZE                      
20000470  __STACK_TOP                       
00003850  __TI_CINIT_Base                   
00003868  __TI_CINIT_Limit                  
00003828  __TI_Handler_Table_Base           
00003834  __TI_Handler_Table_Limit          
00003119  __TI_auto_init_nobinit_nopinit    
000029a3  __TI_decompress_lzss              
0000348d  __TI_decompress_none              
00002d45  __TI_ltoa                         
ffffffff  __TI_pprof_out_hndl               
0000026d  __TI_printfi                      
ffffffff  __TI_prof_data_size               
ffffffff  __TI_prof_data_start              
00000000  __TI_static_base__                
00003365  __TI_zero_init_nomemset           
000026c5  __aeabi_cdcmpeq                   
000026c5  __aeabi_cdcmple                   
0000274b  __aeabi_cdrcmple                  
00003045  __aeabi_d2iz                      
00001873  __aeabi_dadd                      
00001cad  __aeabi_ddiv                      
0000211d  __aeabi_dmul                      
00001869  __aeabi_dsub                      
000034bd  __aeabi_errno_addr                
000032bd  __aeabi_i2d                       
00001a1f  __aeabi_idiv0                     
00001a1f  __aeabi_ldiv0                     
000027d1  __aeabi_memclr                    
000027d1  __aeabi_memclr4                   
000027d1  __aeabi_memclr8                   
0000246f  __aeabi_memcpy                    
0000246f  __aeabi_memcpy4                   
0000246f  __aeabi_memcpy8                   
000027d3  __aeabi_memset                    
000027d3  __aeabi_memset4                   
000027d3  __aeabi_memset8                   
0000315d  __aeabi_uidiv                     
0000315d  __aeabi_uidivmod                  
0000250b  __aeabi_uldivmod                  
ffffffff  __binit__                         
ffffffff  __c_args__                        
UNDEFED   __mpu_init                        
20000270  __stack                           
20000000  __start___llvm_prf_cnts           
20000000  __stop___llvm_prf_cnts            
00003289  _c_int00_noargs                   
000034f4  _ctypes_                          
UNDEFED   _system_post_cinit                
000034ed  _system_pre_init                  
000034f1  abort                             
00002e91  atoi                              
ffffffff  binit                             
000033b7  copysign                          
000033b7  copysignl                         
20000380  errno                             
00002a0d  frexp                             
00002a0d  frexpl                            
20000000  g_pfnRAMVectors                   
00000000  g_pfnVectors                      
00001271  icm20948_accel_calibration        
00002b31  icm20948_accel_full_scale_select  
000033d1  icm20948_accel_low_pass_filter    
000025a1  icm20948_accel_read               
00002fb5  icm20948_accel_read_g             
0000330d  icm20948_accel_sample_rate_divider
00002ded  icm20948_clock_source             
00002e41  icm20948_device_reset             
00001a21  icm20948_gyro_calibration         
00002b8d  icm20948_gyro_full_scale_select   
00002be9  icm20948_gyro_low_pass_filter     
00002633  icm20948_gyro_read                
0000321d  icm20948_gyro_read_dps            
000034b1  icm20948_gyro_sample_rate_divider 
0000308d  icm20948_init                     
00002ffd  icm20948_odr_align_enable         
00002c99  icm20948_spi_slave_enable         
0000284d  icm20948_wakeup                   
000034c5  icm20948_who_am_i                 
00001f09  ldexp                             
00001f09  ldexpl                            
00000cbd  main                              
00003381  memccpy                           
0000246f  memcpy                            
000027d9  memset                            
0000347d  read_single_icm20948_reg          
00001f09  scalbn                            
00001f09  scalbnl                           
0000319d  sprintf                           
20000374  stop                              
0000341b  strchr                            
00003431  strlen                            
0000346b  wcslen                            
00003445  write_single_icm20948_reg         


GLOBAL SYMBOLS: SORTED BY Symbol Address 

address   name                              
-------   ----                              
00000000  __TI_static_base__                
00000000  g_pfnVectors                      
00000100  __STACK_SIZE                      
0000026d  __TI_printfi                      
00000cbd  main                              
00001271  icm20948_accel_calibration        
000014a9  UARTvprintf                       
00001869  __aeabi_dsub                      
00001873  __aeabi_dadd                      
00001a1f  __aeabi_idiv0                     
00001a1f  __aeabi_ldiv0                     
00001a21  icm20948_gyro_calibration         
00001cad  __aeabi_ddiv                      
00001f09  ldexp                             
00001f09  ldexpl                            
00001f09  scalbn                            
00001f09  scalbnl                           
00002019  SysCtlClockSet                    
0000211d  __aeabi_dmul                      
00002219  SPIInit                           
000022f9  SysCtlClockGet                    
0000246f  __aeabi_memcpy                    
0000246f  __aeabi_memcpy4                   
0000246f  __aeabi_memcpy8                   
0000246f  memcpy                            
0000250b  __aeabi_uldivmod                  
000025a1  icm20948_accel_read               
00002633  icm20948_gyro_read                
000026c5  __aeabi_cdcmpeq                   
000026c5  __aeabi_cdcmple                   
0000274b  __aeabi_cdrcmple                  
000027d1  __aeabi_memclr                    
000027d1  __aeabi_memclr4                   
000027d1  __aeabi_memclr8                   
000027d3  __aeabi_memset                    
000027d3  __aeabi_memset4                   
000027d3  __aeabi_memset8                   
000027d9  memset                            
0000284d  icm20948_wakeup                   
000028c5  ConfigureUART                     
000029a3  __TI_decompress_lzss              
00002a0d  frexp                             
00002a0d  frexpl                            
00002a71  IntEnable                         
00002ad1  UARTStdioConfig                   
00002b31  icm20948_accel_full_scale_select  
00002b8d  icm20948_gyro_full_scale_select   
00002be9  icm20948_gyro_low_pass_filter     
00002c99  icm20948_spi_slave_enable         
00002cf1  GPIOPortFHandler                  
00002d45  __TI_ltoa                         
00002ded  icm20948_clock_source             
00002e41  icm20948_device_reset             
00002e91  atoi                              
00002edd  GPIOPinConfigure                  
00002f25  ICM_SPI_Read                      
00002f6d  UARTwrite                         
00002fb5  icm20948_accel_read_g             
00002ffd  icm20948_odr_align_enable         
00003045  __aeabi_d2iz                      
0000308d  icm20948_init                     
000030d5  ICM_SPI_Write                     
00003119  __TI_auto_init_nobinit_nopinit    
0000315d  __aeabi_uidiv                     
0000315d  __aeabi_uidivmod                  
0000319d  sprintf                           
0000321d  icm20948_gyro_read_dps            
00003255  IntRegister                       
00003289  _c_int00_noargs                   
000032bd  __aeabi_i2d                       
000032ed  SPIDataRead                       
0000330d  icm20948_accel_sample_rate_divider
0000332d  SPIDataWrite                      
00003365  __TI_zero_init_nomemset           
00003381  memccpy                           
0000339d  UARTprintf                        
000033b7  copysign                          
000033b7  copysignl                         
000033d1  icm20948_accel_low_pass_filter    
000033eb  GPIOIntRegister                   
0000341b  strchr                            
00003431  strlen                            
00003445  write_single_icm20948_reg         
00003459  SSIDataGetNonBlocking             
0000346b  wcslen                            
0000347d  read_single_icm20948_reg          
0000348d  __TI_decompress_none              
0000349b  GPIOIntEnable                     
000034b1  icm20948_gyro_sample_rate_divider 
000034bd  __aeabi_errno_addr                
000034c5  icm20948_who_am_i                 
000034d5  GPIOIntClear                      
000034db  ResetISR                          
000034e1  SysCtlDelay                       
000034e7  UARTClockSourceSet                
000034ed  _system_pre_init                  
000034f1  C$$EXIT                           
000034f1  abort                             
000034f4  _ctypes_                          
00003828  __TI_Handler_Table_Base           
00003834  __TI_Handler_Table_Limit          
00003850  __TI_CINIT_Base                   
00003868  __TI_CINIT_Limit                  
20000000  __start___llvm_prf_cnts           
20000000  __stop___llvm_prf_cnts            
20000000  g_pfnRAMVectors                   
20000270  __stack                           
20000370  GPIOPinStatus                     
20000370  __STACK_END                       
20000374  stop                              
20000380  errno                             
20000470  __STACK_TOP                       
ffffffff  __TI_pprof_out_hndl               
ffffffff  __TI_prof_data_size               
ffffffff  __TI_prof_data_start              
ffffffff  __binit__                         
ffffffff  __c_args__                        
ffffffff  binit                             
UNDEFED   __mpu_init                        
UNDEFED   _system_post_cinit                

[120 symbols]
