******************************************************************************
                  TI ARM Linker PC v20.2.7                     
******************************************************************************
>> Linked Mon Oct  2 21:25:40 2023

OUTPUT FILE NAME:   <ICM_20948_SPI.out>
ENTRY POINT SYMBOL: "_c_int00_noargs"  address: 00000cf5


MEMORY CONFIGURATION

         name            origin    length      used     unused   attr    fill
----------------------  --------  ---------  --------  --------  ----  --------
  FLASH                 00000000   00040000  000010e0  0003ef20  R  X
  SRAM                  20000000   00008000  00000379  00007c87  RW X


SEGMENT ALLOCATION MAP

run origin  load origin   length   init length attrs members
----------  ----------- ---------- ----------- ----- -------
00000000    00000000    000010e0   000010e0    r-x
  00000000    00000000    0000026c   0000026c    r-- .intvecs
  0000026c    0000026c    00000c18   00000c18    r-x .text
  00000e84    00000e84    0000022c   0000022c    r-- .const
  000010b0    000010b0    00000030   00000030    r-- .cinit
20000000    20000000    0000037d   00000000    rw-
  20000000    20000000    0000026c   00000000    rw- .vtable
  20000270    20000270    00000100   00000000    rw- .stack
  20000370    20000370    0000000d   00000000    rw- .data


SECTION ALLOCATION MAP

 output                                  attributes/
section   page    origin      length       input sections
--------  ----  ----------  ----------   ----------------
.intvecs   0    00000000    0000026c     
                  00000000    0000026c     startup_ccs.obj (.intvecs)

.text      0    0000026c    00000c18     
                  0000026c    000001ee     uartstdio.obj (.text:UARTvprintf)
                  0000045a    00000002     startup_ccs.obj (.text:FaultISR)
                  0000045c    00000194     main.obj (.text:main)
                  000005f0    00000104     driverlib.lib : sysctl.obj (.text:SysCtlClockSet)
                  000006f4    000000e0     spi.obj (.text:SPIInit)
                  000007d4    000000c4     driverlib.lib : sysctl.obj (.text:SysCtlClockGet)
                  00000898    0000009c     rtsv7M4_T_le_v4SPD16_eabi.lib : memcpy_t2.asm.obj (.text)
                  00000934    00000070     main.obj (.text:ConfigureUART)
                  000009a4    00000068     rtsv7M4_T_le_v4SPD16_eabi.lib : copy_decompress_lzss.c.obj (.text:decompress:lzss:__TI_decompress_lzss)
                  00000a0c    00000060     driverlib.lib : interrupt.obj (.text:IntEnable)
                  00000a6c    00000060     uartstdio.obj (.text:UARTStdioConfig)
                  00000acc    00000054     main.obj (.text:GPIOPortFHandler)
                  00000b20    00000048     driverlib.lib : gpio.obj (.text:GPIOPinConfigure)
                  00000b68    00000048     spi.obj (.text:ICM_SPI_Read)
                  00000bb0    00000048     uartstdio.obj (.text:UARTwrite)
                  00000bf8    00000044     spi.obj (.text:ICM_SPI_Write)
                  00000c3c    00000044     rtsv7M4_T_le_v4SPD16_eabi.lib : autoinit.c.obj (.text:__TI_auto_init_nobinit_nopinit:__TI_auto_init_nobinit_nopinit)
                  00000c80    00000040                                   : u_divt2.asm.obj (.text)
                  00000cc0    00000034     driverlib.lib : interrupt.obj (.text:IntRegister)
                  00000cf4    00000034     rtsv7M4_T_le_v4SPD16_eabi.lib : boot_cortex_m.c.obj (.text:_c_int00_noargs:_c_int00_noargs)
                  00000d28    00000020     spi.obj (.text:SPIDataRead)
                  00000d48    0000001c     spi.obj (.text:SPIDataWrite)
                  00000d64    0000001c     driverlib.lib : gpio.obj (.text:_GPIOIntNumberGet)
                  00000d80    0000001c     icm20948.obj (.text:cs_high)
                  00000d9c    0000001c     icm20948.obj (.text:cs_low)
                  00000db8    0000001c     rtsv7M4_T_le_v4SPD16_eabi.lib : copy_zero_init.c.obj (.text:decompress:ZI:__TI_zero_init_nomemset:__TI_zero_init_nomemset)
                  00000dd4    0000001c     icm20948.obj (.text:read_single_icm20948_reg)
                  00000df0    0000001a     uartstdio.obj (.text:UARTprintf)
                  00000e0a    00000018     driverlib.lib : gpio.obj (.text:GPIOIntRegister)
                  00000e22    00000012                   : ssi.obj (.text:SSIDataGetNonBlocking)
                  00000e34    0000000e     rtsv7M4_T_le_v4SPD16_eabi.lib : copy_decompress_none.c.obj (.text:decompress:none:__TI_decompress_none)
                  00000e42    0000000c     driverlib.lib : gpio.obj (.text:GPIOIntEnable)
                  00000e4e    00000008     icm20948.obj (.text:icm20948_who_am_i)
                  00000e56    00000008     icm20948.obj (.text:select_user_bank)
                  00000e5e    00000006     driverlib.lib : gpio.obj (.text:GPIOIntClear)
                  00000e64    00000006     startup_ccs.obj (.text:ResetISR)
                  00000e6a    00000006     driverlib.lib : sysctl.obj (.text:SysCtlDelay)
                  00000e70    00000006                   : uart.obj (.text:UARTClockSourceSet)
                  00000e76    00000004     rtsv7M4_T_le_v4SPD16_eabi.lib : pre_init.c.obj (.text:_system_pre_init)
                  00000e7a    00000004                                   : exit.c.obj (.text:abort:abort)
                  00000e7e    00000002     startup_ccs.obj (.text:IntDefaultHandler)
                  00000e80    00000002     startup_ccs.obj (.text:NmiSR)
                  00000e82    00000002     rtsv7M4_T_le_v4SPD16_eabi.lib : div0.asm.obj (.text)

.const     0    00000e84    0000022c     
                  00000e84    000000c0     driverlib.lib : gpio.obj (.const:g_ppui32GPIOIntMapBlizzard)
                  00000f44    00000078                   : gpio.obj (.const:g_pui32GPIOBaseAddrs)
                  00000fbc    00000070                   : interrupt.obj (.const)
                  0000102c    0000006c                   : sysctl.obj (.const:g_pui32Xtals)
                  00001098    0000000c     uartstdio.obj (.const:g_ui32UARTBase)
                  000010a4    0000000c     uartstdio.obj (.const:g_ui32UARTPeriph)

.cinit     0    000010b0    00000030     
                  000010b0    0000000c     (__TI_handler_table)
                  000010bc    00000004     --HOLE-- [fill = 0]
                  000010c0    00000008     (.cinit..vtable.load) [load image, compression = zero_init]
                  000010c8    00000007     (.cinit..data.load) [load image, compression = lzss]
                  000010cf    00000001     --HOLE-- [fill = 0]
                  000010d0    00000010     (__TI_cinit_table)

.init_array 
*          0    00000000    00000000     UNINITIALIZED

.vtable    0    20000000    0000026c     UNINITIALIZED
                  20000000    0000026c     driverlib.lib : interrupt.obj (.vtable)

.data      0    20000370    0000000d     UNINITIALIZED
                  20000370    00000005     main.obj (.data)
                  20000375    00000003     --HOLE--
                  20000378    00000005     uartstdio.obj (.data)

.stack     0    20000270    00000100     UNINITIALIZED
                  20000270    00000004     rtsv7M4_T_le_v4SPD16_eabi.lib : boot_cortex_m.c.obj (.stack)
                  20000274    000000fc     --HOLE--

__llvm_prf_cnts 
*          0    20000000    00000000     UNINITIALIZED

MODULE SUMMARY

       Module                       code   ro data   rw data
       ------                       ----   -------   -------
    .\
       startup_ccs.obj              12     620       0      
       main.obj                     600    0         5      
       spi.obj                      424    0         0      
       icm20948.obj                 100    0         0      
    +--+----------------------------+------+---------+---------+
       Total:                       1136   620       5      
                                                            
    .\utils\
       uartstdio.obj                688    24        5      
    +--+----------------------------+------+---------+---------+
       Total:                       688    24        5      
                                                            
    C:/ti/TivaWare_C_Series-1.1/driverlib/ccs/Debug/driverlib.lib
       interrupt.obj                148    112       620    
       sysctl.obj                   462    108       0      
       gpio.obj                     142    312       0      
       ssi.obj                      18     0         0      
       uart.obj                     6      0         0      
    +--+----------------------------+------+---------+---------+
       Total:                       776    532       620    
                                                            
    D:\ti\ccs1240\ccs\tools\compiler\ti-cgt-arm_20.2.7.LTS\lib\rtsv7M4_T_le_v4SPD16_eabi.lib
       memcpy_t2.asm.obj            156    0         0      
       copy_decompress_lzss.c.obj   104    0         0      
       autoinit.c.obj               68     0         0      
       u_divt2.asm.obj              64     0         0      
       boot_cortex_m.c.obj          52     0         0      
       copy_zero_init.c.obj         28     0         0      
       copy_decompress_none.c.obj   14     0         0      
       exit.c.obj                   4      0         0      
       pre_init.c.obj               4      0         0      
       div0.asm.obj                 2      0         0      
    +--+----------------------------+------+---------+---------+
       Total:                       496    0         0      
                                                            
       Stack:                       0      0         256    
       Linker Generated:            0      43        0      
    +--+----------------------------+------+---------+---------+
       Grand Total:                 3096   1219      886    


LINKER GENERATED COPY TABLES

__TI_cinit_table @ 000010d0 records: 2, size/record: 8, table size: 16
	.vtable: load addr=000010c0, load size=00000008 bytes, run addr=20000000, run size=0000026c bytes, compression=zero_init
	.data: load addr=000010c8, load size=00000007 bytes, run addr=20000370, run size=0000000d bytes, compression=lzss


LINKER GENERATED HANDLER TABLE

__TI_handler_table @ 000010b0 records: 3, size/record: 4, table size: 12
	index: 0, handler: __TI_zero_init
	index: 1, handler: __TI_decompress_lzss
	index: 2, handler: __TI_decompress_none


GLOBAL SYMBOLS: SORTED ALPHABETICALLY BY Name 

address   name                          
-------   ----                          
00000e7b  C$$EXIT                       
00000935  ConfigureUART                 
00000e5f  GPIOIntClear                  
00000e43  GPIOIntEnable                 
00000e0b  GPIOIntRegister               
00000b21  GPIOPinConfigure              
20000370  GPIOPinStatus                 
00000acd  GPIOPortFHandler              
00000b69  ICM_SPI_Read                  
00000bf9  ICM_SPI_Write                 
00000a0d  IntEnable                     
00000cc1  IntRegister                   
00000e65  ResetISR                      
00000d29  SPIDataRead                   
00000d49  SPIDataWrite                  
000006f5  SPIInit                       
00000e23  SSIDataGetNonBlocking         
000007d5  SysCtlClockGet                
000005f1  SysCtlClockSet                
00000e6b  SysCtlDelay                   
00000e71  UARTClockSourceSet            
00000a6d  UARTStdioConfig               
00000df1  UARTprintf                    
0000026d  UARTvprintf                   
00000bb1  UARTwrite                     
20000370  __STACK_END                   
00000100  __STACK_SIZE                  
20000470  __STACK_TOP                   
000010d0  __TI_CINIT_Base               
000010e0  __TI_CINIT_Limit              
000010b0  __TI_Handler_Table_Base       
000010bc  __TI_Handler_Table_Limit      
00000c3d  __TI_auto_init_nobinit_nopinit
000009a5  __TI_decompress_lzss          
00000e35  __TI_decompress_none          
ffffffff  __TI_pprof_out_hndl           
ffffffff  __TI_prof_data_size           
ffffffff  __TI_prof_data_start          
00000000  __TI_static_base__            
00000db9  __TI_zero_init_nomemset       
00000e83  __aeabi_idiv0                 
00000e83  __aeabi_ldiv0                 
00000899  __aeabi_memcpy                
00000899  __aeabi_memcpy4               
00000899  __aeabi_memcpy8               
00000c81  __aeabi_uidiv                 
00000c81  __aeabi_uidivmod              
ffffffff  __binit__                     
ffffffff  __c_args__                    
UNDEFED   __mpu_init                    
20000270  __stack                       
20000000  __start___llvm_prf_cnts       
20000000  __stop___llvm_prf_cnts        
00000cf5  _c_int00_noargs               
UNDEFED   _system_post_cinit            
00000e77  _system_pre_init              
00000e7b  abort                         
ffffffff  binit                         
20000000  g_pfnRAMVectors               
00000000  g_pfnVectors                  
00000e4f  icm20948_who_am_i             
0000045d  main                          
00000899  memcpy                        
00000dd5  read_single_icm20948_reg      
20000374  stop                          


GLOBAL SYMBOLS: SORTED BY Symbol Address 

address   name                          
-------   ----                          
00000000  __TI_static_base__            
00000000  g_pfnVectors                  
00000100  __STACK_SIZE                  
0000026d  UARTvprintf                   
0000045d  main                          
000005f1  SysCtlClockSet                
000006f5  SPIInit                       
000007d5  SysCtlClockGet                
00000899  __aeabi_memcpy                
00000899  __aeabi_memcpy4               
00000899  __aeabi_memcpy8               
00000899  memcpy                        
00000935  ConfigureUART                 
000009a5  __TI_decompress_lzss          
00000a0d  IntEnable                     
00000a6d  UARTStdioConfig               
00000acd  GPIOPortFHandler              
00000b21  GPIOPinConfigure              
00000b69  ICM_SPI_Read                  
00000bb1  UARTwrite                     
00000bf9  ICM_SPI_Write                 
00000c3d  __TI_auto_init_nobinit_nopinit
00000c81  __aeabi_uidiv                 
00000c81  __aeabi_uidivmod              
00000cc1  IntRegister                   
00000cf5  _c_int00_noargs               
00000d29  SPIDataRead                   
00000d49  SPIDataWrite                  
00000db9  __TI_zero_init_nomemset       
00000dd5  read_single_icm20948_reg      
00000df1  UARTprintf                    
00000e0b  GPIOIntRegister               
00000e23  SSIDataGetNonBlocking         
00000e35  __TI_decompress_none          
00000e43  GPIOIntEnable                 
00000e4f  icm20948_who_am_i             
00000e5f  GPIOIntClear                  
00000e65  ResetISR                      
00000e6b  SysCtlDelay                   
00000e71  UARTClockSourceSet            
00000e77  _system_pre_init              
00000e7b  C$$EXIT                       
00000e7b  abort                         
00000e83  __aeabi_idiv0                 
00000e83  __aeabi_ldiv0                 
000010b0  __TI_Handler_Table_Base       
000010bc  __TI_Handler_Table_Limit      
000010d0  __TI_CINIT_Base               
000010e0  __TI_CINIT_Limit              
20000000  __start___llvm_prf_cnts       
20000000  __stop___llvm_prf_cnts        
20000000  g_pfnRAMVectors               
20000270  __stack                       
20000370  GPIOPinStatus                 
20000370  __STACK_END                   
20000374  stop                          
20000470  __STACK_TOP                   
ffffffff  __TI_pprof_out_hndl           
ffffffff  __TI_prof_data_size           
ffffffff  __TI_prof_data_start          
ffffffff  __binit__                     
ffffffff  __c_args__                    
ffffffff  binit                         
UNDEFED   __mpu_init                    
UNDEFED   _system_post_cinit            

[65 symbols]
