******************************************************************************
                  TI ARM Linker PC v20.2.7                     
******************************************************************************
>> Linked Mon Oct  9 19:46:44 2023

OUTPUT FILE NAME:   <ICM_20948_SPI.out>
ENTRY POINT SYMBOL: "_c_int00_noargs"  address: 00001991


MEMORY CONFIGURATION

         name            origin    length      used     unused   attr    fill
----------------------  --------  ---------  --------  --------  ----  --------
  FLASH                 00000000   00040000  00001d9a  0003e266  R  X
  SRAM                  20000000   00008000  000003a5  00007c5b  RW X


SEGMENT ALLOCATION MAP

run origin  load origin   length   init length attrs members
----------  ----------- ---------- ----------- ----- -------
00000000    00000000    00001da0   00001da0    r-x
  00000000    00000000    0000026c   0000026c    r-- .intvecs
  0000026c    0000026c    000018c2   000018c2    r-x .text
  00001b30    00001b30    0000022c   0000022c    r-- .const
  00001d60    00001d60    00000040   00000040    r-- .cinit
20000000    20000000    000003a9   00000000    rw-
  20000000    20000000    0000026c   00000000    rw- .vtable
  20000270    20000270    00000100   00000000    rw- .stack
  20000370    20000370    0000002c   00000000    rw- .bss
  2000039c    2000039c    0000000d   00000000    rw- .data


SECTION ALLOCATION MAP

 output                                  attributes/
section   page    origin      length       input sections
--------  ----  ----------  ----------   ----------------
.intvecs   0    00000000    0000026c     
                  00000000    0000026c     startup_ccs.obj (.intvecs)

.text      0    0000026c    000018c2     
                  0000026c    000002f4     main.obj (.text:Timer5IntHandler)
                  00000560    00000235     icm20948.obj (.text:icm20948_accel_calibration)
                  00000795    00000001     --HOLE-- [fill = 0]
                  00000796    00000002     startup_ccs.obj (.text:FaultISR)
                  00000798    000001f0     main.obj (.text:main)
                  00000988    000001ee     uartstdio.obj (.text:UARTvprintf)
                  00000b76    00000002     startup_ccs.obj (.text:IntDefaultHandler)
                  00000b78    00000150     icm20948.obj (.text:icm20948_gyro_calibration)
                  00000cc8    00000104     driverlib.lib : sysctl.obj (.text:SysCtlClockSet)
                  00000dcc    000000e0     spi.obj (.text:SPIInit)
                  00000eac    000000c4     driverlib.lib : sysctl.obj (.text:SysCtlClockGet)
                  00000f70    0000009c     rtsv7M4_T_le_v4SPD16_eabi.lib : memcpy_t2.asm.obj (.text)
                  0000100c    00000092     icm20948.obj (.text:icm20948_accel_read)
                  0000109e    00000092     icm20948.obj (.text:icm20948_gyro_read)
                  00001130    0000008c     main.obj (.text:timer5_init)
                  000011bc    0000007a     rtsv7M4_T_le_v4SPD16_eabi.lib : memset_t2.asm.obj (.text)
                  00001236    00000002     startup_ccs.obj (.text:NmiSR)
                  00001238    00000078     icm20948.obj (.text:icm20948_wakeup)
                  000012b0    00000070     main.obj (.text:ConfigureUART)
                  00001320    00000068     rtsv7M4_T_le_v4SPD16_eabi.lib : copy_decompress_lzss.c.obj (.text:decompress:lzss:__TI_decompress_lzss)
                  00001388    00000060     driverlib.lib : interrupt.obj (.text:IntEnable)
                  000013e8    00000060     uartstdio.obj (.text:UARTStdioConfig)
                  00001448    0000005c     icm20948.obj (.text:icm20948_accel_full_scale_select)
                  000014a4    0000005c     icm20948.obj (.text:icm20948_gyro_full_scale_select)
                  00001500    0000005a     icm20948.obj (.text:icm20948_gyro_low_pass_filter)
                  0000155a    00000002     rtsv7M4_T_le_v4SPD16_eabi.lib : div0.asm.obj (.text)
                  0000155c    00000055     icm20948.obj (.text:icm20948_spi_slave_enable)
                  000015b1    00000003     --HOLE-- [fill = 0]
                  000015b4    00000054     main.obj (.text:GPIOPortFHandler)
                  00001608    00000051     icm20948.obj (.text:icm20948_clock_source)
                  00001659    00000003     --HOLE-- [fill = 0]
                  0000165c    00000050     icm20948.obj (.text:icm20948_device_reset)
                  000016ac    00000048     driverlib.lib : gpio.obj (.text:GPIOPinConfigure)
                  000016f4    00000048     spi.obj (.text:ICM_SPI_Read)
                  0000173c    00000048     uartstdio.obj (.text:UARTwrite)
                  00001784    00000048     icm20948.obj (.text:icm20948_accel_read_g)
                  000017cc    00000048     icm20948.obj (.text:icm20948_odr_align_enable)
                  00001814    00000046     icm20948.obj (.text:icm20948_init)
                  0000185a    00000002     --HOLE-- [fill = 0]
                  0000185c    00000044     spi.obj (.text:ICM_SPI_Write)
                  000018a0    00000044     rtsv7M4_T_le_v4SPD16_eabi.lib : autoinit.c.obj (.text:__TI_auto_init_nobinit_nopinit:__TI_auto_init_nobinit_nopinit)
                  000018e4    00000040                                   : u_divt2.asm.obj (.text)
                  00001924    00000038     icm20948.obj (.text:icm20948_gyro_read_dps)
                  0000195c    00000034     driverlib.lib : interrupt.obj (.text:IntRegister)
                  00001990    00000034     rtsv7M4_T_le_v4SPD16_eabi.lib : boot_cortex_m.c.obj (.text:_c_int00_noargs:_c_int00_noargs)
                  000019c4    00000020     spi.obj (.text:SPIDataRead)
                  000019e4    0000001e     icm20948.obj (.text:icm20948_accel_sample_rate_divider)
                  00001a02    00000002     --HOLE-- [fill = 0]
                  00001a04    0000001c     spi.obj (.text:SPIDataWrite)
                  00001a20    0000001c     driverlib.lib : gpio.obj (.text:_GPIOIntNumberGet)
                  00001a3c    0000001c     rtsv7M4_T_le_v4SPD16_eabi.lib : copy_zero_init.c.obj (.text:decompress:ZI:__TI_zero_init_nomemset:__TI_zero_init_nomemset)
                  00001a58    0000001a     uartstdio.obj (.text:UARTprintf)
                  00001a72    0000001a     icm20948.obj (.text:icm20948_accel_low_pass_filter)
                  00001a8c    00000018     driverlib.lib : gpio.obj (.text:GPIOIntRegister)
                  00001aa4    00000014     icm20948.obj (.text:write_single_icm20948_reg)
                  00001ab8    00000012     driverlib.lib : ssi.obj (.text:SSIDataGetNonBlocking)
                  00001aca    00000010     icm20948.obj (.text:read_single_icm20948_reg)
                  00001ada    0000000e     rtsv7M4_T_le_v4SPD16_eabi.lib : copy_decompress_none.c.obj (.text:decompress:none:__TI_decompress_none)
                  00001ae8    0000000c     driverlib.lib : gpio.obj (.text:GPIOIntEnable)
                  00001af4    0000000a     icm20948.obj (.text:icm20948_gyro_sample_rate_divider)
                  00001afe    00000008     icm20948.obj (.text:icm20948_who_am_i)
                  00001b06    00000008     icm20948.obj (.text:select_user_bank)
                  00001b0e    00000006     driverlib.lib : gpio.obj (.text:GPIOIntClear)
                  00001b14    00000006     startup_ccs.obj (.text:ResetISR)
                  00001b1a    00000006     driverlib.lib : sysctl.obj (.text:SysCtlDelay)
                  00001b20    00000006                   : uart.obj (.text:UARTClockSourceSet)
                  00001b26    00000004     rtsv7M4_T_le_v4SPD16_eabi.lib : pre_init.c.obj (.text:_system_pre_init)
                  00001b2a    00000004                                   : exit.c.obj (.text:abort:abort)

.const     0    00001b30    0000022c     
                  00001b30    000000c0     driverlib.lib : gpio.obj (.const:g_ppui32GPIOIntMapBlizzard)
                  00001bf0    00000078                   : gpio.obj (.const:g_pui32GPIOBaseAddrs)
                  00001c68    00000070                   : interrupt.obj (.const)
                  00001cd8    0000006c                   : sysctl.obj (.const:g_pui32Xtals)
                  00001d44    0000000c     uartstdio.obj (.const:g_ui32UARTBase)
                  00001d50    0000000c     uartstdio.obj (.const:g_ui32UARTPeriph)

.cinit     0    00001d60    00000040     
                  00001d60    0000000c     (__TI_handler_table)
                  00001d6c    00000004     --HOLE-- [fill = 0]
                  00001d70    00000008     (.cinit..bss.load) [load image, compression = zero_init]
                  00001d78    00000008     (.cinit..vtable.load) [load image, compression = zero_init]
                  00001d80    00000007     (.cinit..data.load) [load image, compression = lzss]
                  00001d87    00000001     --HOLE-- [fill = 0]
                  00001d88    00000018     (__TI_cinit_table)

.init_array 
*          0    00000000    00000000     UNINITIALIZED

.vtable    0    20000000    0000026c     UNINITIALIZED
                  20000000    0000026c     driverlib.lib : interrupt.obj (.vtable)

.bss       0    20000370    0000002c     UNINITIALIZED
                  20000370    0000000c     (.common:accel_axises)
                  2000037c    0000000c     (.common:gyro_axises)
                  20000388    00000008     icm20948.obj (.bss)
                  20000390    00000006     main.obj (.bss:accel_sign$3)
                  20000396    00000006     main.obj (.bss:gyro_sign$2)

.data      0    2000039c    0000000d     UNINITIALIZED
                  2000039c    00000005     main.obj (.data)
                  200003a1    00000003     --HOLE--
                  200003a4    00000005     uartstdio.obj (.data)

.stack     0    20000270    00000100     UNINITIALIZED
                  20000270    00000004     rtsv7M4_T_le_v4SPD16_eabi.lib : boot_cortex_m.c.obj (.stack)
                  20000274    000000fc     --HOLE--

__llvm_prf_cnts 
*          0    20000000    00000000     UNINITIALIZED

MODULE SUMMARY

       Module                       code   ro data   rw data
       ------                       ----   -------   -------
    .\
       icm20948.obj                 2221   0         8      
       main.obj                     1588   0         41     
       startup_ccs.obj              12     620       0      
       spi.obj                      424    0         0      
    +--+----------------------------+------+---------+---------+
       Total:                       4245   620       49     
                                                            
    .\utils\
       uartstdio.obj                688    24        5      
    +--+----------------------------+------+---------+---------+
       Total:                       688    24        5      
                                                            
    C:/ti/TivaWare_C_Series-1.1/driverlib/ccs/Debug/driverlib.lib
       interrupt.obj                148    112       620    
       sysctl.obj                   462    108       0      
       gpio.obj                     142    312       0      
       ssi.obj                      18     0         0      
       uart.obj                     6      0         0      
    +--+----------------------------+------+---------+---------+
       Total:                       776    532       620    
                                                            
    D:\ti\ccs1240\ccs\tools\compiler\ti-cgt-arm_20.2.7.LTS\lib\rtsv7M4_T_le_v4SPD16_eabi.lib
       memcpy_t2.asm.obj            156    0         0      
       memset_t2.asm.obj            122    0         0      
       copy_decompress_lzss.c.obj   104    0         0      
       autoinit.c.obj               68     0         0      
       u_divt2.asm.obj              64     0         0      
       boot_cortex_m.c.obj          52     0         0      
       copy_zero_init.c.obj         28     0         0      
       copy_decompress_none.c.obj   14     0         0      
       exit.c.obj                   4      0         0      
       pre_init.c.obj               4      0         0      
       div0.asm.obj                 2      0         0      
    +--+----------------------------+------+---------+---------+
       Total:                       618    0         0      
                                                            
       Stack:                       0      0         256    
       Linker Generated:            0      59        0      
    +--+----------------------------+------+---------+---------+
       Grand Total:                 6327   1235      930    


LINKER GENERATED COPY TABLES

__TI_cinit_table @ 00001d88 records: 3, size/record: 8, table size: 24
	.bss: load addr=00001d70, load size=00000008 bytes, run addr=20000370, run size=0000002c bytes, compression=zero_init
	.vtable: load addr=00001d78, load size=00000008 bytes, run addr=20000000, run size=0000026c bytes, compression=zero_init
	.data: load addr=00001d80, load size=00000007 bytes, run addr=2000039c, run size=0000000d bytes, compression=lzss


LINKER GENERATED HANDLER TABLE

__TI_handler_table @ 00001d60 records: 3, size/record: 4, table size: 12
	index: 0, handler: __TI_zero_init
	index: 1, handler: __TI_decompress_lzss
	index: 2, handler: __TI_decompress_none


GLOBAL SYMBOLS: SORTED ALPHABETICALLY BY Name 

address   name                              
-------   ----                              
00001b2b  C$$EXIT                           
000012b1  ConfigureUART                     
00001b0f  GPIOIntClear                      
00001ae9  GPIOIntEnable                     
00001a8d  GPIOIntRegister                   
000016ad  GPIOPinConfigure                  
2000039c  GPIOPinStatus                     
000015b5  GPIOPortFHandler                  
000016f5  ICM_SPI_Read                      
0000185d  ICM_SPI_Write                     
00001389  IntEnable                         
0000195d  IntRegister                       
00001b15  ResetISR                          
000019c5  SPIDataRead                       
00001a05  SPIDataWrite                      
00000dcd  SPIInit                           
00001ab9  SSIDataGetNonBlocking             
00000ead  SysCtlClockGet                    
00000cc9  SysCtlClockSet                    
00001b1b  SysCtlDelay                       
0000026d  Timer5IntHandler                  
00001b21  UARTClockSourceSet                
000013e9  UARTStdioConfig                   
00001a59  UARTprintf                        
00000989  UARTvprintf                       
0000173d  UARTwrite                         
20000370  __STACK_END                       
00000100  __STACK_SIZE                      
20000470  __STACK_TOP                       
00001d88  __TI_CINIT_Base                   
00001da0  __TI_CINIT_Limit                  
00001d60  __TI_Handler_Table_Base           
00001d6c  __TI_Handler_Table_Limit          
000018a1  __TI_auto_init_nobinit_nopinit    
00001321  __TI_decompress_lzss              
00001adb  __TI_decompress_none              
ffffffff  __TI_pprof_out_hndl               
ffffffff  __TI_prof_data_size               
ffffffff  __TI_prof_data_start              
00000000  __TI_static_base__                
00001a3d  __TI_zero_init_nomemset           
0000155b  __aeabi_idiv0                     
0000155b  __aeabi_ldiv0                     
000011bd  __aeabi_memclr                    
000011bd  __aeabi_memclr4                   
000011bd  __aeabi_memclr8                   
00000f71  __aeabi_memcpy                    
00000f71  __aeabi_memcpy4                   
00000f71  __aeabi_memcpy8                   
000011bf  __aeabi_memset                    
000011bf  __aeabi_memset4                   
000011bf  __aeabi_memset8                   
000018e5  __aeabi_uidiv                     
000018e5  __aeabi_uidivmod                  
ffffffff  __binit__                         
ffffffff  __c_args__                        
UNDEFED   __mpu_init                        
20000270  __stack                           
20000000  __start___llvm_prf_cnts           
20000000  __stop___llvm_prf_cnts            
00001991  _c_int00_noargs                   
UNDEFED   _system_post_cinit                
00001b27  _system_pre_init                  
00001b2b  abort                             
20000370  accel_axises                      
ffffffff  binit                             
20000000  g_pfnRAMVectors                   
00000000  g_pfnVectors                      
2000037c  gyro_axises                       
00000561  icm20948_accel_calibration        
00001449  icm20948_accel_full_scale_select  
00001a73  icm20948_accel_low_pass_filter    
0000100d  icm20948_accel_read               
00001785  icm20948_accel_read_g             
000019e5  icm20948_accel_sample_rate_divider
00001609  icm20948_clock_source             
0000165d  icm20948_device_reset             
00000b79  icm20948_gyro_calibration         
000014a5  icm20948_gyro_full_scale_select   
00001501  icm20948_gyro_low_pass_filter     
0000109f  icm20948_gyro_read                
00001925  icm20948_gyro_read_dps            
00001af5  icm20948_gyro_sample_rate_divider 
00001815  icm20948_init                     
000017cd  icm20948_odr_align_enable         
0000155d  icm20948_spi_slave_enable         
00001239  icm20948_wakeup                   
00001aff  icm20948_who_am_i                 
00000799  main                              
00000f71  memcpy                            
000011c5  memset                            
00001acb  read_single_icm20948_reg          
200003a0  stop                              
00001131  timer5_init                       
00001aa5  write_single_icm20948_reg         


GLOBAL SYMBOLS: SORTED BY Symbol Address 

address   name                              
-------   ----                              
00000000  __TI_static_base__                
00000000  g_pfnVectors                      
00000100  __STACK_SIZE                      
0000026d  Timer5IntHandler                  
00000561  icm20948_accel_calibration        
00000799  main                              
00000989  UARTvprintf                       
00000b79  icm20948_gyro_calibration         
00000cc9  SysCtlClockSet                    
00000dcd  SPIInit                           
00000ead  SysCtlClockGet                    
00000f71  __aeabi_memcpy                    
00000f71  __aeabi_memcpy4                   
00000f71  __aeabi_memcpy8                   
00000f71  memcpy                            
0000100d  icm20948_accel_read               
0000109f  icm20948_gyro_read                
00001131  timer5_init                       
000011bd  __aeabi_memclr                    
000011bd  __aeabi_memclr4                   
000011bd  __aeabi_memclr8                   
000011bf  __aeabi_memset                    
000011bf  __aeabi_memset4                   
000011bf  __aeabi_memset8                   
000011c5  memset                            
00001239  icm20948_wakeup                   
000012b1  ConfigureUART                     
00001321  __TI_decompress_lzss              
00001389  IntEnable                         
000013e9  UARTStdioConfig                   
00001449  icm20948_accel_full_scale_select  
000014a5  icm20948_gyro_full_scale_select   
00001501  icm20948_gyro_low_pass_filter     
0000155b  __aeabi_idiv0                     
0000155b  __aeabi_ldiv0                     
0000155d  icm20948_spi_slave_enable         
000015b5  GPIOPortFHandler                  
00001609  icm20948_clock_source             
0000165d  icm20948_device_reset             
000016ad  GPIOPinConfigure                  
000016f5  ICM_SPI_Read                      
0000173d  UARTwrite                         
00001785  icm20948_accel_read_g             
000017cd  icm20948_odr_align_enable         
00001815  icm20948_init                     
0000185d  ICM_SPI_Write                     
000018a1  __TI_auto_init_nobinit_nopinit    
000018e5  __aeabi_uidiv                     
000018e5  __aeabi_uidivmod                  
00001925  icm20948_gyro_read_dps            
0000195d  IntRegister                       
00001991  _c_int00_noargs                   
000019c5  SPIDataRead                       
000019e5  icm20948_accel_sample_rate_divider
00001a05  SPIDataWrite                      
00001a3d  __TI_zero_init_nomemset           
00001a59  UARTprintf                        
00001a73  icm20948_accel_low_pass_filter    
00001a8d  GPIOIntRegister                   
00001aa5  write_single_icm20948_reg         
00001ab9  SSIDataGetNonBlocking             
00001acb  read_single_icm20948_reg          
00001adb  __TI_decompress_none              
00001ae9  GPIOIntEnable                     
00001af5  icm20948_gyro_sample_rate_divider 
00001aff  icm20948_who_am_i                 
00001b0f  GPIOIntClear                      
00001b15  ResetISR                          
00001b1b  SysCtlDelay                       
00001b21  UARTClockSourceSet                
00001b27  _system_pre_init                  
00001b2b  C$$EXIT                           
00001b2b  abort                             
00001d60  __TI_Handler_Table_Base           
00001d6c  __TI_Handler_Table_Limit          
00001d88  __TI_CINIT_Base                   
00001da0  __TI_CINIT_Limit                  
20000000  __start___llvm_prf_cnts           
20000000  __stop___llvm_prf_cnts            
20000000  g_pfnRAMVectors                   
20000270  __stack                           
20000370  __STACK_END                       
20000370  accel_axises                      
2000037c  gyro_axises                       
2000039c  GPIOPinStatus                     
200003a0  stop                              
20000470  __STACK_TOP                       
ffffffff  __TI_pprof_out_hndl               
ffffffff  __TI_prof_data_size               
ffffffff  __TI_prof_data_start              
ffffffff  __binit__                         
ffffffff  __c_args__                        
ffffffff  binit                             
UNDEFED   __mpu_init                        
UNDEFED   _system_post_cinit                

[95 symbols]
