******************************************************************************
                  TI ARM Linker PC v20.2.7                     
******************************************************************************
>> Linked Sat Oct 14 22:29:30 2023

OUTPUT FILE NAME:   <ICM_20948_SPI.out>
ENTRY POINT SYMBOL: "_c_int00_noargs"  address: 00001bdd


MEMORY CONFIGURATION

         name            origin    length      used     unused   attr    fill
----------------------  --------  ---------  --------  --------  ----  --------
  FLASH                 00000000   00040000  00002096  0003df6a  R  X
  SRAM                  20000000   00008000  000003d4  00007c2c  RW X


SEGMENT ALLOCATION MAP

run origin  load origin   length   init length attrs members
----------  ----------- ---------- ----------- ----- -------
00000000    00000000    00002098   00002098    r-x
  00000000    00000000    0000026c   0000026c    r-- .intvecs
  0000026c    0000026c    00001bae   00001bae    r-x .text
  00001e1c    00001e1c    0000022c   0000022c    r-- .const
  00002048    00002048    00000050   00000050    r-- .cinit
20000000    20000000    000003e0   00000000    rw-
  20000000    20000000    0000026c   00000000    rw- .vtable
  20000270    20000270    00000100   00000000    rw- .stack
  20000370    20000370    00000033   00000000    rw- .bss
  200003a4    200003a4    00000025   00000000    rw- .data
  200003d0    200003d0    00000010   00000000    rw- .sysmem


SECTION ALLOCATION MAP

 output                                  attributes/
section   page    origin      length       input sections
--------  ----  ----------  ----------   ----------------
.intvecs   0    00000000    0000026c     
                  00000000    0000026c     startup_ccs.obj (.intvecs)

.text      0    0000026c    00001bae     
                  0000026c    00000310     main.obj (.text:Timer5IntHandler)
                  0000057c    00000278     main.obj (.text:main)
                  000007f4    00000235     icm20948.obj (.text:icm20948_accel_calibration)
                  00000a29    00000001     --HOLE-- [fill = 0]
                  00000a2a    00000002     startup_ccs.obj (.text:FaultISR)
                  00000a2c    000001ee     uartstdio.obj (.text:UARTvprintf)
                  00000c1a    00000002     startup_ccs.obj (.text:IntDefaultHandler)
                  00000c1c    00000150     icm20948.obj (.text:icm20948_gyro_calibration)
                  00000d6c    00000104     driverlib.lib : sysctl.obj (.text:SysCtlClockSet)
                  00000e70    00000100     rtsv7M4_T_le_v4SPD16_eabi.lib : memory.c.obj (.text:aligned_alloc)
                  00000f70    000000c4     spi.obj (.text:SPIInit)
                  00001034    000000c4     driverlib.lib : sysctl.obj (.text:SysCtlClockGet)
                  000010f8    0000009c     rtsv7M4_T_le_v4SPD16_eabi.lib : memcpy_t2.asm.obj (.text)
                  00001194    00000092     icm20948.obj (.text:icm20948_accel_read)
                  00001226    00000092     icm20948.obj (.text:icm20948_gyro_read)
                  000012b8    0000007c     main.obj (.text:SW_int_init)
                  00001334    0000007a     rtsv7M4_T_le_v4SPD16_eabi.lib : memset_t2.asm.obj (.text)
                  000013ae    00000002     startup_ccs.obj (.text:NmiSR)
                  000013b0    00000078     icm20948.obj (.text:icm20948_wakeup)
                  00001428    00000070     main.obj (.text:ConfigureUART)
                  00001498    00000070     rtsv7M4_T_le_v4SPD16_eabi.lib : memory.c.obj (.text:split)
                  00001508    00000068                                   : copy_decompress_lzss.c.obj (.text:decompress:lzss:__TI_decompress_lzss)
                  00001570    00000064     main.obj (.text:timer5_init)
                  000015d4    00000060     driverlib.lib : interrupt.obj (.text:IntEnable)
                  00001634    00000060     uartstdio.obj (.text:UARTStdioConfig)
                  00001694    0000005c     icm20948.obj (.text:icm20948_accel_full_scale_select)
                  000016f0    0000005c     icm20948.obj (.text:icm20948_gyro_full_scale_select)
                  0000174c    0000005a     icm20948.obj (.text:icm20948_gyro_low_pass_filter)
                  000017a6    00000002     rtsv7M4_T_le_v4SPD16_eabi.lib : _lock.c.obj (.text:_nop)
                  000017a8    00000055     icm20948.obj (.text:icm20948_spi_slave_enable)
                  000017fd    00000001     --HOLE-- [fill = 0]
                  000017fe    00000002     rtsv7M4_T_le_v4SPD16_eabi.lib : div0.asm.obj (.text)
                  00001800    00000054     main.obj (.text:GPIOPortFHandler)
                  00001854    00000051     icm20948.obj (.text:icm20948_clock_source)
                  000018a5    00000003     --HOLE-- [fill = 0]
                  000018a8    00000050     icm20948.obj (.text:icm20948_device_reset)
                  000018f8    00000048     driverlib.lib : gpio.obj (.text:GPIOPinConfigure)
                  00001940    00000048     spi.obj (.text:ICM_SPI_Read)
                  00001988    00000048     uartstdio.obj (.text:UARTwrite)
                  000019d0    00000048     icm20948.obj (.text:icm20948_accel_read_g)
                  00001a18    00000048     icm20948.obj (.text:icm20948_odr_align_enable)
                  00001a60    00000046     icm20948.obj (.text:icm20948_init)
                  00001aa6    00000002     --HOLE-- [fill = 0]
                  00001aa8    00000044     spi.obj (.text:ICM_SPI_Write)
                  00001aec    00000044     rtsv7M4_T_le_v4SPD16_eabi.lib : autoinit.c.obj (.text:__TI_auto_init_nobinit_nopinit:__TI_auto_init_nobinit_nopinit)
                  00001b30    00000040                                   : u_divt2.asm.obj (.text)
                  00001b70    00000038     icm20948.obj (.text:icm20948_gyro_read_dps)
                  00001ba8    00000034     driverlib.lib : interrupt.obj (.text:IntRegister)
                  00001bdc    00000034     rtsv7M4_T_le_v4SPD16_eabi.lib : boot_cortex_m.c.obj (.text:_c_int00_noargs:_c_int00_noargs)
                  00001c10    00000028                                   : memory.c.obj (.text:free_list_insert)
                  00001c38    00000020     spi.obj (.text:SPIDataRead)
                  00001c58    00000020     mmc-tm4c123g.obj (.text:disk_timerproc)
                  00001c78    0000001e     icm20948.obj (.text:icm20948_accel_sample_rate_divider)
                  00001c96    00000002     --HOLE-- [fill = 0]
                  00001c98    0000001c     spi.obj (.text:SPIDataWrite)
                  00001cb4    0000001c     driverlib.lib : systick.obj (.text:SysTickIntRegister)
                  00001cd0    0000001c                   : gpio.obj (.text:_GPIOIntNumberGet)
                  00001cec    0000001c     rtsv7M4_T_le_v4SPD16_eabi.lib : copy_zero_init.c.obj (.text:decompress:ZI:__TI_zero_init_nomemset:__TI_zero_init_nomemset)
                  00001d08    0000001c                                   : memory.c.obj (.text:free_list_remove)
                  00001d24    0000001a     uartstdio.obj (.text:UARTprintf)
                  00001d3e    0000001a     icm20948.obj (.text:icm20948_accel_low_pass_filter)
                  00001d58    00000018     driverlib.lib : gpio.obj (.text:GPIOIntRegister)
                  00001d70    00000018     main.obj (.text:SysTickHandler)
                  00001d88    00000014     icm20948.obj (.text:write_single_icm20948_reg)
                  00001d9c    00000012     driverlib.lib : ssi.obj (.text:SSIDataGetNonBlocking)
                  00001dae    00000010     icm20948.obj (.text:read_single_icm20948_reg)
                  00001dbe    0000000e     rtsv7M4_T_le_v4SPD16_eabi.lib : copy_decompress_none.c.obj (.text:decompress:none:__TI_decompress_none)
                  00001dcc    0000000c     driverlib.lib : gpio.obj (.text:GPIOIntEnable)
                  00001dd8    0000000a     icm20948.obj (.text:icm20948_gyro_sample_rate_divider)
                  00001de2    00000008     icm20948.obj (.text:icm20948_who_am_i)
                  00001dea    00000008     rtsv7M4_T_le_v4SPD16_eabi.lib : memory.c.obj (.text:malloc)
                  00001df2    00000008     icm20948.obj (.text:select_user_bank)
                  00001dfa    00000006     driverlib.lib : gpio.obj (.text:GPIOIntClear)
                  00001e00    00000006     startup_ccs.obj (.text:ResetISR)
                  00001e06    00000006     driverlib.lib : sysctl.obj (.text:SysCtlDelay)
                  00001e0c    00000006                   : uart.obj (.text:UARTClockSourceSet)
                  00001e12    00000004     rtsv7M4_T_le_v4SPD16_eabi.lib : pre_init.c.obj (.text:_system_pre_init)
                  00001e16    00000004                                   : exit.c.obj (.text:abort:abort)

.const     0    00001e1c    0000022c     
                  00001e1c    000000c0     driverlib.lib : gpio.obj (.const:g_ppui32GPIOIntMapBlizzard)
                  00001edc    00000078                   : gpio.obj (.const:g_pui32GPIOBaseAddrs)
                  00001f54    00000070                   : interrupt.obj (.const)
                  00001fc4    0000006c                   : sysctl.obj (.const:g_pui32Xtals)
                  00002030    0000000c     uartstdio.obj (.const:g_ui32UARTBase)
                  0000203c    0000000c     uartstdio.obj (.const:g_ui32UARTPeriph)

.cinit     0    00002048    00000050     
                  00002048    00000016     (.cinit..data.load) [load image, compression = lzss]
                  0000205e    00000002     --HOLE-- [fill = 0]
                  00002060    0000000c     (__TI_handler_table)
                  0000206c    00000004     --HOLE-- [fill = 0]
                  00002070    00000008     (.cinit..bss.load) [load image, compression = zero_init]
                  00002078    00000008     (.cinit..vtable.load) [load image, compression = zero_init]
                  00002080    00000018     (__TI_cinit_table)

.init_array 
*          0    00000000    00000000     UNINITIALIZED

.vtable    0    20000000    0000026c     UNINITIALIZED
                  20000000    0000026c     driverlib.lib : interrupt.obj (.vtable)

.stack     0    20000270    00000100     UNINITIALIZED
                  20000270    00000004     rtsv7M4_T_le_v4SPD16_eabi.lib : boot_cortex_m.c.obj (.stack)
                  20000274    000000fc     --HOLE--

.bss       0    20000370    00000033     UNINITIALIZED
                  20000370    0000000c     (.common:accel_axises)
                  2000037c    0000000c     (.common:gyro_axises)
                  20000388    00000008     icm20948.obj (.bss)
                  20000390    00000006     main.obj (.bss:accel_sign$3)
                  20000396    00000006     main.obj (.bss:gyro_sign$2)
                  2000039c    00000004     (.common:bufferA)
                  200003a0    00000003     mmc-tm4c123g.obj (.bss)

.data      0    200003a4    00000025     UNINITIALIZED
                  200003a4    00000010     main.obj (.data)
                  200003b4    00000008     rtsv7M4_T_le_v4SPD16_eabi.lib : _lock.c.obj (.data:$O1$$)
                  200003bc    00000008                                   : memory.c.obj (.data:$O1$$)
                  200003c4    00000005     uartstdio.obj (.data)

.sysmem    0    200003d0    00000010     UNINITIALIZED
                  200003d0    00000010     rtsv7M4_T_le_v4SPD16_eabi.lib : memory.c.obj (.sysmem)

__llvm_prf_cnts 
*          0    20000000    00000000     UNINITIALIZED

MODULE SUMMARY

       Module                       code   ro data   rw data
       ------                       ----   -------   -------
    .\
       icm20948.obj                 2221   0         8      
       main.obj                     1860   0         56     
       startup_ccs.obj              12     620       0      
       spi.obj                      396    0         0      
       mmc-tm4c123g.obj             32     0         3      
    +--+----------------------------+------+---------+---------+
       Total:                       4521   620       67     
                                                            
    .\utils\
       uartstdio.obj                688    24        5      
    +--+----------------------------+------+---------+---------+
       Total:                       688    24        5      
                                                            
    C:/ti/TivaWare_C_Series-1.1/driverlib/ccs/Debug/driverlib.lib
       interrupt.obj                148    112       620    
       sysctl.obj                   462    108       0      
       gpio.obj                     142    312       0      
       systick.obj                  28     0         0      
       ssi.obj                      18     0         0      
       uart.obj                     6      0         0      
    +--+----------------------------+------+---------+---------+
       Total:                       804    532       620    
                                                            
    D:\ti\ccs1240\ccs\tools\compiler\ti-cgt-arm_20.2.7.LTS\lib\rtsv7M4_T_le_v4SPD16_eabi.lib
       memory.c.obj                 444    0         8      
       memcpy_t2.asm.obj            156    0         0      
       memset_t2.asm.obj            122    0         0      
       copy_decompress_lzss.c.obj   104    0         0      
       autoinit.c.obj               68     0         0      
       u_divt2.asm.obj              64     0         0      
       boot_cortex_m.c.obj          52     0         0      
       copy_zero_init.c.obj         28     0         0      
       copy_decompress_none.c.obj   14     0         0      
       _lock.c.obj                  2      0         8      
       exit.c.obj                   4      0         0      
       pre_init.c.obj               4      0         0      
       div0.asm.obj                 2      0         0      
    +--+----------------------------+------+---------+---------+
       Total:                       1064   0         16     
                                                            
       Heap:                        0      0         16     
       Stack:                       0      0         256    
       Linker Generated:            0      74        0      
    +--+----------------------------+------+---------+---------+
       Grand Total:                 7077   1250      980    


LINKER GENERATED COPY TABLES

__TI_cinit_table @ 00002080 records: 3, size/record: 8, table size: 24
	.data: load addr=00002048, load size=00000016 bytes, run addr=200003a4, run size=00000025 bytes, compression=lzss
	.bss: load addr=00002070, load size=00000008 bytes, run addr=20000370, run size=00000033 bytes, compression=zero_init
	.vtable: load addr=00002078, load size=00000008 bytes, run addr=20000000, run size=0000026c bytes, compression=zero_init


LINKER GENERATED HANDLER TABLE

__TI_handler_table @ 00002060 records: 3, size/record: 4, table size: 12
	index: 0, handler: __TI_zero_init
	index: 1, handler: __TI_decompress_lzss
	index: 2, handler: __TI_decompress_none


GLOBAL SYMBOLS: SORTED ALPHABETICALLY BY Name 

address   name                              
-------   ----                              
00001e17  C$$EXIT                           
00001429  ConfigureUART                     
00001dfb  GPIOIntClear                      
00001dcd  GPIOIntEnable                     
00001d59  GPIOIntRegister                   
000018f9  GPIOPinConfigure                  
200003a4  GPIOPinStatus                     
00001801  GPIOPortFHandler                  
00001941  ICM_SPI_Read                      
00001aa9  ICM_SPI_Write                     
000015d5  IntEnable                         
00001ba9  IntRegister                       
00001e01  ResetISR                          
00001c39  SPIDataRead                       
00001c99  SPIDataWrite                      
00000f71  SPIInit                           
00001d9d  SSIDataGetNonBlocking             
000012b9  SW_int_init                       
00001035  SysCtlClockGet                    
00000d6d  SysCtlClockSet                    
00001e07  SysCtlDelay                       
00001d71  SysTickHandler                    
00001cb5  SysTickIntRegister                
0000026d  Timer5IntHandler                  
00001e0d  UARTClockSourceSet                
00001635  UARTStdioConfig                   
00001d25  UARTprintf                        
00000a2d  UARTvprintf                       
00001989  UARTwrite                         
20000370  __STACK_END                       
00000100  __STACK_SIZE                      
20000470  __STACK_TOP                       
00000010  __SYSMEM_SIZE                     
00002080  __TI_CINIT_Base                   
00002098  __TI_CINIT_Limit                  
00002060  __TI_Handler_Table_Base           
0000206c  __TI_Handler_Table_Limit          
00001aed  __TI_auto_init_nobinit_nopinit    
00001509  __TI_decompress_lzss              
00001dbf  __TI_decompress_none              
ffffffff  __TI_pprof_out_hndl               
ffffffff  __TI_prof_data_size               
ffffffff  __TI_prof_data_start              
00000000  __TI_static_base__                
00001ced  __TI_zero_init_nomemset           
000017ff  __aeabi_idiv0                     
000017ff  __aeabi_ldiv0                     
00001335  __aeabi_memclr                    
00001335  __aeabi_memclr4                   
00001335  __aeabi_memclr8                   
000010f9  __aeabi_memcpy                    
000010f9  __aeabi_memcpy4                   
000010f9  __aeabi_memcpy8                   
00001337  __aeabi_memset                    
00001337  __aeabi_memset4                   
00001337  __aeabi_memset8                   
00001b31  __aeabi_uidiv                     
00001b31  __aeabi_uidivmod                  
ffffffff  __binit__                         
ffffffff  __c_args__                        
UNDEFED   __mpu_init                        
20000270  __stack                           
20000000  __start___llvm_prf_cnts           
20000000  __stop___llvm_prf_cnts            
00001bdd  _c_int00_noargs                   
200003b4  _lock                             
000017a7  _nop                              
200003d0  _sys_memory                       
UNDEFED   _system_post_cinit                
00001e13  _system_pre_init                  
200003b8  _unlock                           
00001e17  abort                             
20000370  accel_axises                      
00000e71  aligned_alloc                     
ffffffff  binit                             
2000039c  bufferA                           
200003ac  buffer_size                       
00001c59  disk_timerproc                    
20000000  g_pfnRAMVectors                   
00000000  g_pfnVectors                      
2000037c  gyro_axises                       
000007f5  icm20948_accel_calibration        
00001695  icm20948_accel_full_scale_select  
00001d3f  icm20948_accel_low_pass_filter    
00001195  icm20948_accel_read               
000019d1  icm20948_accel_read_g             
00001c79  icm20948_accel_sample_rate_divider
00001855  icm20948_clock_source             
000018a9  icm20948_device_reset             
00000c1d  icm20948_gyro_calibration         
000016f1  icm20948_gyro_full_scale_select   
0000174d  icm20948_gyro_low_pass_filter     
00001227  icm20948_gyro_read                
00001b71  icm20948_gyro_read_dps            
00001dd9  icm20948_gyro_sample_rate_divider 
00001a61  icm20948_init                     
00001a19  icm20948_odr_align_enable         
000017a9  icm20948_spi_slave_enable         
000013b1  icm20948_wakeup                   
00001de3  icm20948_who_am_i                 
0000057d  main                              
00001deb  malloc                            
00000e71  memalign                          
000010f9  memcpy                            
0000133d  memset                            
00001daf  read_single_icm20948_reg          
200003b0  sample_nums                       
200003a8  stop                              
00001571  timer5_init                       
00001d89  write_single_icm20948_reg         


GLOBAL SYMBOLS: SORTED BY Symbol Address 

address   name                              
-------   ----                              
00000000  __TI_static_base__                
00000000  g_pfnVectors                      
00000010  __SYSMEM_SIZE                     
00000100  __STACK_SIZE                      
0000026d  Timer5IntHandler                  
0000057d  main                              
000007f5  icm20948_accel_calibration        
00000a2d  UARTvprintf                       
00000c1d  icm20948_gyro_calibration         
00000d6d  SysCtlClockSet                    
00000e71  aligned_alloc                     
00000e71  memalign                          
00000f71  SPIInit                           
00001035  SysCtlClockGet                    
000010f9  __aeabi_memcpy                    
000010f9  __aeabi_memcpy4                   
000010f9  __aeabi_memcpy8                   
000010f9  memcpy                            
00001195  icm20948_accel_read               
00001227  icm20948_gyro_read                
000012b9  SW_int_init                       
00001335  __aeabi_memclr                    
00001335  __aeabi_memclr4                   
00001335  __aeabi_memclr8                   
00001337  __aeabi_memset                    
00001337  __aeabi_memset4                   
00001337  __aeabi_memset8                   
0000133d  memset                            
000013b1  icm20948_wakeup                   
00001429  ConfigureUART                     
00001509  __TI_decompress_lzss              
00001571  timer5_init                       
000015d5  IntEnable                         
00001635  UARTStdioConfig                   
00001695  icm20948_accel_full_scale_select  
000016f1  icm20948_gyro_full_scale_select   
0000174d  icm20948_gyro_low_pass_filter     
000017a7  _nop                              
000017a9  icm20948_spi_slave_enable         
000017ff  __aeabi_idiv0                     
000017ff  __aeabi_ldiv0                     
00001801  GPIOPortFHandler                  
00001855  icm20948_clock_source             
000018a9  icm20948_device_reset             
000018f9  GPIOPinConfigure                  
00001941  ICM_SPI_Read                      
00001989  UARTwrite                         
000019d1  icm20948_accel_read_g             
00001a19  icm20948_odr_align_enable         
00001a61  icm20948_init                     
00001aa9  ICM_SPI_Write                     
00001aed  __TI_auto_init_nobinit_nopinit    
00001b31  __aeabi_uidiv                     
00001b31  __aeabi_uidivmod                  
00001b71  icm20948_gyro_read_dps            
00001ba9  IntRegister                       
00001bdd  _c_int00_noargs                   
00001c39  SPIDataRead                       
00001c59  disk_timerproc                    
00001c79  icm20948_accel_sample_rate_divider
00001c99  SPIDataWrite                      
00001cb5  SysTickIntRegister                
00001ced  __TI_zero_init_nomemset           
00001d25  UARTprintf                        
00001d3f  icm20948_accel_low_pass_filter    
00001d59  GPIOIntRegister                   
00001d71  SysTickHandler                    
00001d89  write_single_icm20948_reg         
00001d9d  SSIDataGetNonBlocking             
00001daf  read_single_icm20948_reg          
00001dbf  __TI_decompress_none              
00001dcd  GPIOIntEnable                     
00001dd9  icm20948_gyro_sample_rate_divider 
00001de3  icm20948_who_am_i                 
00001deb  malloc                            
00001dfb  GPIOIntClear                      
00001e01  ResetISR                          
00001e07  SysCtlDelay                       
00001e0d  UARTClockSourceSet                
00001e13  _system_pre_init                  
00001e17  C$$EXIT                           
00001e17  abort                             
00002060  __TI_Handler_Table_Base           
0000206c  __TI_Handler_Table_Limit          
00002080  __TI_CINIT_Base                   
00002098  __TI_CINIT_Limit                  
20000000  __start___llvm_prf_cnts           
20000000  __stop___llvm_prf_cnts            
20000000  g_pfnRAMVectors                   
20000270  __stack                           
20000370  __STACK_END                       
20000370  accel_axises                      
2000037c  gyro_axises                       
2000039c  bufferA                           
200003a4  GPIOPinStatus                     
200003a8  stop                              
200003ac  buffer_size                       
200003b0  sample_nums                       
200003b4  _lock                             
200003b8  _unlock                           
200003d0  _sys_memory                       
20000470  __STACK_TOP                       
ffffffff  __TI_pprof_out_hndl               
ffffffff  __TI_prof_data_size               
ffffffff  __TI_prof_data_start              
ffffffff  __binit__                         
ffffffff  __c_args__                        
ffffffff  binit                             
UNDEFED   __mpu_init                        
UNDEFED   _system_post_cinit                

[110 symbols]
