******************************************************************************
                  TI ARM Linker PC v20.2.7                     
******************************************************************************
>> Linked Mon Oct  9 14:31:27 2023

OUTPUT FILE NAME:   <ICM_20948_SPI.out>
ENTRY POINT SYMBOL: "_c_int00_noargs"  address: 00001955


MEMORY CONFIGURATION

         name            origin    length      used     unused   attr    fill
----------------------  --------  ---------  --------  --------  ----  --------
  FLASH                 00000000   00040000  00001d5e  0003e2a2  R  X
  SRAM                  20000000   00008000  000003a5  00007c5b  RW X


SEGMENT ALLOCATION MAP

run origin  load origin   length   init length attrs members
----------  ----------- ---------- ----------- ----- -------
00000000    00000000    00001d60   00001d60    r-x
  00000000    00000000    0000026c   0000026c    r-- .intvecs
  0000026c    0000026c    00001886   00001886    r-x .text
  00001af4    00001af4    0000022c   0000022c    r-- .const
  00001d20    00001d20    00000040   00000040    r-- .cinit
20000000    20000000    000003a9   00000000    rw-
  20000000    20000000    0000026c   00000000    rw- .vtable
  20000270    20000270    00000100   00000000    rw- .stack
  20000370    20000370    0000002c   00000000    rw- .bss
  2000039c    2000039c    0000000d   00000000    rw- .data


SECTION ALLOCATION MAP

 output                                  attributes/
section   page    origin      length       input sections
--------  ----  ----------  ----------   ----------------
.intvecs   0    00000000    0000026c     
                  00000000    0000026c     startup_ccs.obj (.intvecs)

.text      0    0000026c    00001886     
                  0000026c    000002f4     main.obj (.text:Timer5IntHandler)
                  00000560    00000235     icm20948.obj (.text:icm20948_accel_calibration)
                  00000795    00000001     --HOLE-- [fill = 0]
                  00000796    00000002     startup_ccs.obj (.text:FaultISR)
                  00000798    000001ee     uartstdio.obj (.text:UARTvprintf)
                  00000986    00000002     startup_ccs.obj (.text:IntDefaultHandler)
                  00000988    000001b4     main.obj (.text:main)
                  00000b3c    00000150     icm20948.obj (.text:icm20948_gyro_calibration)
                  00000c8c    00000104     driverlib.lib : sysctl.obj (.text:SysCtlClockSet)
                  00000d90    000000e0     spi.obj (.text:SPIInit)
                  00000e70    000000c4     driverlib.lib : sysctl.obj (.text:SysCtlClockGet)
                  00000f34    0000009c     rtsv7M4_T_le_v4SPD16_eabi.lib : memcpy_t2.asm.obj (.text)
                  00000fd0    00000092     icm20948.obj (.text:icm20948_accel_read)
                  00001062    00000092     icm20948.obj (.text:icm20948_gyro_read)
                  000010f4    0000008c     main.obj (.text:timer5_init)
                  00001180    0000007a     rtsv7M4_T_le_v4SPD16_eabi.lib : memset_t2.asm.obj (.text)
                  000011fa    00000002     startup_ccs.obj (.text:NmiSR)
                  000011fc    00000078     icm20948.obj (.text:icm20948_wakeup)
                  00001274    00000070     main.obj (.text:ConfigureUART)
                  000012e4    00000068     rtsv7M4_T_le_v4SPD16_eabi.lib : copy_decompress_lzss.c.obj (.text:decompress:lzss:__TI_decompress_lzss)
                  0000134c    00000060     driverlib.lib : interrupt.obj (.text:IntEnable)
                  000013ac    00000060     uartstdio.obj (.text:UARTStdioConfig)
                  0000140c    0000005c     icm20948.obj (.text:icm20948_accel_full_scale_select)
                  00001468    0000005c     icm20948.obj (.text:icm20948_gyro_full_scale_select)
                  000014c4    0000005a     icm20948.obj (.text:icm20948_gyro_low_pass_filter)
                  0000151e    00000002     rtsv7M4_T_le_v4SPD16_eabi.lib : div0.asm.obj (.text)
                  00001520    00000055     icm20948.obj (.text:icm20948_spi_slave_enable)
                  00001575    00000003     --HOLE-- [fill = 0]
                  00001578    00000054     main.obj (.text:GPIOPortFHandler)
                  000015cc    00000051     icm20948.obj (.text:icm20948_clock_source)
                  0000161d    00000003     --HOLE-- [fill = 0]
                  00001620    00000050     icm20948.obj (.text:icm20948_device_reset)
                  00001670    00000048     driverlib.lib : gpio.obj (.text:GPIOPinConfigure)
                  000016b8    00000048     spi.obj (.text:ICM_SPI_Read)
                  00001700    00000048     uartstdio.obj (.text:UARTwrite)
                  00001748    00000048     icm20948.obj (.text:icm20948_accel_read_g)
                  00001790    00000048     icm20948.obj (.text:icm20948_odr_align_enable)
                  000017d8    00000046     icm20948.obj (.text:icm20948_init)
                  0000181e    00000002     --HOLE-- [fill = 0]
                  00001820    00000044     spi.obj (.text:ICM_SPI_Write)
                  00001864    00000044     rtsv7M4_T_le_v4SPD16_eabi.lib : autoinit.c.obj (.text:__TI_auto_init_nobinit_nopinit:__TI_auto_init_nobinit_nopinit)
                  000018a8    00000040                                   : u_divt2.asm.obj (.text)
                  000018e8    00000038     icm20948.obj (.text:icm20948_gyro_read_dps)
                  00001920    00000034     driverlib.lib : interrupt.obj (.text:IntRegister)
                  00001954    00000034     rtsv7M4_T_le_v4SPD16_eabi.lib : boot_cortex_m.c.obj (.text:_c_int00_noargs:_c_int00_noargs)
                  00001988    00000020     spi.obj (.text:SPIDataRead)
                  000019a8    0000001e     icm20948.obj (.text:icm20948_accel_sample_rate_divider)
                  000019c6    00000002     --HOLE-- [fill = 0]
                  000019c8    0000001c     spi.obj (.text:SPIDataWrite)
                  000019e4    0000001c     driverlib.lib : gpio.obj (.text:_GPIOIntNumberGet)
                  00001a00    0000001c     rtsv7M4_T_le_v4SPD16_eabi.lib : copy_zero_init.c.obj (.text:decompress:ZI:__TI_zero_init_nomemset:__TI_zero_init_nomemset)
                  00001a1c    0000001a     uartstdio.obj (.text:UARTprintf)
                  00001a36    0000001a     icm20948.obj (.text:icm20948_accel_low_pass_filter)
                  00001a50    00000018     driverlib.lib : gpio.obj (.text:GPIOIntRegister)
                  00001a68    00000014     icm20948.obj (.text:write_single_icm20948_reg)
                  00001a7c    00000012     driverlib.lib : ssi.obj (.text:SSIDataGetNonBlocking)
                  00001a8e    00000010     icm20948.obj (.text:read_single_icm20948_reg)
                  00001a9e    0000000e     rtsv7M4_T_le_v4SPD16_eabi.lib : copy_decompress_none.c.obj (.text:decompress:none:__TI_decompress_none)
                  00001aac    0000000c     driverlib.lib : gpio.obj (.text:GPIOIntEnable)
                  00001ab8    0000000a     icm20948.obj (.text:icm20948_gyro_sample_rate_divider)
                  00001ac2    00000008     icm20948.obj (.text:icm20948_who_am_i)
                  00001aca    00000008     icm20948.obj (.text:select_user_bank)
                  00001ad2    00000006     driverlib.lib : gpio.obj (.text:GPIOIntClear)
                  00001ad8    00000006     startup_ccs.obj (.text:ResetISR)
                  00001ade    00000006     driverlib.lib : sysctl.obj (.text:SysCtlDelay)
                  00001ae4    00000006                   : uart.obj (.text:UARTClockSourceSet)
                  00001aea    00000004     rtsv7M4_T_le_v4SPD16_eabi.lib : pre_init.c.obj (.text:_system_pre_init)
                  00001aee    00000004                                   : exit.c.obj (.text:abort:abort)

.const     0    00001af4    0000022c     
                  00001af4    000000c0     driverlib.lib : gpio.obj (.const:g_ppui32GPIOIntMapBlizzard)
                  00001bb4    00000078                   : gpio.obj (.const:g_pui32GPIOBaseAddrs)
                  00001c2c    00000070                   : interrupt.obj (.const)
                  00001c9c    0000006c                   : sysctl.obj (.const:g_pui32Xtals)
                  00001d08    0000000c     uartstdio.obj (.const:g_ui32UARTBase)
                  00001d14    0000000c     uartstdio.obj (.const:g_ui32UARTPeriph)

.cinit     0    00001d20    00000040     
                  00001d20    0000000c     (__TI_handler_table)
                  00001d2c    00000004     --HOLE-- [fill = 0]
                  00001d30    00000008     (.cinit..bss.load) [load image, compression = zero_init]
                  00001d38    00000008     (.cinit..vtable.load) [load image, compression = zero_init]
                  00001d40    00000007     (.cinit..data.load) [load image, compression = lzss]
                  00001d47    00000001     --HOLE-- [fill = 0]
                  00001d48    00000018     (__TI_cinit_table)

.init_array 
*          0    00000000    00000000     UNINITIALIZED

.vtable    0    20000000    0000026c     UNINITIALIZED
                  20000000    0000026c     driverlib.lib : interrupt.obj (.vtable)

.bss       0    20000370    0000002c     UNINITIALIZED
                  20000370    0000000c     (.common:accel_axises)
                  2000037c    0000000c     (.common:gyro_axises)
                  20000388    00000008     icm20948.obj (.bss)
                  20000390    00000006     main.obj (.bss:accel_sign$3)
                  20000396    00000006     main.obj (.bss:gyro_sign$2)

.data      0    2000039c    0000000d     UNINITIALIZED
                  2000039c    00000005     main.obj (.data)
                  200003a1    00000003     --HOLE--
                  200003a4    00000005     uartstdio.obj (.data)

.stack     0    20000270    00000100     UNINITIALIZED
                  20000270    00000004     rtsv7M4_T_le_v4SPD16_eabi.lib : boot_cortex_m.c.obj (.stack)
                  20000274    000000fc     --HOLE--

__llvm_prf_cnts 
*          0    20000000    00000000     UNINITIALIZED

MODULE SUMMARY

       Module                       code   ro data   rw data
       ------                       ----   -------   -------
    .\
       icm20948.obj                 2221   0         8      
       main.obj                     1528   0         41     
       startup_ccs.obj              12     620       0      
       spi.obj                      424    0         0      
    +--+----------------------------+------+---------+---------+
       Total:                       4185   620       49     
                                                            
    .\utils\
       uartstdio.obj                688    24        5      
    +--+----------------------------+------+---------+---------+
       Total:                       688    24        5      
                                                            
    C:/ti/TivaWare_C_Series-1.1/driverlib/ccs/Debug/driverlib.lib
       interrupt.obj                148    112       620    
       sysctl.obj                   462    108       0      
       gpio.obj                     142    312       0      
       ssi.obj                      18     0         0      
       uart.obj                     6      0         0      
    +--+----------------------------+------+---------+---------+
       Total:                       776    532       620    
                                                            
    D:\ti\ccs1240\ccs\tools\compiler\ti-cgt-arm_20.2.7.LTS\lib\rtsv7M4_T_le_v4SPD16_eabi.lib
       memcpy_t2.asm.obj            156    0         0      
       memset_t2.asm.obj            122    0         0      
       copy_decompress_lzss.c.obj   104    0         0      
       autoinit.c.obj               68     0         0      
       u_divt2.asm.obj              64     0         0      
       boot_cortex_m.c.obj          52     0         0      
       copy_zero_init.c.obj         28     0         0      
       copy_decompress_none.c.obj   14     0         0      
       exit.c.obj                   4      0         0      
       pre_init.c.obj               4      0         0      
       div0.asm.obj                 2      0         0      
    +--+----------------------------+------+---------+---------+
       Total:                       618    0         0      
                                                            
       Stack:                       0      0         256    
       Linker Generated:            0      59        0      
    +--+----------------------------+------+---------+---------+
       Grand Total:                 6267   1235      930    


LINKER GENERATED COPY TABLES

__TI_cinit_table @ 00001d48 records: 3, size/record: 8, table size: 24
	.bss: load addr=00001d30, load size=00000008 bytes, run addr=20000370, run size=0000002c bytes, compression=zero_init
	.vtable: load addr=00001d38, load size=00000008 bytes, run addr=20000000, run size=0000026c bytes, compression=zero_init
	.data: load addr=00001d40, load size=00000007 bytes, run addr=2000039c, run size=0000000d bytes, compression=lzss


LINKER GENERATED HANDLER TABLE

__TI_handler_table @ 00001d20 records: 3, size/record: 4, table size: 12
	index: 0, handler: __TI_zero_init
	index: 1, handler: __TI_decompress_lzss
	index: 2, handler: __TI_decompress_none


GLOBAL SYMBOLS: SORTED ALPHABETICALLY BY Name 

address   name                              
-------   ----                              
00001aef  C$$EXIT                           
00001275  ConfigureUART                     
00001ad3  GPIOIntClear                      
00001aad  GPIOIntEnable                     
00001a51  GPIOIntRegister                   
00001671  GPIOPinConfigure                  
2000039c  GPIOPinStatus                     
00001579  GPIOPortFHandler                  
000016b9  ICM_SPI_Read                      
00001821  ICM_SPI_Write                     
0000134d  IntEnable                         
00001921  IntRegister                       
00001ad9  ResetISR                          
00001989  SPIDataRead                       
000019c9  SPIDataWrite                      
00000d91  SPIInit                           
00001a7d  SSIDataGetNonBlocking             
00000e71  SysCtlClockGet                    
00000c8d  SysCtlClockSet                    
00001adf  SysCtlDelay                       
0000026d  Timer5IntHandler                  
00001ae5  UARTClockSourceSet                
000013ad  UARTStdioConfig                   
00001a1d  UARTprintf                        
00000799  UARTvprintf                       
00001701  UARTwrite                         
20000370  __STACK_END                       
00000100  __STACK_SIZE                      
20000470  __STACK_TOP                       
00001d48  __TI_CINIT_Base                   
00001d60  __TI_CINIT_Limit                  
00001d20  __TI_Handler_Table_Base           
00001d2c  __TI_Handler_Table_Limit          
00001865  __TI_auto_init_nobinit_nopinit    
000012e5  __TI_decompress_lzss              
00001a9f  __TI_decompress_none              
ffffffff  __TI_pprof_out_hndl               
ffffffff  __TI_prof_data_size               
ffffffff  __TI_prof_data_start              
00000000  __TI_static_base__                
00001a01  __TI_zero_init_nomemset           
0000151f  __aeabi_idiv0                     
0000151f  __aeabi_ldiv0                     
00001181  __aeabi_memclr                    
00001181  __aeabi_memclr4                   
00001181  __aeabi_memclr8                   
00000f35  __aeabi_memcpy                    
00000f35  __aeabi_memcpy4                   
00000f35  __aeabi_memcpy8                   
00001183  __aeabi_memset                    
00001183  __aeabi_memset4                   
00001183  __aeabi_memset8                   
000018a9  __aeabi_uidiv                     
000018a9  __aeabi_uidivmod                  
ffffffff  __binit__                         
ffffffff  __c_args__                        
UNDEFED   __mpu_init                        
20000270  __stack                           
20000000  __start___llvm_prf_cnts           
20000000  __stop___llvm_prf_cnts            
00001955  _c_int00_noargs                   
UNDEFED   _system_post_cinit                
00001aeb  _system_pre_init                  
00001aef  abort                             
20000370  accel_axises                      
ffffffff  binit                             
20000000  g_pfnRAMVectors                   
00000000  g_pfnVectors                      
2000037c  gyro_axises                       
00000561  icm20948_accel_calibration        
0000140d  icm20948_accel_full_scale_select  
00001a37  icm20948_accel_low_pass_filter    
00000fd1  icm20948_accel_read               
00001749  icm20948_accel_read_g             
000019a9  icm20948_accel_sample_rate_divider
000015cd  icm20948_clock_source             
00001621  icm20948_device_reset             
00000b3d  icm20948_gyro_calibration         
00001469  icm20948_gyro_full_scale_select   
000014c5  icm20948_gyro_low_pass_filter     
00001063  icm20948_gyro_read                
000018e9  icm20948_gyro_read_dps            
00001ab9  icm20948_gyro_sample_rate_divider 
000017d9  icm20948_init                     
00001791  icm20948_odr_align_enable         
00001521  icm20948_spi_slave_enable         
000011fd  icm20948_wakeup                   
00001ac3  icm20948_who_am_i                 
00000989  main                              
00000f35  memcpy                            
00001189  memset                            
00001a8f  read_single_icm20948_reg          
200003a0  stop                              
000010f5  timer5_init                       
00001a69  write_single_icm20948_reg         


GLOBAL SYMBOLS: SORTED BY Symbol Address 

address   name                              
-------   ----                              
00000000  __TI_static_base__                
00000000  g_pfnVectors                      
00000100  __STACK_SIZE                      
0000026d  Timer5IntHandler                  
00000561  icm20948_accel_calibration        
00000799  UARTvprintf                       
00000989  main                              
00000b3d  icm20948_gyro_calibration         
00000c8d  SysCtlClockSet                    
00000d91  SPIInit                           
00000e71  SysCtlClockGet                    
00000f35  __aeabi_memcpy                    
00000f35  __aeabi_memcpy4                   
00000f35  __aeabi_memcpy8                   
00000f35  memcpy                            
00000fd1  icm20948_accel_read               
00001063  icm20948_gyro_read                
000010f5  timer5_init                       
00001181  __aeabi_memclr                    
00001181  __aeabi_memclr4                   
00001181  __aeabi_memclr8                   
00001183  __aeabi_memset                    
00001183  __aeabi_memset4                   
00001183  __aeabi_memset8                   
00001189  memset                            
000011fd  icm20948_wakeup                   
00001275  ConfigureUART                     
000012e5  __TI_decompress_lzss              
0000134d  IntEnable                         
000013ad  UARTStdioConfig                   
0000140d  icm20948_accel_full_scale_select  
00001469  icm20948_gyro_full_scale_select   
000014c5  icm20948_gyro_low_pass_filter     
0000151f  __aeabi_idiv0                     
0000151f  __aeabi_ldiv0                     
00001521  icm20948_spi_slave_enable         
00001579  GPIOPortFHandler                  
000015cd  icm20948_clock_source             
00001621  icm20948_device_reset             
00001671  GPIOPinConfigure                  
000016b9  ICM_SPI_Read                      
00001701  UARTwrite                         
00001749  icm20948_accel_read_g             
00001791  icm20948_odr_align_enable         
000017d9  icm20948_init                     
00001821  ICM_SPI_Write                     
00001865  __TI_auto_init_nobinit_nopinit    
000018a9  __aeabi_uidiv                     
000018a9  __aeabi_uidivmod                  
000018e9  icm20948_gyro_read_dps            
00001921  IntRegister                       
00001955  _c_int00_noargs                   
00001989  SPIDataRead                       
000019a9  icm20948_accel_sample_rate_divider
000019c9  SPIDataWrite                      
00001a01  __TI_zero_init_nomemset           
00001a1d  UARTprintf                        
00001a37  icm20948_accel_low_pass_filter    
00001a51  GPIOIntRegister                   
00001a69  write_single_icm20948_reg         
00001a7d  SSIDataGetNonBlocking             
00001a8f  read_single_icm20948_reg          
00001a9f  __TI_decompress_none              
00001aad  GPIOIntEnable                     
00001ab9  icm20948_gyro_sample_rate_divider 
00001ac3  icm20948_who_am_i                 
00001ad3  GPIOIntClear                      
00001ad9  ResetISR                          
00001adf  SysCtlDelay                       
00001ae5  UARTClockSourceSet                
00001aeb  _system_pre_init                  
00001aef  C$$EXIT                           
00001aef  abort                             
00001d20  __TI_Handler_Table_Base           
00001d2c  __TI_Handler_Table_Limit          
00001d48  __TI_CINIT_Base                   
00001d60  __TI_CINIT_Limit                  
20000000  __start___llvm_prf_cnts           
20000000  __stop___llvm_prf_cnts            
20000000  g_pfnRAMVectors                   
20000270  __stack                           
20000370  __STACK_END                       
20000370  accel_axises                      
2000037c  gyro_axises                       
2000039c  GPIOPinStatus                     
200003a0  stop                              
20000470  __STACK_TOP                       
ffffffff  __TI_pprof_out_hndl               
ffffffff  __TI_prof_data_size               
ffffffff  __TI_prof_data_start              
ffffffff  __binit__                         
ffffffff  __c_args__                        
ffffffff  binit                             
UNDEFED   __mpu_init                        
UNDEFED   _system_post_cinit                

[95 symbols]
