******************************************************************************
                  TI ARM Linker PC v20.2.7                     
******************************************************************************
>> Linked Mon Jan  8 16:49:30 2024

OUTPUT FILE NAME:   <ICM_20948_SPI.out>
ENTRY POINT SYMBOL: "_c_int00_noargs"  address: 00001add


MEMORY CONFIGURATION

         name            origin    length      used     unused   attr    fill
----------------------  --------  ---------  --------  --------  ----  --------
  FLASH                 00000000   00040000  00001f88  0003e078  R  X
  SRAM                  20000000   00008000  000003d4  00007c2c  RW X


SEGMENT ALLOCATION MAP

run origin  load origin   length   init length attrs members
----------  ----------- ---------- ----------- ----- -------
00000000    00000000    00001f88   00001f88    r-x
  00000000    00000000    0000026c   0000026c    r-- .intvecs
  0000026c    0000026c    00001aa0   00001aa0    r-x .text
  00001d0c    00001d0c    0000022c   0000022c    r-- .const
  00001f38    00001f38    00000050   00000050    r-- .cinit
20000000    20000000    000003e0   00000000    rw-
  20000000    20000000    0000026c   00000000    rw- .vtable
  20000270    20000270    00000100   00000000    rw- .stack
  20000370    20000370    00000033   00000000    rw- .bss
  200003a4    200003a4    00000025   00000000    rw- .data
  200003d0    200003d0    00000010   00000000    rw- .sysmem


SECTION ALLOCATION MAP

 output                                  attributes/
section   page    origin      length       input sections
--------  ----  ----------  ----------   ----------------
.intvecs   0    00000000    0000026c     
                  00000000    0000026c     startup_ccs.obj (.intvecs)

.text      0    0000026c    00001aa0     
                  0000026c    00000310     main.obj (.text:Timer5IntHandler)
                  0000057c    00000278     main.obj (.text:main)
                  000007f4    00000235     icm20948.obj (.text:icm20948_accel_calibration)
                  00000a29    00000001     --HOLE-- [fill = 0]
                  00000a2a    00000002     startup_ccs.obj (.text:FaultISR)
                  00000a2c    000001ee     uartstdio.obj (.text:UARTvprintf)
                  00000c1a    00000002     startup_ccs.obj (.text:IntDefaultHandler)
                  00000c1c    00000150     icm20948.obj (.text:icm20948_gyro_calibration)
                  00000d6c    00000100     rtsv7M4_T_le_v4SPD16_eabi.lib : memory.c.obj (.text:aligned_alloc)
                  00000e6c    000000c4     spi.obj (.text:SPIInit)
                  00000f30    000000c4     driverlib.lib : sysctl.obj (.text:SysCtlClockGet)
                  00000ff4    0000009c     rtsv7M4_T_le_v4SPD16_eabi.lib : memcpy_t2.asm.obj (.text)
                  00001090    00000092     icm20948.obj (.text:icm20948_accel_read)
                  00001122    00000092     icm20948.obj (.text:icm20948_gyro_read)
                  000011b4    00000080     main.obj (.text:SW_int_init)
                  00001234    0000007a     rtsv7M4_T_le_v4SPD16_eabi.lib : memset_t2.asm.obj (.text)
                  000012ae    00000002     startup_ccs.obj (.text:NmiSR)
                  000012b0    00000078     icm20948.obj (.text:icm20948_wakeup)
                  00001328    00000070     main.obj (.text:ConfigureUART)
                  00001398    00000070     rtsv7M4_T_le_v4SPD16_eabi.lib : memory.c.obj (.text:split)
                  00001408    00000068                                   : copy_decompress_lzss.c.obj (.text:decompress:lzss:__TI_decompress_lzss)
                  00001470    00000064     main.obj (.text:timer5_init)
                  000014d4    00000060     driverlib.lib : interrupt.obj (.text:IntEnable)
                  00001534    00000060     uartstdio.obj (.text:UARTStdioConfig)
                  00001594    0000005c     icm20948.obj (.text:icm20948_accel_full_scale_select)
                  000015f0    0000005c     icm20948.obj (.text:icm20948_gyro_full_scale_select)
                  0000164c    0000005a     icm20948.obj (.text:icm20948_gyro_low_pass_filter)
                  000016a6    00000002     rtsv7M4_T_le_v4SPD16_eabi.lib : _lock.c.obj (.text:_nop)
                  000016a8    00000055     icm20948.obj (.text:icm20948_spi_slave_enable)
                  000016fd    00000001     --HOLE-- [fill = 0]
                  000016fe    00000002     rtsv7M4_T_le_v4SPD16_eabi.lib : div0.asm.obj (.text)
                  00001700    00000054     main.obj (.text:GPIOPortFHandler)
                  00001754    00000051     icm20948.obj (.text:icm20948_clock_source)
                  000017a5    00000003     --HOLE-- [fill = 0]
                  000017a8    00000050     icm20948.obj (.text:icm20948_device_reset)
                  000017f8    00000048     driverlib.lib : gpio.obj (.text:GPIOPinConfigure)
                  00001840    00000048     spi.obj (.text:ICM_SPI_Read)
                  00001888    00000048     uartstdio.obj (.text:UARTwrite)
                  000018d0    00000048     icm20948.obj (.text:icm20948_accel_read_g)
                  00001918    00000048     icm20948.obj (.text:icm20948_odr_align_enable)
                  00001960    00000046     icm20948.obj (.text:icm20948_init)
                  000019a6    00000002     --HOLE-- [fill = 0]
                  000019a8    00000044     spi.obj (.text:ICM_SPI_Write)
                  000019ec    00000044     rtsv7M4_T_le_v4SPD16_eabi.lib : autoinit.c.obj (.text:__TI_auto_init_nobinit_nopinit:__TI_auto_init_nobinit_nopinit)
                  00001a30    00000040                                   : u_divt2.asm.obj (.text)
                  00001a70    00000038     icm20948.obj (.text:icm20948_gyro_read_dps)
                  00001aa8    00000034     driverlib.lib : interrupt.obj (.text:IntRegister)
                  00001adc    00000034     rtsv7M4_T_le_v4SPD16_eabi.lib : boot_cortex_m.c.obj (.text:_c_int00_noargs:_c_int00_noargs)
                  00001b10    00000028                                   : memory.c.obj (.text:free_list_insert)
                  00001b38    00000020     spi.obj (.text:SPIDataRead)
                  00001b58    00000020     mmc-tm4c123g.obj (.text:disk_timerproc)
                  00001b78    0000001e     icm20948.obj (.text:icm20948_accel_sample_rate_divider)
                  00001b96    00000002     --HOLE-- [fill = 0]
                  00001b98    0000001c     spi.obj (.text:SPIDataWrite)
                  00001bb4    0000001c     driverlib.lib : systick.obj (.text:SysTickIntRegister)
                  00001bd0    0000001c                   : gpio.obj (.text:_GPIOIntNumberGet)
                  00001bec    0000001c     rtsv7M4_T_le_v4SPD16_eabi.lib : copy_zero_init.c.obj (.text:decompress:ZI:__TI_zero_init_nomemset:__TI_zero_init_nomemset)
                  00001c08    0000001c                                   : memory.c.obj (.text:free_list_remove)
                  00001c24    0000001a     uartstdio.obj (.text:UARTprintf)
                  00001c3e    0000001a     icm20948.obj (.text:icm20948_accel_low_pass_filter)
                  00001c58    00000018     driverlib.lib : gpio.obj (.text:GPIOIntRegister)
                  00001c70    00000018     main.obj (.text:SysTickHandler)
                  00001c88    00000014     icm20948.obj (.text:write_single_icm20948_reg)
                  00001c9c    00000012     driverlib.lib : ssi.obj (.text:SSIDataGetNonBlocking)
                  00001cae    00000010     icm20948.obj (.text:read_single_icm20948_reg)
                  00001cbe    0000000e     rtsv7M4_T_le_v4SPD16_eabi.lib : copy_decompress_none.c.obj (.text:decompress:none:__TI_decompress_none)
                  00001ccc    0000000c     driverlib.lib : gpio.obj (.text:GPIOIntEnable)
                  00001cd8    0000000a     icm20948.obj (.text:icm20948_gyro_sample_rate_divider)
                  00001ce2    00000008     rtsv7M4_T_le_v4SPD16_eabi.lib : memory.c.obj (.text:malloc)
                  00001cea    00000008     icm20948.obj (.text:select_user_bank)
                  00001cf2    00000006     driverlib.lib : gpio.obj (.text:GPIOIntClear)
                  00001cf8    00000006     startup_ccs.obj (.text:ResetISR)
                  00001cfe    00000006     driverlib.lib : uart.obj (.text:UARTClockSourceSet)
                  00001d04    00000004     rtsv7M4_T_le_v4SPD16_eabi.lib : pre_init.c.obj (.text:_system_pre_init)
                  00001d08    00000004                                   : exit.c.obj (.text:abort:abort)

.const     0    00001d0c    0000022c     
                  00001d0c    000000c0     driverlib.lib : gpio.obj (.const:g_ppui32GPIOIntMapBlizzard)
                  00001dcc    00000078                   : gpio.obj (.const:g_pui32GPIOBaseAddrs)
                  00001e44    00000070                   : interrupt.obj (.const)
                  00001eb4    0000006c                   : sysctl.obj (.const:g_pui32Xtals)
                  00001f20    0000000c     uartstdio.obj (.const:g_ui32UARTBase)
                  00001f2c    0000000c     uartstdio.obj (.const:g_ui32UARTPeriph)

.cinit     0    00001f38    00000050     
                  00001f38    00000016     (.cinit..data.load) [load image, compression = lzss]
                  00001f4e    00000002     --HOLE-- [fill = 0]
                  00001f50    0000000c     (__TI_handler_table)
                  00001f5c    00000004     --HOLE-- [fill = 0]
                  00001f60    00000008     (.cinit..bss.load) [load image, compression = zero_init]
                  00001f68    00000008     (.cinit..vtable.load) [load image, compression = zero_init]
                  00001f70    00000018     (__TI_cinit_table)

.init_array 
*          0    00000000    00000000     UNINITIALIZED

.vtable    0    20000000    0000026c     UNINITIALIZED
                  20000000    0000026c     driverlib.lib : interrupt.obj (.vtable)

.stack     0    20000270    00000100     UNINITIALIZED
                  20000270    00000004     rtsv7M4_T_le_v4SPD16_eabi.lib : boot_cortex_m.c.obj (.stack)
                  20000274    000000fc     --HOLE--

.bss       0    20000370    00000033     UNINITIALIZED
                  20000370    0000000c     (.common:accel_axises)
                  2000037c    0000000c     (.common:gyro_axises)
                  20000388    00000008     icm20948.obj (.bss)
                  20000390    00000006     main.obj (.bss:accel_sign$3)
                  20000396    00000006     main.obj (.bss:gyro_sign$2)
                  2000039c    00000004     (.common:bufferA)
                  200003a0    00000003     mmc-tm4c123g.obj (.bss)

.data      0    200003a4    00000025     UNINITIALIZED
                  200003a4    00000010     main.obj (.data)
                  200003b4    00000008     rtsv7M4_T_le_v4SPD16_eabi.lib : _lock.c.obj (.data:$O1$$)
                  200003bc    00000008                                   : memory.c.obj (.data:$O1$$)
                  200003c4    00000005     uartstdio.obj (.data)

.sysmem    0    200003d0    00000010     UNINITIALIZED
                  200003d0    00000010     rtsv7M4_T_le_v4SPD16_eabi.lib : memory.c.obj (.sysmem)

__llvm_prf_cnts 
*          0    20000000    00000000     UNINITIALIZED

MODULE SUMMARY

       Module                       code   ro data   rw data
       ------                       ----   -------   -------
    .\
       icm20948.obj                 2213   0         8      
       main.obj                     1864   0         56     
       startup_ccs.obj              12     620       0      
       spi.obj                      396    0         0      
       mmc-tm4c123g.obj             32     0         3      
    +--+----------------------------+------+---------+---------+
       Total:                       4517   620       67     
                                                            
    .\utils\
       uartstdio.obj                688    24        5      
    +--+----------------------------+------+---------+---------+
       Total:                       688    24        5      
                                                            
    C:/ti/TivaWare_C_Series-1.1/driverlib/ccs/Debug/driverlib.lib
       interrupt.obj                148    112       620    
       gpio.obj                     142    312       0      
       sysctl.obj                   196    108       0      
       systick.obj                  28     0         0      
       ssi.obj                      18     0         0      
       uart.obj                     6      0         0      
    +--+----------------------------+------+---------+---------+
       Total:                       538    532       620    
                                                            
    D:\ti\ccs1240\ccs\tools\compiler\ti-cgt-arm_20.2.7.LTS\lib\rtsv7M4_T_le_v4SPD16_eabi.lib
       memory.c.obj                 444    0         8      
       memcpy_t2.asm.obj            156    0         0      
       memset_t2.asm.obj            122    0         0      
       copy_decompress_lzss.c.obj   104    0         0      
       autoinit.c.obj               68     0         0      
       u_divt2.asm.obj              64     0         0      
       boot_cortex_m.c.obj          52     0         0      
       copy_zero_init.c.obj         28     0         0      
       copy_decompress_none.c.obj   14     0         0      
       _lock.c.obj                  2      0         8      
       exit.c.obj                   4      0         0      
       pre_init.c.obj               4      0         0      
       div0.asm.obj                 2      0         0      
    +--+----------------------------+------+---------+---------+
       Total:                       1064   0         16     
                                                            
       Heap:                        0      0         16     
       Stack:                       0      0         256    
       Linker Generated:            0      74        0      
    +--+----------------------------+------+---------+---------+
       Grand Total:                 6807   1250      980    


LINKER GENERATED COPY TABLES

__TI_cinit_table @ 00001f70 records: 3, size/record: 8, table size: 24
	.data: load addr=00001f38, load size=00000016 bytes, run addr=200003a4, run size=00000025 bytes, compression=lzss
	.bss: load addr=00001f60, load size=00000008 bytes, run addr=20000370, run size=00000033 bytes, compression=zero_init
	.vtable: load addr=00001f68, load size=00000008 bytes, run addr=20000000, run size=0000026c bytes, compression=zero_init


LINKER GENERATED HANDLER TABLE

__TI_handler_table @ 00001f50 records: 3, size/record: 4, table size: 12
	index: 0, handler: __TI_zero_init
	index: 1, handler: __TI_decompress_lzss
	index: 2, handler: __TI_decompress_none


GLOBAL SYMBOLS: SORTED ALPHABETICALLY BY Name 

address   name                              
-------   ----                              
00001d09  C$$EXIT                           
00001329  ConfigureUART                     
00001cf3  GPIOIntClear                      
00001ccd  GPIOIntEnable                     
00001c59  GPIOIntRegister                   
000017f9  GPIOPinConfigure                  
200003a4  GPIOPinStatus                     
00001701  GPIOPortFHandler                  
00001841  ICM_SPI_Read                      
000019a9  ICM_SPI_Write                     
000014d5  IntEnable                         
00001aa9  IntRegister                       
00001cf9  ResetISR                          
00001b39  SPIDataRead                       
00001b99  SPIDataWrite                      
00000e6d  SPIInit                           
00001c9d  SSIDataGetNonBlocking             
000011b5  SW_int_init                       
00000f31  SysCtlClockGet                    
00001c71  SysTickHandler                    
00001bb5  SysTickIntRegister                
0000026d  Timer5IntHandler                  
00001cff  UARTClockSourceSet                
00001535  UARTStdioConfig                   
00001c25  UARTprintf                        
00000a2d  UARTvprintf                       
00001889  UARTwrite                         
20000370  __STACK_END                       
00000100  __STACK_SIZE                      
20000470  __STACK_TOP                       
00000010  __SYSMEM_SIZE                     
00001f70  __TI_CINIT_Base                   
00001f88  __TI_CINIT_Limit                  
00001f50  __TI_Handler_Table_Base           
00001f5c  __TI_Handler_Table_Limit          
000019ed  __TI_auto_init_nobinit_nopinit    
00001409  __TI_decompress_lzss              
00001cbf  __TI_decompress_none              
ffffffff  __TI_pprof_out_hndl               
ffffffff  __TI_prof_data_size               
ffffffff  __TI_prof_data_start              
00000000  __TI_static_base__                
00001bed  __TI_zero_init_nomemset           
000016ff  __aeabi_idiv0                     
000016ff  __aeabi_ldiv0                     
00001235  __aeabi_memclr                    
00001235  __aeabi_memclr4                   
00001235  __aeabi_memclr8                   
00000ff5  __aeabi_memcpy                    
00000ff5  __aeabi_memcpy4                   
00000ff5  __aeabi_memcpy8                   
00001237  __aeabi_memset                    
00001237  __aeabi_memset4                   
00001237  __aeabi_memset8                   
00001a31  __aeabi_uidiv                     
00001a31  __aeabi_uidivmod                  
ffffffff  __binit__                         
ffffffff  __c_args__                        
UNDEFED   __mpu_init                        
20000270  __stack                           
20000000  __start___llvm_prf_cnts           
20000000  __stop___llvm_prf_cnts            
00001add  _c_int00_noargs                   
200003b4  _lock                             
000016a7  _nop                              
200003d0  _sys_memory                       
UNDEFED   _system_post_cinit                
00001d05  _system_pre_init                  
200003b8  _unlock                           
00001d09  abort                             
20000370  accel_axises                      
00000d6d  aligned_alloc                     
ffffffff  binit                             
2000039c  bufferA                           
200003ac  buffer_size                       
00001b59  disk_timerproc                    
20000000  g_pfnRAMVectors                   
00000000  g_pfnVectors                      
2000037c  gyro_axises                       
000007f5  icm20948_accel_calibration        
00001595  icm20948_accel_full_scale_select  
00001c3f  icm20948_accel_low_pass_filter    
00001091  icm20948_accel_read               
000018d1  icm20948_accel_read_g             
00001b79  icm20948_accel_sample_rate_divider
00001755  icm20948_clock_source             
000017a9  icm20948_device_reset             
00000c1d  icm20948_gyro_calibration         
000015f1  icm20948_gyro_full_scale_select   
0000164d  icm20948_gyro_low_pass_filter     
00001123  icm20948_gyro_read                
00001a71  icm20948_gyro_read_dps            
00001cd9  icm20948_gyro_sample_rate_divider 
00001961  icm20948_init                     
00001919  icm20948_odr_align_enable         
000016a9  icm20948_spi_slave_enable         
000012b1  icm20948_wakeup                   
0000057d  main                              
00001ce3  malloc                            
00000d6d  memalign                          
00000ff5  memcpy                            
0000123d  memset                            
00001caf  read_single_icm20948_reg          
200003b0  sample_nums                       
200003a8  stop                              
00001471  timer5_init                       
00001c89  write_single_icm20948_reg         


GLOBAL SYMBOLS: SORTED BY Symbol Address 

address   name                              
-------   ----                              
00000000  __TI_static_base__                
00000000  g_pfnVectors                      
00000010  __SYSMEM_SIZE                     
00000100  __STACK_SIZE                      
0000026d  Timer5IntHandler                  
0000057d  main                              
000007f5  icm20948_accel_calibration        
00000a2d  UARTvprintf                       
00000c1d  icm20948_gyro_calibration         
00000d6d  aligned_alloc                     
00000d6d  memalign                          
00000e6d  SPIInit                           
00000f31  SysCtlClockGet                    
00000ff5  __aeabi_memcpy                    
00000ff5  __aeabi_memcpy4                   
00000ff5  __aeabi_memcpy8                   
00000ff5  memcpy                            
00001091  icm20948_accel_read               
00001123  icm20948_gyro_read                
000011b5  SW_int_init                       
00001235  __aeabi_memclr                    
00001235  __aeabi_memclr4                   
00001235  __aeabi_memclr8                   
00001237  __aeabi_memset                    
00001237  __aeabi_memset4                   
00001237  __aeabi_memset8                   
0000123d  memset                            
000012b1  icm20948_wakeup                   
00001329  ConfigureUART                     
00001409  __TI_decompress_lzss              
00001471  timer5_init                       
000014d5  IntEnable                         
00001535  UARTStdioConfig                   
00001595  icm20948_accel_full_scale_select  
000015f1  icm20948_gyro_full_scale_select   
0000164d  icm20948_gyro_low_pass_filter     
000016a7  _nop                              
000016a9  icm20948_spi_slave_enable         
000016ff  __aeabi_idiv0                     
000016ff  __aeabi_ldiv0                     
00001701  GPIOPortFHandler                  
00001755  icm20948_clock_source             
000017a9  icm20948_device_reset             
000017f9  GPIOPinConfigure                  
00001841  ICM_SPI_Read                      
00001889  UARTwrite                         
000018d1  icm20948_accel_read_g             
00001919  icm20948_odr_align_enable         
00001961  icm20948_init                     
000019a9  ICM_SPI_Write                     
000019ed  __TI_auto_init_nobinit_nopinit    
00001a31  __aeabi_uidiv                     
00001a31  __aeabi_uidivmod                  
00001a71  icm20948_gyro_read_dps            
00001aa9  IntRegister                       
00001add  _c_int00_noargs                   
00001b39  SPIDataRead                       
00001b59  disk_timerproc                    
00001b79  icm20948_accel_sample_rate_divider
00001b99  SPIDataWrite                      
00001bb5  SysTickIntRegister                
00001bed  __TI_zero_init_nomemset           
00001c25  UARTprintf                        
00001c3f  icm20948_accel_low_pass_filter    
00001c59  GPIOIntRegister                   
00001c71  SysTickHandler                    
00001c89  write_single_icm20948_reg         
00001c9d  SSIDataGetNonBlocking             
00001caf  read_single_icm20948_reg          
00001cbf  __TI_decompress_none              
00001ccd  GPIOIntEnable                     
00001cd9  icm20948_gyro_sample_rate_divider 
00001ce3  malloc                            
00001cf3  GPIOIntClear                      
00001cf9  ResetISR                          
00001cff  UARTClockSourceSet                
00001d05  _system_pre_init                  
00001d09  C$$EXIT                           
00001d09  abort                             
00001f50  __TI_Handler_Table_Base           
00001f5c  __TI_Handler_Table_Limit          
00001f70  __TI_CINIT_Base                   
00001f88  __TI_CINIT_Limit                  
20000000  __start___llvm_prf_cnts           
20000000  __stop___llvm_prf_cnts            
20000000  g_pfnRAMVectors                   
20000270  __stack                           
20000370  __STACK_END                       
20000370  accel_axises                      
2000037c  gyro_axises                       
2000039c  bufferA                           
200003a4  GPIOPinStatus                     
200003a8  stop                              
200003ac  buffer_size                       
200003b0  sample_nums                       
200003b4  _lock                             
200003b8  _unlock                           
200003d0  _sys_memory                       
20000470  __STACK_TOP                       
ffffffff  __TI_pprof_out_hndl               
ffffffff  __TI_prof_data_size               
ffffffff  __TI_prof_data_start              
ffffffff  __binit__                         
ffffffff  __c_args__                        
ffffffff  binit                             
UNDEFED   __mpu_init                        
UNDEFED   _system_post_cinit                

[107 symbols]
