******************************************************************************
                  TI ARM Linker PC v20.2.7                     
******************************************************************************
>> Linked Tue Oct 10 15:09:12 2023

OUTPUT FILE NAME:   <ICM_20948_SPI.out>
ENTRY POINT SYMBOL: "_c_int00_noargs"  address: 00002d2d


MEMORY CONFIGURATION

         name            origin    length      used     unused   attr    fill
----------------------  --------  ---------  --------  --------  ----  --------
  FLASH                 00000000   00040000  000033dc  0003cc24  R  X
  SRAM                  20000000   00008000  00000831  000077cf  RW X


SEGMENT ALLOCATION MAP

run origin  load origin   length   init length attrs members
----------  ----------- ---------- ----------- ----- -------
00000000    00000000    000033e0   000033e0    r-x
  00000000    00000000    0000026c   0000026c    r-- .intvecs
  0000026c    0000026c    00002ef4   00002ef4    r-x .text
  00003160    00003160    0000022c   0000022c    r-- .const
  00003390    00003390    00000050   00000050    r-- .cinit
20000000    20000000    00000838   00000000    rw-
  20000000    20000000    0000026c   00000000    rw- .vtable
  2000026c    2000026c    00000492   00000000    rw- .bss
  20000700    20000700    00000100   00000000    rw- .stack
  20000800    20000800    00000023   00000000    rw- .data
  20000828    20000828    00000010   00000000    rw- .sysmem


SECTION ALLOCATION MAP

 output                                  attributes/
section   page    origin      length       input sections
--------  ----  ----------  ----------   ----------------
.intvecs   0    00000000    0000026c     
                  00000000    0000026c     startup_ccs.obj (.intvecs)

.text      0    0000026c    00002ef4     
                  0000026c    00000308     ff.obj (.text:chk_mounted)
                  00000574    00000304     main.obj (.text:Timer5IntHandler)
                  00000878    000002e0     main.obj (.text:main)
                  00000b58    00000235     icm20948.obj (.text:icm20948_accel_calibration)
                  00000d8d    00000001     --HOLE-- [fill = 0]
                  00000d8e    00000002     startup_ccs.obj (.text:FaultISR)
                  00000d90    000001ee     uartstdio.obj (.text:UARTvprintf)
                  00000f7e    00000002     startup_ccs.obj (.text:IntDefaultHandler)
                  00000f80    00000150     icm20948.obj (.text:icm20948_gyro_calibration)
                  000010d0    00000148     ff.obj (.text:f_open)
                  00001218    00000140     mmc-tm4c123g.obj (.text:disk_initialize)
                  00001358    0000012b     ff.obj (.text:create_name)
                  00001483    00000001     --HOLE-- [fill = 0]
                  00001484    00000104     driverlib.lib : sysctl.obj (.text:SysCtlClockSet)
                  00001588    00000100     rtsv7M4_T_le_v4SPD16_eabi.lib : memory.c.obj (.text:aligned_alloc)
                  00001688    000000f8     ff.obj (.text:dir_next)
                  00001780    000000ec     mmc-tm4c123g.obj (.text:power_on)
                  0000186c    000000e2     ff.obj (.text:put_fat)
                  0000194e    00000002     startup_ccs.obj (.text:NmiSR)
                  00001950    000000e0     spi.obj (.text:SPIInit)
                  00001a30    000000cc     ff.obj (.text:get_fat)
                  00001afc    000000c4     driverlib.lib : sysctl.obj (.text:SysCtlClockGet)
                  00001bc0    000000b8     mmc-tm4c123g.obj (.text:disk_write)
                  00001c78    0000009c     rtsv7M4_T_le_v4SPD16_eabi.lib : memcpy_t2.asm.obj (.text)
                  00001d14    00000098     ff.obj (.text:create_chain)
                  00001dac    00000092     icm20948.obj (.text:icm20948_accel_read)
                  00001e3e    00000092     icm20948.obj (.text:icm20948_gyro_read)
                  00001ed0    00000090     mmc-tm4c123g.obj (.text:disk_read)
                  00001f60    0000008c     main.obj (.text:timer5_init)
                  00001fec    0000007c     main.obj (.text:SW_int_init)
                  00002068    0000007c     ff.obj (.text:dir_sdi)
                  000020e4    0000007a     rtsv7M4_T_le_v4SPD16_eabi.lib : memset_t2.asm.obj (.text)
                  0000215e    00000002                                   : _lock.c.obj (.text:_nop)
                  00002160    00000078     icm20948.obj (.text:icm20948_wakeup)
                  000021d8    00000074     ff.obj (.text:check_fs)
                  0000224c    00000070     main.obj (.text:ConfigureUART)
                  000022bc    00000070     rtsv7M4_T_le_v4SPD16_eabi.lib : memory.c.obj (.text:split)
                  0000232c    00000068                                   : copy_decompress_lzss.c.obj (.text:decompress:lzss:__TI_decompress_lzss)
                  00002394    00000066     mmc-tm4c123g.obj (.text:send_cmd)
                  000023fa    00000064     ff.obj (.text:follow_path)
                  0000245e    00000062     ff.obj (.text:remove_chain)
                  000024c0    00000060     driverlib.lib : interrupt.obj (.text:IntEnable)
                  00002520    00000060     uartstdio.obj (.text:UARTStdioConfig)
                  00002580    00000060     mmc-tm4c123g.obj (.text:send_initial_clock_train)
                  000025e0    0000005c     icm20948.obj (.text:icm20948_accel_full_scale_select)
                  0000263c    0000005c     icm20948.obj (.text:icm20948_gyro_full_scale_select)
                  00002698    0000005a     icm20948.obj (.text:icm20948_gyro_low_pass_filter)
                  000026f2    00000056     ff.obj (.text:sync_window)
                  00002748    00000055     icm20948.obj (.text:icm20948_spi_slave_enable)
                  0000279d    00000001     --HOLE-- [fill = 0]
                  0000279e    00000002     rtsv7M4_T_le_v4SPD16_eabi.lib : div0.asm.obj (.text)
                  000027a0    00000054     main.obj (.text:GPIOPortFHandler)
                  000027f4    00000054     mmc-tm4c123g.obj (.text:set_max_speed)
                  00002848    00000052     mmc-tm4c123g.obj (.text:xmit_datablock)
                  0000289a    00000002     --HOLE-- [fill = 0]
                  0000289c    00000051     icm20948.obj (.text:icm20948_clock_source)
                  000028ed    00000003     --HOLE-- [fill = 0]
                  000028f0    00000050     icm20948.obj (.text:icm20948_device_reset)
                  00002940    00000048     driverlib.lib : gpio.obj (.text:GPIOPinConfigure)
                  00002988    00000048     spi.obj (.text:ICM_SPI_Read)
                  000029d0    00000048     uartstdio.obj (.text:UARTwrite)
                  00002a18    00000048     ff.obj (.text:dir_find)
                  00002a60    00000048     icm20948.obj (.text:icm20948_accel_read_g)
                  00002aa8    00000048     icm20948.obj (.text:icm20948_odr_align_enable)
                  00002af0    00000048     mmc-tm4c123g.obj (.text:rcvr_datablock)
                  00002b38    00000046     icm20948.obj (.text:icm20948_init)
                  00002b7e    00000002     --HOLE-- [fill = 0]
                  00002b80    00000044     spi.obj (.text:ICM_SPI_Write)
                  00002bc4    00000044     rtsv7M4_T_le_v4SPD16_eabi.lib : autoinit.c.obj (.text:__TI_auto_init_nobinit_nopinit:__TI_auto_init_nobinit_nopinit)
                  00002c08    00000040                                   : u_divt2.asm.obj (.text)
                  00002c48    0000003e     ff.obj (.text:dir_alloc)
                  00002c86    00000038     ff.obj (.text:dir_register)
                  00002cbe    00000002     --HOLE-- [fill = 0]
                  00002cc0    00000038     icm20948.obj (.text:icm20948_gyro_read_dps)
                  00002cf8    00000034     driverlib.lib : interrupt.obj (.text:IntRegister)
                  00002d2c    00000034     rtsv7M4_T_le_v4SPD16_eabi.lib : boot_cortex_m.c.obj (.text:_c_int00_noargs:_c_int00_noargs)
                  00002d60    00000032     mmc-tm4c123g.obj (.text:send_cmd12)
                  00002d92    0000002e     ff.obj (.text:move_window)
                  00002dc0    0000002c     ff.obj (.text:f_mount)
                  00002dec    0000002c     mmc-tm4c123g.obj (.text:rcvr_spi)
                  00002e18    00000028     rtsv7M4_T_le_v4SPD16_eabi.lib : memory.c.obj (.text:free_list_insert)
                  00002e40    00000024     mmc-tm4c123g.obj (.text:xmit_spi)
                  00002e64    00000020     spi.obj (.text:SPIDataRead)
                  00002e84    00000020     mmc-tm4c123g.obj (.text:disk_timerproc)
                  00002ea4    00000020     mmc-tm4c123g.obj (.text:wait_ready)
                  00002ec4    0000001e     icm20948.obj (.text:icm20948_accel_sample_rate_divider)
                  00002ee2    0000001e     ff.obj (.text:ld_clust)
                  00002f00    0000001c     mmc-tm4c123g.obj (.text:DESELECT)
                  00002f1c    0000001c     mmc-tm4c123g.obj (.text:SELECT)
                  00002f38    0000001c     spi.obj (.text:SPIDataWrite)
                  00002f54    0000001c     driverlib.lib : systick.obj (.text:SysTickIntRegister)
                  00002f70    0000001c                   : gpio.obj (.text:_GPIOIntNumberGet)
                  00002f8c    0000001c     rtsv7M4_T_le_v4SPD16_eabi.lib : memory.c.obj (.text:free_list_remove)
                  00002fa8    0000001c     ff.obj (.text:mem_cmp)
                  00002fc4    0000001a     uartstdio.obj (.text:UARTprintf)
                  00002fde    0000001a     icm20948.obj (.text:icm20948_accel_low_pass_filter)
                  00002ff8    00000018     driverlib.lib : gpio.obj (.text:GPIOIntRegister)
                  00003010    00000018     main.obj (.text:SysTickHandler)
                  00003028    00000018     ff.obj (.text:clust2sect)
                  00003040    00000016     ff.obj (.text:mem_cpy)
                  00003056    00000014     ff.obj (.text:mem_set)
                  0000306a    00000014     icm20948.obj (.text:write_single_icm20948_reg)
                  0000307e    00000012     driverlib.lib : ssi.obj (.text:SSIDataGetNonBlocking)
                  00003090    00000012     ff.obj (.text:chk_chr)
                  000030a2    00000002     --HOLE-- [fill = 0]
                  000030a4    00000010     mmc-tm4c123g.obj (.text:disk_status)
                  000030b4    00000010     icm20948.obj (.text:read_single_icm20948_reg)
                  000030c4    00000010     ff.obj (.text:st_clust)
                  000030d4    0000000e     rtsv7M4_T_le_v4SPD16_eabi.lib : copy_decompress_none.c.obj (.text:decompress:none:__TI_decompress_none)
                  000030e2    0000000c     driverlib.lib : gpio.obj (.text:GPIOIntEnable)
                  000030ee    0000000c     rtsv7M4_T_le_v4SPD16_eabi.lib : copy_zero_init.c.obj (.text:decompress:ZI:__TI_zero_init)
                  000030fa    00000002     --HOLE-- [fill = 0]
                  000030fc    0000000c     mmc-tm4c123g.obj (.text:power_off)
                  00003108    0000000c     mmc-tm4c123g.obj (.text:rcvr_spi_m)
                  00003114    0000000a     icm20948.obj (.text:icm20948_gyro_sample_rate_divider)
                  0000311e    00000002     --HOLE-- [fill = 0]
                  00003120    00000008     mmc-tm4c123g.obj (.text:get_fattime)
                  00003128    00000008     icm20948.obj (.text:icm20948_who_am_i)
                  00003130    00000008     rtsv7M4_T_le_v4SPD16_eabi.lib : memory.c.obj (.text:malloc)
                  00003138    00000008     icm20948.obj (.text:select_user_bank)
                  00003140    00000006     driverlib.lib : gpio.obj (.text:GPIOIntClear)
                  00003146    00000006     startup_ccs.obj (.text:ResetISR)
                  0000314c    00000006     driverlib.lib : sysctl.obj (.text:SysCtlDelay)
                  00003152    00000006                   : uart.obj (.text:UARTClockSourceSet)
                  00003158    00000004     rtsv7M4_T_le_v4SPD16_eabi.lib : pre_init.c.obj (.text:_system_pre_init)
                  0000315c    00000004                                   : exit.c.obj (.text:abort:abort)

.const     0    00003160    0000022c     
                  00003160    000000c0     driverlib.lib : gpio.obj (.const:g_ppui32GPIOIntMapBlizzard)
                  00003220    00000078                   : gpio.obj (.const:g_pui32GPIOBaseAddrs)
                  00003298    00000070                   : interrupt.obj (.const)
                  00003308    0000006c                   : sysctl.obj (.const:g_pui32Xtals)
                  00003374    0000000c     uartstdio.obj (.const:g_ui32UARTBase)
                  00003380    0000000c     uartstdio.obj (.const:g_ui32UARTPeriph)

.cinit     0    00003390    00000050     
                  00003390    00000017     (.cinit..data.load) [load image, compression = lzss]
                  000033a7    00000001     --HOLE-- [fill = 0]
                  000033a8    0000000c     (__TI_handler_table)
                  000033b4    00000004     --HOLE-- [fill = 0]
                  000033b8    00000008     (.cinit..bss.load) [load image, compression = zero_init]
                  000033c0    00000008     (.cinit..vtable.load) [load image, compression = zero_init]
                  000033c8    00000018     (__TI_cinit_table)

.init_array 
*          0    00000000    00000000     UNINITIALIZED

.vtable    0    20000000    0000026c     UNINITIALIZED
                  20000000    0000026c     driverlib.lib : interrupt.obj (.vtable)

.bss       0    2000026c    00000492     UNINITIALIZED
                  2000026c    00000234     (.common:fatfs)
                  200004a0    00000224     (.common:fil)
                  200006c4    0000000c     (.common:accel_axises)
                  200006d0    0000000c     (.common:gyro_axises)
                  200006dc    00000008     icm20948.obj (.bss)
                  200006e4    00000006     main.obj (.bss:accel_sign$3)
                  200006ea    00000006     main.obj (.bss:gyro_sign$2)
                  200006f0    00000004     ff.obj (.bss:FatFs)
                  200006f4    00000004     (.common:bufferA)
                  200006f8    00000003     mmc-tm4c123g.obj (.bss)
                  200006fb    00000001     (.common:rc)
                  200006fc    00000002     ff.obj (.bss)

.stack     0    20000700    00000100     UNINITIALIZED
                  20000700    00000004     rtsv7M4_T_le_v4SPD16_eabi.lib : boot_cortex_m.c.obj (.stack)
                  20000704    000000fc     --HOLE--

.data      0    20000800    00000023     UNINITIALIZED
                  20000800    0000000c     main.obj (.data)
                  2000080c    00000008     rtsv7M4_T_le_v4SPD16_eabi.lib : _lock.c.obj (.data:$O1$$)
                  20000814    00000008                                   : memory.c.obj (.data:$O1$$)
                  2000081c    00000005     uartstdio.obj (.data)
                  20000821    00000002     mmc-tm4c123g.obj (.data)

.sysmem    0    20000828    00000010     UNINITIALIZED
                  20000828    00000010     rtsv7M4_T_le_v4SPD16_eabi.lib : memory.c.obj (.sysmem)

__llvm_prf_cnts 
*          0    20000000    00000000     UNINITIALIZED

MODULE SUMMARY

       Module                       code    ro data   rw data
       ------                       ----    -------   -------
    .\
       ff.obj                       3195    0         6      
       main.obj                     1992    0         1165   
       icm20948.obj                 2221    0         8      
       mmc-tm4c123g.obj             1618    0         5      
       startup_ccs.obj              12      620       0      
       spi.obj                      424     0         0      
    +--+----------------------------+-------+---------+---------+
       Total:                       9462    620       1184   
                                                             
    .\utils\
       uartstdio.obj                688     24        5      
    +--+----------------------------+-------+---------+---------+
       Total:                       688     24        5      
                                                             
    C:/ti/TivaWare_C_Series-1.1/driverlib/ccs/Debug/driverlib.lib
       interrupt.obj                148     112       620    
       sysctl.obj                   462     108       0      
       gpio.obj                     142     312       0      
       systick.obj                  28      0         0      
       ssi.obj                      18      0         0      
       uart.obj                     6       0         0      
    +--+----------------------------+-------+---------+---------+
       Total:                       804     532       620    
                                                             
    D:\ti\ccs1240\ccs\tools\compiler\ti-cgt-arm_20.2.7.LTS\lib\rtsv7M4_T_le_v4SPD16_eabi.lib
       memory.c.obj                 444     0         8      
       memcpy_t2.asm.obj            156     0         0      
       memset_t2.asm.obj            122     0         0      
       copy_decompress_lzss.c.obj   104     0         0      
       autoinit.c.obj               68      0         0      
       u_divt2.asm.obj              64      0         0      
       boot_cortex_m.c.obj          52      0         0      
       copy_decompress_none.c.obj   14      0         0      
       copy_zero_init.c.obj         12      0         0      
       _lock.c.obj                  2       0         8      
       exit.c.obj                   4       0         0      
       pre_init.c.obj               4       0         0      
       div0.asm.obj                 2       0         0      
    +--+----------------------------+-------+---------+---------+
       Total:                       1048    0         16     
                                                             
       Heap:                        0       0         16     
       Stack:                       0       0         256    
       Linker Generated:            0       75        0      
    +--+----------------------------+-------+---------+---------+
       Grand Total:                 12002   1251      2097   


LINKER GENERATED COPY TABLES

__TI_cinit_table @ 000033c8 records: 3, size/record: 8, table size: 24
	.data: load addr=00003390, load size=00000017 bytes, run addr=20000800, run size=00000023 bytes, compression=lzss
	.bss: load addr=000033b8, load size=00000008 bytes, run addr=2000026c, run size=00000492 bytes, compression=zero_init
	.vtable: load addr=000033c0, load size=00000008 bytes, run addr=20000000, run size=0000026c bytes, compression=zero_init


LINKER GENERATED HANDLER TABLE

__TI_handler_table @ 000033a8 records: 3, size/record: 4, table size: 12
	index: 0, handler: __TI_zero_init
	index: 1, handler: __TI_decompress_lzss
	index: 2, handler: __TI_decompress_none


GLOBAL SYMBOLS: SORTED ALPHABETICALLY BY Name 

address   name                              
-------   ----                              
0000315d  C$$EXIT                           
0000224d  ConfigureUART                     
00003141  GPIOIntClear                      
000030e3  GPIOIntEnable                     
00002ff9  GPIOIntRegister                   
00002941  GPIOPinConfigure                  
20000800  GPIOPinStatus                     
000027a1  GPIOPortFHandler                  
00002989  ICM_SPI_Read                      
00002b81  ICM_SPI_Write                     
000024c1  IntEnable                         
00002cf9  IntRegister                       
00003147  ResetISR                          
00002e65  SPIDataRead                       
00002f39  SPIDataWrite                      
00001951  SPIInit                           
0000307f  SSIDataGetNonBlocking             
00001fed  SW_int_init                       
00001afd  SysCtlClockGet                    
00001485  SysCtlClockSet                    
0000314d  SysCtlDelay                       
00003011  SysTickHandler                    
00002f55  SysTickIntRegister                
00000575  Timer5IntHandler                  
00003153  UARTClockSourceSet                
00002521  UARTStdioConfig                   
00002fc5  UARTprintf                        
00000d91  UARTvprintf                       
000029d1  UARTwrite                         
20000800  __STACK_END                       
00000100  __STACK_SIZE                      
20000900  __STACK_TOP                       
00000010  __SYSMEM_SIZE                     
000033c8  __TI_CINIT_Base                   
000033e0  __TI_CINIT_Limit                  
000033a8  __TI_Handler_Table_Base           
000033b4  __TI_Handler_Table_Limit          
00002bc5  __TI_auto_init_nobinit_nopinit    
0000232d  __TI_decompress_lzss              
000030d5  __TI_decompress_none              
ffffffff  __TI_pprof_out_hndl               
ffffffff  __TI_prof_data_size               
ffffffff  __TI_prof_data_start              
00000000  __TI_static_base__                
000030ef  __TI_zero_init                    
0000279f  __aeabi_idiv0                     
0000279f  __aeabi_ldiv0                     
000020e5  __aeabi_memclr                    
000020e5  __aeabi_memclr4                   
000020e5  __aeabi_memclr8                   
00001c79  __aeabi_memcpy                    
00001c79  __aeabi_memcpy4                   
00001c79  __aeabi_memcpy8                   
000020e7  __aeabi_memset                    
000020e7  __aeabi_memset4                   
000020e7  __aeabi_memset8                   
00002c09  __aeabi_uidiv                     
00002c09  __aeabi_uidivmod                  
ffffffff  __binit__                         
ffffffff  __c_args__                        
UNDEFED   __mpu_init                        
20000700  __stack                           
20000000  __start___llvm_prf_cnts           
20000000  __stop___llvm_prf_cnts            
00002d2d  _c_int00_noargs                   
2000080c  _lock                             
0000215f  _nop                              
20000828  _sys_memory                       
UNDEFED   _system_post_cinit                
00003159  _system_pre_init                  
20000810  _unlock                           
0000315d  abort                             
200006c4  accel_axises                      
00001589  aligned_alloc                     
ffffffff  binit                             
200006f4  bufferA                           
20000808  buffer_size                       
00003029  clust2sect                        
00001219  disk_initialize                   
00001ed1  disk_read                         
000030a5  disk_status                       
00002e85  disk_timerproc                    
00001bc1  disk_write                        
00002dc1  f_mount                           
000010d1  f_open                            
2000026c  fatfs                             
200004a0  fil                               
20000000  g_pfnRAMVectors                   
00000000  g_pfnVectors                      
00001a31  get_fat                           
00003121  get_fattime                       
200006d0  gyro_axises                       
00000b59  icm20948_accel_calibration        
000025e1  icm20948_accel_full_scale_select  
00002fdf  icm20948_accel_low_pass_filter    
00001dad  icm20948_accel_read               
00002a61  icm20948_accel_read_g             
00002ec5  icm20948_accel_sample_rate_divider
0000289d  icm20948_clock_source             
000028f1  icm20948_device_reset             
00000f81  icm20948_gyro_calibration         
0000263d  icm20948_gyro_full_scale_select   
00002699  icm20948_gyro_low_pass_filter     
00001e3f  icm20948_gyro_read                
00002cc1  icm20948_gyro_read_dps            
00003115  icm20948_gyro_sample_rate_divider 
00002b39  icm20948_init                     
00002aa9  icm20948_odr_align_enable         
00002749  icm20948_spi_slave_enable         
00002161  icm20948_wakeup                   
00003129  icm20948_who_am_i                 
00000879  main                              
00003131  malloc                            
00001589  memalign                          
00001c79  memcpy                            
000020ed  memset                            
0000186d  put_fat                           
200006fb  rc                                
000030b5  read_single_icm20948_reg          
20000804  stop                              
00001f61  timer5_init                       
0000306b  write_single_icm20948_reg         


GLOBAL SYMBOLS: SORTED BY Symbol Address 

address   name                              
-------   ----                              
00000000  __TI_static_base__                
00000000  g_pfnVectors                      
00000010  __SYSMEM_SIZE                     
00000100  __STACK_SIZE                      
00000575  Timer5IntHandler                  
00000879  main                              
00000b59  icm20948_accel_calibration        
00000d91  UARTvprintf                       
00000f81  icm20948_gyro_calibration         
000010d1  f_open                            
00001219  disk_initialize                   
00001485  SysCtlClockSet                    
00001589  aligned_alloc                     
00001589  memalign                          
0000186d  put_fat                           
00001951  SPIInit                           
00001a31  get_fat                           
00001afd  SysCtlClockGet                    
00001bc1  disk_write                        
00001c79  __aeabi_memcpy                    
00001c79  __aeabi_memcpy4                   
00001c79  __aeabi_memcpy8                   
00001c79  memcpy                            
00001dad  icm20948_accel_read               
00001e3f  icm20948_gyro_read                
00001ed1  disk_read                         
00001f61  timer5_init                       
00001fed  SW_int_init                       
000020e5  __aeabi_memclr                    
000020e5  __aeabi_memclr4                   
000020e5  __aeabi_memclr8                   
000020e7  __aeabi_memset                    
000020e7  __aeabi_memset4                   
000020e7  __aeabi_memset8                   
000020ed  memset                            
0000215f  _nop                              
00002161  icm20948_wakeup                   
0000224d  ConfigureUART                     
0000232d  __TI_decompress_lzss              
000024c1  IntEnable                         
00002521  UARTStdioConfig                   
000025e1  icm20948_accel_full_scale_select  
0000263d  icm20948_gyro_full_scale_select   
00002699  icm20948_gyro_low_pass_filter     
00002749  icm20948_spi_slave_enable         
0000279f  __aeabi_idiv0                     
0000279f  __aeabi_ldiv0                     
000027a1  GPIOPortFHandler                  
0000289d  icm20948_clock_source             
000028f1  icm20948_device_reset             
00002941  GPIOPinConfigure                  
00002989  ICM_SPI_Read                      
000029d1  UARTwrite                         
00002a61  icm20948_accel_read_g             
00002aa9  icm20948_odr_align_enable         
00002b39  icm20948_init                     
00002b81  ICM_SPI_Write                     
00002bc5  __TI_auto_init_nobinit_nopinit    
00002c09  __aeabi_uidiv                     
00002c09  __aeabi_uidivmod                  
00002cc1  icm20948_gyro_read_dps            
00002cf9  IntRegister                       
00002d2d  _c_int00_noargs                   
00002dc1  f_mount                           
00002e65  SPIDataRead                       
00002e85  disk_timerproc                    
00002ec5  icm20948_accel_sample_rate_divider
00002f39  SPIDataWrite                      
00002f55  SysTickIntRegister                
00002fc5  UARTprintf                        
00002fdf  icm20948_accel_low_pass_filter    
00002ff9  GPIOIntRegister                   
00003011  SysTickHandler                    
00003029  clust2sect                        
0000306b  write_single_icm20948_reg         
0000307f  SSIDataGetNonBlocking             
000030a5  disk_status                       
000030b5  read_single_icm20948_reg          
000030d5  __TI_decompress_none              
000030e3  GPIOIntEnable                     
000030ef  __TI_zero_init                    
00003115  icm20948_gyro_sample_rate_divider 
00003121  get_fattime                       
00003129  icm20948_who_am_i                 
00003131  malloc                            
00003141  GPIOIntClear                      
00003147  ResetISR                          
0000314d  SysCtlDelay                       
00003153  UARTClockSourceSet                
00003159  _system_pre_init                  
0000315d  C$$EXIT                           
0000315d  abort                             
000033a8  __TI_Handler_Table_Base           
000033b4  __TI_Handler_Table_Limit          
000033c8  __TI_CINIT_Base                   
000033e0  __TI_CINIT_Limit                  
20000000  __start___llvm_prf_cnts           
20000000  __stop___llvm_prf_cnts            
20000000  g_pfnRAMVectors                   
2000026c  fatfs                             
200004a0  fil                               
200006c4  accel_axises                      
200006d0  gyro_axises                       
200006f4  bufferA                           
200006fb  rc                                
20000700  __stack                           
20000800  GPIOPinStatus                     
20000800  __STACK_END                       
20000804  stop                              
20000808  buffer_size                       
2000080c  _lock                             
20000810  _unlock                           
20000828  _sys_memory                       
20000900  __STACK_TOP                       
ffffffff  __TI_pprof_out_hndl               
ffffffff  __TI_prof_data_size               
ffffffff  __TI_prof_data_start              
ffffffff  __binit__                         
ffffffff  __c_args__                        
ffffffff  binit                             
UNDEFED   __mpu_init                        
UNDEFED   _system_post_cinit                

[122 symbols]
